[2023-09-05T23:21:16.368+0530][gc,heap] Heap region size: 1M
[2023-09-05T23:21:16.377+0530][gc     ] Using G1
[2023-09-05T23:21:16.377+0530][gc,heap,coops] Heap address: 0x00000000c0000000, size: 1024 MB, Compressed Oops mode: 32-bit
[2023-09-05T23:21:17.990+0530][gc,start     ] GC(0) Pause Young (Normal) (G1 Evacuation Pause)
[2023-09-05T23:21:17.990+0530][gc,task      ] GC(0) Using 1 workers of 1 for evacuation
[2023-09-05T23:21:18.003+0530][gc,phases    ] GC(0)   Pre Evacuate Collection Set: 0.0ms
[2023-09-05T23:21:18.003+0530][gc,phases    ] GC(0)   Evacuate Collection Set: 12.8ms
[2023-09-05T23:21:18.003+0530][gc,phases    ] GC(0)   Post Evacuate Collection Set: 0.3ms
[2023-09-05T23:21:18.003+0530][gc,phases    ] GC(0)   Other: 0.1ms
[2023-09-05T23:21:18.003+0530][gc,heap      ] GC(0) Eden regions: 51->0(44)
[2023-09-05T23:21:18.003+0530][gc,heap      ] GC(0) Survivor regions: 0->7(7)
[2023-09-05T23:21:18.003+0530][gc,heap      ] GC(0) Old regions: 0->1
[2023-09-05T23:21:18.003+0530][gc,heap      ] GC(0) Humongous regions: 0->0
[2023-09-05T23:21:18.003+0530][gc,metaspace ] GC(0) Metaspace: 14232K(15104K)->14232K(15104K) NonClass: 12466K(13056K)->12466K(13056K) Class: 1765K(2048K)->1765K(2048K)
[2023-09-05T23:21:18.003+0530][gc           ] GC(0) Pause Young (Normal) (G1 Evacuation Pause) 51M->7M(1024M) 13.330ms
[2023-09-05T23:21:18.003+0530][gc,cpu       ] GC(0) User=0.01s Sys=0.00s Real=0.01s
[2023-09-05T23:21:18.796+0530][gc,start     ] GC(1) Pause Young (Concurrent Start) (Metadata GC Threshold)
[2023-09-05T23:21:18.797+0530][gc,task      ] GC(1) Using 1 workers of 1 for evacuation
[2023-09-05T23:21:18.820+0530][gc,mmu       ] GC(1) MMU target violated: 21.0ms (20.0ms/21.0ms)
[2023-09-05T23:21:18.820+0530][gc,phases    ] GC(1)   Pre Evacuate Collection Set: 0.1ms
[2023-09-05T23:21:18.820+0530][gc,phases    ] GC(1)   Evacuate Collection Set: 23.3ms
[2023-09-05T23:21:18.820+0530][gc,phases    ] GC(1)   Post Evacuate Collection Set: 0.3ms
[2023-09-05T23:21:18.820+0530][gc,phases    ] GC(1)   Other: 0.3ms
[2023-09-05T23:21:18.820+0530][gc,heap      ] GC(1) Eden regions: 32->0(49)
[2023-09-05T23:21:18.820+0530][gc,heap      ] GC(1) Survivor regions: 7->2(7)
[2023-09-05T23:21:18.820+0530][gc,heap      ] GC(1) Old regions: 1->7
[2023-09-05T23:21:18.820+0530][gc,heap      ] GC(1) Humongous regions: 0->0
[2023-09-05T23:21:18.820+0530][gc,metaspace ] GC(1) Metaspace: 20377K(21248K)->20377K(21248K) NonClass: 18142K(18688K)->18142K(18688K) Class: 2235K(2560K)->2235K(2560K)
[2023-09-05T23:21:18.821+0530][gc           ] GC(1) Pause Young (Concurrent Start) (Metadata GC Threshold) 39M->8M(1024M) 24.065ms
[2023-09-05T23:21:18.821+0530][gc,cpu       ] GC(1) User=0.03s Sys=0.00s Real=0.02s
[2023-09-05T23:21:18.821+0530][gc           ] GC(2) Concurrent Cycle
[2023-09-05T23:21:18.821+0530][gc,marking   ] GC(2) Concurrent Clear Claimed Marks
[2023-09-05T23:21:18.821+0530][gc,marking   ] GC(2) Concurrent Clear Claimed Marks 0.044ms
[2023-09-05T23:21:18.821+0530][gc,marking   ] GC(2) Concurrent Scan Root Regions
[2023-09-05T23:21:18.824+0530][gc,marking   ] GC(2) Concurrent Scan Root Regions 2.928ms
[2023-09-05T23:21:18.824+0530][gc,marking   ] GC(2) Concurrent Mark (2.458s)
[2023-09-05T23:21:18.824+0530][gc,marking   ] GC(2) Concurrent Mark From Roots
[2023-09-05T23:21:18.824+0530][gc,task      ] GC(2) Using 1 workers of 1 for marking
[2023-09-05T23:21:18.840+0530][gc,marking   ] GC(2) Concurrent Mark From Roots 16.318ms
[2023-09-05T23:21:18.840+0530][gc,marking   ] GC(2) Concurrent Preclean
[2023-09-05T23:21:18.840+0530][gc,marking   ] GC(2) Concurrent Preclean 0.117ms
[2023-09-05T23:21:18.840+0530][gc,marking   ] GC(2) Concurrent Mark (2.458s, 2.475s) 16.509ms
[2023-09-05T23:21:18.846+0530][gc,start     ] GC(2) Pause Remark
[2023-09-05T23:21:18.851+0530][gc,stringtable] GC(2) Cleaned string and symbol table, strings: 9533 processed, 0 removed, symbols: 46659 processed, 37 removed
[2023-09-05T23:21:18.851+0530][gc            ] GC(2) Pause Remark 8M->8M(1024M) 4.977ms
[2023-09-05T23:21:18.851+0530][gc,cpu        ] GC(2) User=0.00s Sys=0.00s Real=0.01s
[2023-09-05T23:21:18.851+0530][gc,marking    ] GC(2) Concurrent Rebuild Remembered Sets
[2023-09-05T23:21:18.865+0530][gc,marking    ] GC(2) Concurrent Rebuild Remembered Sets 14.000ms
[2023-09-05T23:21:18.868+0530][gc,start      ] GC(2) Pause Cleanup
[2023-09-05T23:21:18.868+0530][gc            ] GC(2) Pause Cleanup 8M->8M(1024M) 0.376ms
[2023-09-05T23:21:18.869+0530][gc,cpu        ] GC(2) User=0.01s Sys=0.00s Real=0.00s
[2023-09-05T23:21:18.869+0530][gc,marking    ] GC(2) Concurrent Cleanup for Next Mark
[2023-09-05T23:21:18.921+0530][gc,marking    ] GC(2) Concurrent Cleanup for Next Mark 52.884ms
[2023-09-05T23:21:18.921+0530][gc            ] GC(2) Concurrent Cycle 100.879ms
[2023-09-05T23:21:23.286+0530][gc,start      ] GC(3) Pause Young (Normal) (G1 Evacuation Pause)
[2023-09-05T23:21:23.286+0530][gc,task       ] GC(3) Using 1 workers of 1 for evacuation
[2023-09-05T23:21:23.297+0530][gc,phases     ] GC(3)   Pre Evacuate Collection Set: 0.0ms
[2023-09-05T23:21:23.297+0530][gc,phases     ] GC(3)   Evacuate Collection Set: 10.1ms
[2023-09-05T23:21:23.297+0530][gc,phases     ] GC(3)   Post Evacuate Collection Set: 0.3ms
[2023-09-05T23:21:23.297+0530][gc,phases     ] GC(3)   Other: 0.1ms
[2023-09-05T23:21:23.297+0530][gc,heap       ] GC(3) Eden regions: 49->0(47)
[2023-09-05T23:21:23.297+0530][gc,heap       ] GC(3) Survivor regions: 2->4(7)
[2023-09-05T23:21:23.297+0530][gc,heap       ] GC(3) Old regions: 7->7
[2023-09-05T23:21:23.297+0530][gc,heap       ] GC(3) Humongous regions: 9->9
[2023-09-05T23:21:23.297+0530][gc,metaspace  ] GC(3) Metaspace: 29321K(30464K)->29321K(30464K) NonClass: 25958K(26624K)->25958K(26624K) Class: 3363K(3840K)->3363K(3840K)
[2023-09-05T23:21:23.297+0530][gc            ] GC(3) Pause Young (Normal) (G1 Evacuation Pause) 66M->19M(1024M) 10.665ms
[2023-09-05T23:21:23.297+0530][gc,cpu        ] GC(3) User=0.01s Sys=0.00s Real=0.01s
[2023-09-05T23:21:24.367+0530][gc,start      ] GC(4) Pause Young (Concurrent Start) (Metadata GC Threshold)
[2023-09-05T23:21:24.367+0530][gc,task       ] GC(4) Using 1 workers of 1 for evacuation
[2023-09-05T23:21:24.389+0530][gc,mmu        ] GC(4) MMU target violated: 21.0ms (20.0ms/21.0ms)
[2023-09-05T23:21:24.389+0530][gc,phases     ] GC(4)   Pre Evacuate Collection Set: 0.1ms
[2023-09-05T23:21:24.389+0530][gc,phases     ] GC(4)   Evacuate Collection Set: 21.2ms
[2023-09-05T23:21:24.389+0530][gc,phases     ] GC(4)   Post Evacuate Collection Set: 0.3ms
[2023-09-05T23:21:24.389+0530][gc,phases     ] GC(4)   Other: 0.2ms
[2023-09-05T23:21:24.389+0530][gc,heap       ] GC(4) Eden regions: 37->0(44)
[2023-09-05T23:21:24.389+0530][gc,heap       ] GC(4) Survivor regions: 4->7(7)
[2023-09-05T23:21:24.389+0530][gc,heap       ] GC(4) Old regions: 7->7
[2023-09-05T23:21:24.389+0530][gc,heap       ] GC(4) Humongous regions: 9->9
[2023-09-05T23:21:24.389+0530][gc,metaspace  ] GC(4) Metaspace: 34548K(35840K)->34548K(35840K) NonClass: 30647K(31360K)->30647K(31360K) Class: 3900K(4480K)->3900K(4480K)
[2023-09-05T23:21:24.389+0530][gc            ] GC(4) Pause Young (Concurrent Start) (Metadata GC Threshold) 55M->22M(1024M) 21.773ms
[2023-09-05T23:21:24.389+0530][gc,cpu        ] GC(4) User=0.02s Sys=0.00s Real=0.02s
[2023-09-05T23:21:24.389+0530][gc            ] GC(5) Concurrent Cycle
[2023-09-05T23:21:24.389+0530][gc,marking    ] GC(5) Concurrent Clear Claimed Marks
[2023-09-05T23:21:24.389+0530][gc,marking    ] GC(5) Concurrent Clear Claimed Marks 0.083ms
[2023-09-05T23:21:24.389+0530][gc,marking    ] GC(5) Concurrent Scan Root Regions
[2023-09-05T23:21:24.401+0530][gc,marking    ] GC(5) Concurrent Scan Root Regions 11.628ms
[2023-09-05T23:21:24.401+0530][gc,marking    ] GC(5) Concurrent Mark (8.036s)
[2023-09-05T23:21:24.401+0530][gc,marking    ] GC(5) Concurrent Mark From Roots
[2023-09-05T23:21:24.401+0530][gc,task       ] GC(5) Using 1 workers of 1 for marking
[2023-09-05T23:21:24.444+0530][gc,marking    ] GC(5) Concurrent Mark From Roots 43.156ms
[2023-09-05T23:21:24.444+0530][gc,marking    ] GC(5) Concurrent Preclean
[2023-09-05T23:21:24.444+0530][gc,marking    ] GC(5) Concurrent Preclean 0.097ms
[2023-09-05T23:21:24.444+0530][gc,marking    ] GC(5) Concurrent Mark (8.036s, 8.079s) 43.317ms
[2023-09-05T23:21:24.444+0530][gc,start      ] GC(5) Pause Remark
[2023-09-05T23:21:24.450+0530][gc,stringtable] GC(5) Cleaned string and symbol table, strings: 13108 processed, 13 removed, symbols: 85948 processed, 24 removed
[2023-09-05T23:21:24.450+0530][gc            ] GC(5) Pause Remark 25M->25M(1024M) 5.554ms
[2023-09-05T23:21:24.450+0530][gc,cpu        ] GC(5) User=0.00s Sys=0.01s Real=0.01s
[2023-09-05T23:21:24.450+0530][gc,marking    ] GC(5) Concurrent Rebuild Remembered Sets
[2023-09-05T23:21:24.548+0530][gc,marking    ] GC(5) Concurrent Rebuild Remembered Sets 98.372ms
[2023-09-05T23:21:24.548+0530][gc,start      ] GC(5) Pause Cleanup
[2023-09-05T23:21:24.549+0530][gc            ] GC(5) Pause Cleanup 155M->155M(1024M) 0.141ms
[2023-09-05T23:21:24.549+0530][gc,cpu        ] GC(5) User=0.00s Sys=0.00s Real=0.00s
[2023-09-05T23:21:24.549+0530][gc,marking    ] GC(5) Concurrent Cleanup for Next Mark
[2023-09-05T23:21:24.568+0530][gc,marking    ] GC(5) Concurrent Cleanup for Next Mark 18.997ms
[2023-09-05T23:21:24.568+0530][gc            ] GC(5) Concurrent Cycle 178.549ms
[2023-09-05T23:33:33.640+0530][gc,start      ] GC(6) Pause Young (Normal) (G1 Evacuation Pause)
[2023-09-05T23:33:33.640+0530][gc,task       ] GC(6) Using 1 workers of 1 for evacuation
[2023-09-05T23:33:33.714+0530][gc,mmu        ] GC(6) MMU target violated: 21.0ms (20.0ms/21.0ms)
[2023-09-05T23:33:33.714+0530][gc,phases     ] GC(6)   Pre Evacuate Collection Set: 0.1ms
[2023-09-05T23:33:33.714+0530][gc,phases     ] GC(6)   Evacuate Collection Set: 72.9ms
[2023-09-05T23:33:33.714+0530][gc,phases     ] GC(6)   Post Evacuate Collection Set: 0.7ms
[2023-09-05T23:33:33.714+0530][gc,phases     ] GC(6)   Other: 0.6ms
[2023-09-05T23:33:33.714+0530][gc,heap       ] GC(6) Eden regions: 44->0(46)
[2023-09-05T23:33:33.714+0530][gc,heap       ] GC(6) Survivor regions: 7->5(7)
[2023-09-05T23:33:33.714+0530][gc,heap       ] GC(6) Old regions: 7->11
[2023-09-05T23:33:33.714+0530][gc,heap       ] GC(6) Humongous regions: 138->138
[2023-09-05T23:33:33.714+0530][gc,metaspace  ] GC(6) Metaspace: 37450K(39244K)->37450K(39244K) NonClass: 33285K(34304K)->33285K(34304K) Class: 4164K(4940K)->4164K(4940K)
[2023-09-05T23:33:33.714+0530][gc            ] GC(6) Pause Young (Normal) (G1 Evacuation Pause) 195M->152M(1024M) 74.326ms
[2023-09-05T23:33:33.714+0530][gc,cpu        ] GC(6) User=0.07s Sys=0.00s Real=0.08s
[2023-09-05T23:51:08.055+0530][gc,start      ] GC(7) Pause Young (Normal) (G1 Evacuation Pause)
[2023-09-05T23:51:08.055+0530][gc,task       ] GC(7) Using 1 workers of 1 for evacuation
[2023-09-05T23:51:08.101+0530][gc,mmu        ] GC(7) MMU target violated: 21.0ms (20.0ms/21.0ms)
[2023-09-05T23:51:08.102+0530][gc,phases     ] GC(7)   Pre Evacuate Collection Set: 0.0ms
[2023-09-05T23:51:08.102+0530][gc,phases     ] GC(7)   Evacuate Collection Set: 46.3ms
[2023-09-05T23:51:08.102+0530][gc,phases     ] GC(7)   Post Evacuate Collection Set: 0.4ms
[2023-09-05T23:51:08.102+0530][gc,phases     ] GC(7)   Other: 0.3ms
[2023-09-05T23:51:08.102+0530][gc,heap       ] GC(7) Eden regions: 46->0(49)
[2023-09-05T23:51:08.102+0530][gc,heap       ] GC(7) Survivor regions: 5->2(7)
[2023-09-05T23:51:08.102+0530][gc,heap       ] GC(7) Old regions: 11->13
[2023-09-05T23:51:08.102+0530][gc,heap       ] GC(7) Humongous regions: 138->138
[2023-09-05T23:51:08.102+0530][gc,metaspace  ] GC(7) Metaspace: 37768K(39500K)->37768K(39500K) NonClass: 33603K(34560K)->33603K(34560K) Class: 4164K(4940K)->4164K(4940K)
[2023-09-05T23:51:08.102+0530][gc            ] GC(7) Pause Young (Normal) (G1 Evacuation Pause) 198M->152M(1024M) 47.166ms
[2023-09-05T23:51:08.102+0530][gc,cpu        ] GC(7) User=0.02s Sys=0.00s Real=0.04s
[2023-09-06T00:02:50.803+0530][gc,start      ] GC(8) Pause Young (Normal) (G1 Evacuation Pause)
[2023-09-06T00:02:50.803+0530][gc,task       ] GC(8) Using 1 workers of 1 for evacuation
[2023-09-06T00:02:50.812+0530][gc,phases     ] GC(8)   Pre Evacuate Collection Set: 0.0ms
[2023-09-06T00:02:50.812+0530][gc,phases     ] GC(8)   Evacuate Collection Set: 8.9ms
[2023-09-06T00:02:50.812+0530][gc,phases     ] GC(8)   Post Evacuate Collection Set: 0.2ms
[2023-09-06T00:02:50.813+0530][gc,phases     ] GC(8)   Other: 0.2ms
[2023-09-06T00:02:50.813+0530][gc,heap       ] GC(8) Eden regions: 49->0(48)
[2023-09-06T00:02:50.813+0530][gc,heap       ] GC(8) Survivor regions: 2->3(7)
[2023-09-06T00:02:50.813+0530][gc,heap       ] GC(8) Old regions: 13->13
[2023-09-06T00:02:50.813+0530][gc,heap       ] GC(8) Humongous regions: 138->138
[2023-09-06T00:02:50.813+0530][gc,metaspace  ] GC(8) Metaspace: 39417K(41420K)->39417K(41420K) NonClass: 34935K(36096K)->34935K(36096K) Class: 4481K(5324K)->4481K(5324K)
[2023-09-06T00:02:50.813+0530][gc            ] GC(8) Pause Young (Normal) (G1 Evacuation Pause) 201M->153M(1024M) 9.419ms
[2023-09-06T00:02:50.813+0530][gc,cpu        ] GC(8) User=0.01s Sys=0.00s Real=0.01s
[2023-09-06T00:08:23.656+0530][gc,start      ] GC(9) Pause Young (Normal) (G1 Evacuation Pause)
[2023-09-06T00:08:23.656+0530][gc,task       ] GC(9) Using 1 workers of 1 for evacuation
[2023-09-06T00:08:23.670+0530][gc,phases     ] GC(9)   Pre Evacuate Collection Set: 0.0ms
[2023-09-06T00:08:23.670+0530][gc,phases     ] GC(9)   Evacuate Collection Set: 13.3ms
[2023-09-06T00:08:23.670+0530][gc,phases     ] GC(9)   Post Evacuate Collection Set: 0.4ms
[2023-09-06T00:08:23.670+0530][gc,phases     ] GC(9)   Other: 0.2ms
[2023-09-06T00:08:23.670+0530][gc,heap       ] GC(9) Eden regions: 48->0(45)
[2023-09-06T00:08:23.670+0530][gc,heap       ] GC(9) Survivor regions: 3->6(7)
[2023-09-06T00:08:23.670+0530][gc,heap       ] GC(9) Old regions: 13->13
[2023-09-06T00:08:23.670+0530][gc,heap       ] GC(9) Humongous regions: 138->138
[2023-09-06T00:08:23.670+0530][gc,metaspace  ] GC(9) Metaspace: 41770K(44108K)->41770K(44108K) NonClass: 36871K(38144K)->36871K(38144K) Class: 4898K(5964K)->4898K(5964K)
[2023-09-06T00:08:23.670+0530][gc            ] GC(9) Pause Young (Normal) (G1 Evacuation Pause) 201M->156M(1024M) 13.915ms
[2023-09-06T00:08:23.670+0530][gc,cpu        ] GC(9) User=0.01s Sys=0.00s Real=0.02s
[2023-09-06T00:15:18.117+0530][gc,heap,exit  ] Heap
[2023-09-06T00:15:18.118+0530][gc,heap,exit  ]  garbage-first heap   total 1048576K, used 212361K [0x00000000c0000000, 0x0000000100000000)
[2023-09-06T00:15:18.118+0530][gc,heap,exit  ]   region size 1024K, 50 young (51200K), 6 survivors (6144K)
[2023-09-06T00:15:18.118+0530][gc,heap,exit  ]  Metaspace       used 43173K, capacity 45663K, committed 45900K, reserved 1089536K
[2023-09-06T00:15:18.118+0530][gc,heap,exit  ]   class space    used 5225K, capacity 6378K, committed 6476K, reserved 1048576K
