[2023-09-01T21:50:47.573+0530][gc,heap] Heap region size: 1M
[2023-09-01T21:50:47.594+0530][gc     ] Using G1
[2023-09-01T21:50:47.594+0530][gc,heap,coops] Heap address: 0x00000000c0000000, size: 1024 MB, Compressed Oops mode: 32-bit
[2023-09-01T21:50:50.541+0530][gc,start     ] GC(0) Pause Young (Normal) (G1 Evacuation Pause)
[2023-09-01T21:50:50.541+0530][gc,task      ] GC(0) Using 1 workers of 1 for evacuation
[2023-09-01T21:50:50.566+0530][gc,mmu       ] GC(0) MMU target violated: 21.0ms (20.0ms/21.0ms)
[2023-09-01T21:50:50.566+0530][gc,phases    ] GC(0)   Pre Evacuate Collection Set: 0.0ms
[2023-09-01T21:50:50.566+0530][gc,phases    ] GC(0)   Evacuate Collection Set: 24.8ms
[2023-09-01T21:50:50.566+0530][gc,phases    ] GC(0)   Post Evacuate Collection Set: 0.6ms
[2023-09-01T21:50:50.566+0530][gc,phases    ] GC(0)   Other: 0.3ms
[2023-09-01T21:50:50.566+0530][gc,heap      ] GC(0) Eden regions: 51->0(44)
[2023-09-01T21:50:50.566+0530][gc,heap      ] GC(0) Survivor regions: 0->7(7)
[2023-09-01T21:50:50.566+0530][gc,heap      ] GC(0) Old regions: 0->1
[2023-09-01T21:50:50.566+0530][gc,heap      ] GC(0) Humongous regions: 0->0
[2023-09-01T21:50:50.566+0530][gc,metaspace ] GC(0) Metaspace: 14213K(14848K)->14213K(14848K) NonClass: 12447K(12800K)->12447K(12800K) Class: 1765K(2048K)->1765K(2048K)
[2023-09-01T21:50:50.566+0530][gc           ] GC(0) Pause Young (Normal) (G1 Evacuation Pause) 51M->7M(1024M) 25.752ms
[2023-09-01T21:50:50.566+0530][gc,cpu       ] GC(0) User=0.02s Sys=0.00s Real=0.03s
[2023-09-01T21:50:51.755+0530][gc,start     ] GC(1) Pause Young (Concurrent Start) (Metadata GC Threshold)
[2023-09-01T21:50:51.755+0530][gc,task      ] GC(1) Using 1 workers of 1 for evacuation
[2023-09-01T21:50:51.807+0530][gc,mmu       ] GC(1) MMU target violated: 21.0ms (20.0ms/21.0ms)
[2023-09-01T21:50:51.807+0530][gc,phases    ] GC(1)   Pre Evacuate Collection Set: 0.1ms
[2023-09-01T21:50:51.807+0530][gc,phases    ] GC(1)   Evacuate Collection Set: 51.3ms
[2023-09-01T21:50:51.807+0530][gc,phases    ] GC(1)   Post Evacuate Collection Set: 0.4ms
[2023-09-01T21:50:51.807+0530][gc,phases    ] GC(1)   Other: 0.6ms
[2023-09-01T21:50:51.807+0530][gc,heap      ] GC(1) Eden regions: 32->0(49)
[2023-09-01T21:50:51.807+0530][gc,heap      ] GC(1) Survivor regions: 7->2(7)
[2023-09-01T21:50:51.807+0530][gc,heap      ] GC(1) Old regions: 1->8
[2023-09-01T21:50:51.807+0530][gc,heap      ] GC(1) Humongous regions: 0->0
[2023-09-01T21:50:51.807+0530][gc,metaspace ] GC(1) Metaspace: 20438K(21248K)->20438K(21248K) NonClass: 18191K(18688K)->18191K(18688K) Class: 2246K(2560K)->2246K(2560K)
[2023-09-01T21:50:51.807+0530][gc           ] GC(1) Pause Young (Concurrent Start) (Metadata GC Threshold) 39M->8M(1024M) 52.535ms
[2023-09-01T21:50:51.807+0530][gc,cpu       ] GC(1) User=0.04s Sys=0.01s Real=0.05s
[2023-09-01T21:50:51.807+0530][gc           ] GC(2) Concurrent Cycle
[2023-09-01T21:50:51.808+0530][gc,marking   ] GC(2) Concurrent Clear Claimed Marks
[2023-09-01T21:50:51.808+0530][gc,marking   ] GC(2) Concurrent Clear Claimed Marks 0.061ms
[2023-09-01T21:50:51.808+0530][gc,marking   ] GC(2) Concurrent Scan Root Regions
[2023-09-01T21:50:51.809+0530][gc,marking   ] GC(2) Concurrent Scan Root Regions 1.815ms
[2023-09-01T21:50:51.809+0530][gc,marking   ] GC(2) Concurrent Mark (4.242s)
[2023-09-01T21:50:51.809+0530][gc,marking   ] GC(2) Concurrent Mark From Roots
[2023-09-01T21:50:51.809+0530][gc,task      ] GC(2) Using 1 workers of 1 for marking
[2023-09-01T21:50:51.856+0530][gc,marking   ] GC(2) Concurrent Mark From Roots 47.035ms
[2023-09-01T21:50:51.857+0530][gc,marking   ] GC(2) Concurrent Preclean
[2023-09-01T21:50:51.857+0530][gc,marking   ] GC(2) Concurrent Preclean 0.110ms
[2023-09-01T21:50:51.857+0530][gc,marking   ] GC(2) Concurrent Mark (4.242s, 4.289s) 47.226ms
[2023-09-01T21:50:51.859+0530][gc,start     ] GC(2) Pause Remark
[2023-09-01T21:50:51.864+0530][gc,stringtable] GC(2) Cleaned string and symbol table, strings: 9566 processed, 0 removed, symbols: 47132 processed, 36 removed
[2023-09-01T21:50:51.865+0530][gc            ] GC(2) Pause Remark 9M->9M(1024M) 5.737ms
[2023-09-01T21:50:51.865+0530][gc,cpu        ] GC(2) User=0.01s Sys=0.00s Real=0.01s
[2023-09-01T21:50:51.865+0530][gc,marking    ] GC(2) Concurrent Rebuild Remembered Sets
[2023-09-01T21:50:51.879+0530][gc,marking    ] GC(2) Concurrent Rebuild Remembered Sets 14.059ms
[2023-09-01T21:50:51.879+0530][gc,start      ] GC(2) Pause Cleanup
[2023-09-01T21:50:51.879+0530][gc            ] GC(2) Pause Cleanup 10M->10M(1024M) 0.253ms
[2023-09-01T21:50:51.879+0530][gc,cpu        ] GC(2) User=0.00s Sys=0.00s Real=0.00s
[2023-09-01T21:50:51.879+0530][gc,marking    ] GC(2) Concurrent Cleanup for Next Mark
[2023-09-01T21:50:51.922+0530][gc,marking    ] GC(2) Concurrent Cleanup for Next Mark 42.758ms
[2023-09-01T21:50:51.922+0530][gc            ] GC(2) Concurrent Cycle 114.500ms
[2023-09-01T21:50:55.329+0530][gc,start      ] GC(3) Pause Young (Normal) (GCLocker Initiated GC)
[2023-09-01T21:50:55.330+0530][gc,task       ] GC(3) Using 1 workers of 1 for evacuation
[2023-09-01T21:50:55.367+0530][gc,mmu        ] GC(3) MMU target violated: 21.0ms (20.0ms/21.0ms)
[2023-09-01T21:50:55.367+0530][gc,phases     ] GC(3)   Pre Evacuate Collection Set: 0.0ms
[2023-09-01T21:50:55.367+0530][gc,phases     ] GC(3)   Evacuate Collection Set: 36.2ms
[2023-09-01T21:50:55.367+0530][gc,phases     ] GC(3)   Post Evacuate Collection Set: 0.7ms
[2023-09-01T21:50:55.367+0530][gc,phases     ] GC(3)   Other: 0.5ms
[2023-09-01T21:50:55.367+0530][gc,heap       ] GC(3) Eden regions: 49->0(47)
[2023-09-01T21:50:55.367+0530][gc,heap       ] GC(3) Survivor regions: 2->4(7)
[2023-09-01T21:50:55.367+0530][gc,heap       ] GC(3) Old regions: 8->8
[2023-09-01T21:50:55.367+0530][gc,heap       ] GC(3) Humongous regions: 9->9
[2023-09-01T21:50:55.367+0530][gc,metaspace  ] GC(3) Metaspace: 29204K(30464K)->29204K(30464K) NonClass: 25840K(26624K)->25840K(26624K) Class: 3364K(3840K)->3364K(3840K)
[2023-09-01T21:50:55.367+0530][gc            ] GC(3) Pause Young (Normal) (GCLocker Initiated GC) 66M->19M(1024M) 37.754ms
[2023-09-01T21:50:55.367+0530][gc,cpu        ] GC(3) User=0.03s Sys=0.00s Real=0.04s
[2023-09-01T21:50:57.209+0530][gc,start      ] GC(4) Pause Young (Concurrent Start) (Metadata GC Threshold)
[2023-09-01T21:50:57.209+0530][gc,task       ] GC(4) Using 1 workers of 1 for evacuation
[2023-09-01T21:50:57.238+0530][gc,mmu        ] GC(4) MMU target violated: 21.0ms (20.0ms/21.0ms)
[2023-09-01T21:50:57.238+0530][gc,phases     ] GC(4)   Pre Evacuate Collection Set: 0.1ms
[2023-09-01T21:50:57.238+0530][gc,phases     ] GC(4)   Evacuate Collection Set: 27.6ms
[2023-09-01T21:50:57.238+0530][gc,phases     ] GC(4)   Post Evacuate Collection Set: 0.4ms
[2023-09-01T21:50:57.238+0530][gc,phases     ] GC(4)   Other: 0.4ms
[2023-09-01T21:50:57.238+0530][gc,heap       ] GC(4) Eden regions: 38->0(44)
[2023-09-01T21:50:57.238+0530][gc,heap       ] GC(4) Survivor regions: 4->7(7)
[2023-09-01T21:50:57.238+0530][gc,heap       ] GC(4) Old regions: 8->8
[2023-09-01T21:50:57.238+0530][gc,heap       ] GC(4) Humongous regions: 9->9
[2023-09-01T21:50:57.238+0530][gc,metaspace  ] GC(4) Metaspace: 34561K(35840K)->34561K(35840K) NonClass: 30663K(31360K)->30663K(31360K) Class: 3898K(4480K)->3898K(4480K)
[2023-09-01T21:50:57.238+0530][gc            ] GC(4) Pause Young (Concurrent Start) (Metadata GC Threshold) 56M->22M(1024M) 28.608ms
[2023-09-01T21:50:57.238+0530][gc,cpu        ] GC(4) User=0.03s Sys=0.00s Real=0.03s
[2023-09-01T21:50:57.238+0530][gc            ] GC(5) Concurrent Cycle
[2023-09-01T21:50:57.238+0530][gc,marking    ] GC(5) Concurrent Clear Claimed Marks
[2023-09-01T21:50:57.238+0530][gc,marking    ] GC(5) Concurrent Clear Claimed Marks 0.122ms
[2023-09-01T21:50:57.238+0530][gc,marking    ] GC(5) Concurrent Scan Root Regions
[2023-09-01T21:50:57.263+0530][gc,marking    ] GC(5) Concurrent Scan Root Regions 25.259ms
[2023-09-01T21:50:57.263+0530][gc,marking    ] GC(5) Concurrent Mark (9.696s)
[2023-09-01T21:50:57.263+0530][gc,marking    ] GC(5) Concurrent Mark From Roots
[2023-09-01T21:50:57.263+0530][gc,task       ] GC(5) Using 1 workers of 1 for marking
[2023-09-01T21:50:57.296+0530][gc,marking    ] GC(5) Concurrent Mark From Roots 32.245ms
[2023-09-01T21:50:57.296+0530][gc,marking    ] GC(5) Concurrent Preclean
[2023-09-01T21:50:57.296+0530][gc,marking    ] GC(5) Concurrent Preclean 0.128ms
[2023-09-01T21:50:57.296+0530][gc,marking    ] GC(5) Concurrent Mark (9.696s, 9.728s) 32.468ms
[2023-09-01T21:50:57.296+0530][gc,start      ] GC(5) Pause Remark
[2023-09-01T21:50:57.306+0530][gc,stringtable] GC(5) Cleaned string and symbol table, strings: 13052 processed, 13 removed, symbols: 85550 processed, 24 removed
[2023-09-01T21:50:57.306+0530][gc            ] GC(5) Pause Remark 23M->23M(1024M) 10.046ms
[2023-09-01T21:50:57.306+0530][gc,cpu        ] GC(5) User=0.01s Sys=0.00s Real=0.01s
[2023-09-01T21:50:57.311+0530][gc,marking    ] GC(5) Concurrent Rebuild Remembered Sets
[2023-09-01T21:50:57.342+0530][gc,marking    ] GC(5) Concurrent Rebuild Remembered Sets 31.400ms
[2023-09-01T21:50:57.343+0530][gc,start      ] GC(5) Pause Cleanup
[2023-09-01T21:50:57.343+0530][gc            ] GC(5) Pause Cleanup 25M->25M(1024M) 0.223ms
[2023-09-01T21:50:57.343+0530][gc,cpu        ] GC(5) User=0.00s Sys=0.00s Real=0.00s
[2023-09-01T21:50:57.343+0530][gc,marking    ] GC(5) Concurrent Cleanup for Next Mark
[2023-09-01T21:50:57.560+0530][gc,marking    ] GC(5) Concurrent Cleanup for Next Mark 216.700ms
[2023-09-01T21:50:57.560+0530][gc            ] GC(5) Concurrent Cycle 322.076ms
[2023-09-01T22:00:27.691+0530][gc,start      ] GC(6) Pause Young (Normal) (G1 Evacuation Pause)
[2023-09-01T22:00:27.691+0530][gc,task       ] GC(6) Using 1 workers of 1 for evacuation
[2023-09-01T22:00:27.772+0530][gc,mmu        ] GC(6) MMU target violated: 21.0ms (20.0ms/21.0ms)
[2023-09-01T22:00:27.772+0530][gc,phases     ] GC(6)   Pre Evacuate Collection Set: 0.1ms
[2023-09-01T22:00:27.772+0530][gc,phases     ] GC(6)   Evacuate Collection Set: 79.7ms
[2023-09-01T22:00:27.772+0530][gc,phases     ] GC(6)   Post Evacuate Collection Set: 1.1ms
[2023-09-01T22:00:27.772+0530][gc,phases     ] GC(6)   Other: 0.8ms
[2023-09-01T22:00:27.772+0530][gc,heap       ] GC(6) Eden regions: 44->0(46)
[2023-09-01T22:00:27.772+0530][gc,heap       ] GC(6) Survivor regions: 7->5(7)
[2023-09-01T22:00:27.772+0530][gc,heap       ] GC(6) Old regions: 8->11
[2023-09-01T22:00:27.772+0530][gc,heap       ] GC(6) Humongous regions: 147->147
[2023-09-01T22:00:27.772+0530][gc,metaspace  ] GC(6) Metaspace: 38411K(40268K)->38411K(40268K) NonClass: 34019K(35072K)->34019K(35072K) Class: 4392K(5196K)->4392K(5196K)
[2023-09-01T22:00:27.772+0530][gc            ] GC(6) Pause Young (Normal) (G1 Evacuation Pause) 204M->162M(1024M) 81.800ms
[2023-09-01T22:00:27.772+0530][gc,cpu        ] GC(6) User=0.08s Sys=0.00s Real=0.09s
[2023-09-01T22:03:10.028+0530][gc,start      ] GC(7) Pause Young (Normal) (G1 Evacuation Pause)
[2023-09-01T22:03:10.028+0530][gc,task       ] GC(7) Using 1 workers of 1 for evacuation
[2023-09-01T22:03:10.095+0530][gc,mmu        ] GC(7) MMU target violated: 21.0ms (20.0ms/21.0ms)
[2023-09-01T22:03:10.095+0530][gc,phases     ] GC(7)   Pre Evacuate Collection Set: 0.1ms
[2023-09-01T22:03:10.095+0530][gc,phases     ] GC(7)   Evacuate Collection Set: 65.1ms
[2023-09-01T22:03:10.095+0530][gc,phases     ] GC(7)   Post Evacuate Collection Set: 1.0ms
[2023-09-01T22:03:10.095+0530][gc,phases     ] GC(7)   Other: 0.8ms
[2023-09-01T22:03:10.095+0530][gc,heap       ] GC(7) Eden regions: 46->0(47)
[2023-09-01T22:03:10.095+0530][gc,heap       ] GC(7) Survivor regions: 5->4(7)
[2023-09-01T22:03:10.095+0530][gc,heap       ] GC(7) Old regions: 11->14
[2023-09-01T22:03:10.095+0530][gc,heap       ] GC(7) Humongous regions: 147->147
[2023-09-01T22:03:10.095+0530][gc,metaspace  ] GC(7) Metaspace: 39980K(42060K)->39980K(42060K) NonClass: 35396K(36608K)->35396K(36608K) Class: 4583K(5452K)->4583K(5452K)
[2023-09-01T22:03:10.095+0530][gc            ] GC(7) Pause Young (Normal) (G1 Evacuation Pause) 208M->163M(1024M) 67.317ms
[2023-09-01T22:03:10.095+0530][gc,cpu        ] GC(7) User=0.06s Sys=0.00s Real=0.07s
[2023-09-01T22:07:45.656+0530][gc,start      ] GC(8) Pause Young (Normal) (G1 Evacuation Pause)
[2023-09-01T22:07:45.657+0530][gc,task       ] GC(8) Using 1 workers of 1 for evacuation
[2023-09-01T22:07:45.723+0530][gc,mmu        ] GC(8) MMU target violated: 21.0ms (20.0ms/21.0ms)
[2023-09-01T22:07:45.723+0530][gc,phases     ] GC(8)   Pre Evacuate Collection Set: 0.1ms
[2023-09-01T22:07:45.723+0530][gc,phases     ] GC(8)   Evacuate Collection Set: 64.5ms
[2023-09-01T22:07:45.723+0530][gc,phases     ] GC(8)   Post Evacuate Collection Set: 1.3ms
[2023-09-01T22:07:45.723+0530][gc,phases     ] GC(8)   Other: 0.7ms
[2023-09-01T22:07:45.723+0530][gc,heap       ] GC(8) Eden regions: 47->0(44)
[2023-09-01T22:07:45.723+0530][gc,heap       ] GC(8) Survivor regions: 4->7(7)
[2023-09-01T22:07:45.723+0530][gc,heap       ] GC(8) Old regions: 14->14
[2023-09-01T22:07:45.723+0530][gc,heap       ] GC(8) Humongous regions: 147->147
[2023-09-01T22:07:45.723+0530][gc,metaspace  ] GC(8) Metaspace: 42373K(45004K)->42373K(45004K) NonClass: 37388K(38912K)->37388K(38912K) Class: 4985K(6092K)->4985K(6092K)
[2023-09-01T22:07:45.723+0530][gc            ] GC(8) Pause Young (Normal) (G1 Evacuation Pause) 210M->166M(1024M) 66.997ms
[2023-09-01T22:07:45.723+0530][gc,cpu        ] GC(8) User=0.07s Sys=0.00s Real=0.07s
[2023-09-01T22:11:37.281+0530][gc,heap,exit  ] Heap
[2023-09-01T22:11:37.282+0530][gc,heap,exit  ]  garbage-first heap   total 1048576K, used 208868K [0x00000000c0000000, 0x0000000100000000)
[2023-09-01T22:11:37.282+0530][gc,heap,exit  ]   region size 1024K, 45 young (46080K), 7 survivors (7168K)
[2023-09-01T22:11:37.282+0530][gc,heap,exit  ]  Metaspace       used 43480K, capacity 46006K, committed 46156K, reserved 1089536K
[2023-09-01T22:11:37.282+0530][gc,heap,exit  ]   class space    used 5262K, capacity 6420K, committed 6476K, reserved 1048576K
