[2023-09-02T19:47:05.227+0530][gc,heap] Heap region size: 1M
[2023-09-02T19:47:05.248+0530][gc     ] Using G1
[2023-09-02T19:47:05.248+0530][gc,heap,coops] Heap address: 0x00000000c0000000, size: 1024 MB, Compressed Oops mode: 32-bit
[2023-09-02T19:47:08.695+0530][gc,start     ] GC(0) Pause Young (Normal) (G1 Evacuation Pause)
[2023-09-02T19:47:08.696+0530][gc,task      ] GC(0) Using 1 workers of 1 for evacuation
[2023-09-02T19:47:08.736+0530][gc,mmu       ] GC(0) MMU target violated: 21.0ms (20.0ms/21.0ms)
[2023-09-02T19:47:08.736+0530][gc,phases    ] GC(0)   Pre Evacuate Collection Set: 0.0ms
[2023-09-02T19:47:08.736+0530][gc,phases    ] GC(0)   Evacuate Collection Set: 39.8ms
[2023-09-02T19:47:08.736+0530][gc,phases    ] GC(0)   Post Evacuate Collection Set: 0.6ms
[2023-09-02T19:47:08.736+0530][gc,phases    ] GC(0)   Other: 0.4ms
[2023-09-02T19:47:08.736+0530][gc,heap      ] GC(0) Eden regions: 51->0(44)
[2023-09-02T19:47:08.736+0530][gc,heap      ] GC(0) Survivor regions: 0->7(7)
[2023-09-02T19:47:08.736+0530][gc,heap      ] GC(0) Old regions: 0->1
[2023-09-02T19:47:08.736+0530][gc,heap      ] GC(0) Humongous regions: 0->0
[2023-09-02T19:47:08.736+0530][gc,metaspace ] GC(0) Metaspace: 14227K(15104K)->14227K(15104K) NonClass: 12462K(13056K)->12462K(13056K) Class: 1764K(2048K)->1764K(2048K)
[2023-09-02T19:47:08.736+0530][gc           ] GC(0) Pause Young (Normal) (G1 Evacuation Pause) 51M->7M(1024M) 40.976ms
[2023-09-02T19:47:08.736+0530][gc,cpu       ] GC(0) User=0.04s Sys=0.00s Real=0.04s
[2023-09-02T19:47:10.417+0530][gc,start     ] GC(1) Pause Young (Concurrent Start) (Metadata GC Threshold)
[2023-09-02T19:47:10.420+0530][gc,task      ] GC(1) Using 1 workers of 1 for evacuation
[2023-09-02T19:47:10.456+0530][gc,mmu       ] GC(1) MMU target violated: 21.0ms (20.0ms/21.0ms)
[2023-09-02T19:47:10.456+0530][gc,phases    ] GC(1)   Pre Evacuate Collection Set: 0.2ms
[2023-09-02T19:47:10.456+0530][gc,phases    ] GC(1)   Evacuate Collection Set: 35.1ms
[2023-09-02T19:47:10.456+0530][gc,phases    ] GC(1)   Post Evacuate Collection Set: 0.3ms
[2023-09-02T19:47:10.456+0530][gc,phases    ] GC(1)   Other: 3.3ms
[2023-09-02T19:47:10.456+0530][gc,heap      ] GC(1) Eden regions: 32->0(49)
[2023-09-02T19:47:10.456+0530][gc,heap      ] GC(1) Survivor regions: 7->2(7)
[2023-09-02T19:47:10.456+0530][gc,heap      ] GC(1) Old regions: 1->7
[2023-09-02T19:47:10.456+0530][gc,heap      ] GC(1) Humongous regions: 0->0
[2023-09-02T19:47:10.456+0530][gc,metaspace ] GC(1) Metaspace: 20393K(21248K)->20393K(21248K) NonClass: 18157K(18688K)->18157K(18688K) Class: 2235K(2560K)->2235K(2560K)
[2023-09-02T19:47:10.456+0530][gc           ] GC(1) Pause Young (Concurrent Start) (Metadata GC Threshold) 39M->8M(1024M) 39.036ms
[2023-09-02T19:47:10.456+0530][gc,cpu       ] GC(1) User=0.02s Sys=0.02s Real=0.04s
[2023-09-02T19:47:10.456+0530][gc           ] GC(2) Concurrent Cycle
[2023-09-02T19:47:10.456+0530][gc,marking   ] GC(2) Concurrent Clear Claimed Marks
[2023-09-02T19:47:10.457+0530][gc,marking   ] GC(2) Concurrent Clear Claimed Marks 0.043ms
[2023-09-02T19:47:10.457+0530][gc,marking   ] GC(2) Concurrent Scan Root Regions
[2023-09-02T19:47:10.459+0530][gc,marking   ] GC(2) Concurrent Scan Root Regions 2.728ms
[2023-09-02T19:47:10.459+0530][gc,marking   ] GC(2) Concurrent Mark (5.238s)
[2023-09-02T19:47:10.459+0530][gc,marking   ] GC(2) Concurrent Mark From Roots
[2023-09-02T19:47:10.459+0530][gc,task      ] GC(2) Using 1 workers of 1 for marking
[2023-09-02T19:47:10.480+0530][gc,marking   ] GC(2) Concurrent Mark From Roots 21.054ms
[2023-09-02T19:47:10.480+0530][gc,marking   ] GC(2) Concurrent Preclean
[2023-09-02T19:47:10.480+0530][gc,marking   ] GC(2) Concurrent Preclean 0.100ms
[2023-09-02T19:47:10.481+0530][gc,marking   ] GC(2) Concurrent Mark (5.238s, 5.259s) 21.230ms
[2023-09-02T19:47:10.520+0530][gc,start     ] GC(2) Pause Remark
[2023-09-02T19:47:10.531+0530][gc,stringtable] GC(2) Cleaned string and symbol table, strings: 9516 processed, 0 removed, symbols: 46660 processed, 38 removed
[2023-09-02T19:47:10.531+0530][gc            ] GC(2) Pause Remark 8M->8M(1024M) 11.520ms
[2023-09-02T19:47:10.532+0530][gc,cpu        ] GC(2) User=0.01s Sys=0.00s Real=0.01s
[2023-09-02T19:47:10.532+0530][gc,marking    ] GC(2) Concurrent Rebuild Remembered Sets
[2023-09-02T19:47:10.578+0530][gc,marking    ] GC(2) Concurrent Rebuild Remembered Sets 45.777ms
[2023-09-02T19:47:10.578+0530][gc,start      ] GC(2) Pause Cleanup
[2023-09-02T19:47:10.578+0530][gc            ] GC(2) Pause Cleanup 9M->9M(1024M) 0.542ms
[2023-09-02T19:47:10.578+0530][gc,cpu        ] GC(2) User=0.00s Sys=0.00s Real=0.00s
[2023-09-02T19:47:10.579+0530][gc,marking    ] GC(2) Concurrent Cleanup for Next Mark
[2023-09-02T19:47:10.643+0530][gc,marking    ] GC(2) Concurrent Cleanup for Next Mark 64.153ms
[2023-09-02T19:47:10.643+0530][gc            ] GC(2) Concurrent Cycle 186.284ms
[2023-09-02T19:47:14.138+0530][gc,start      ] GC(3) Pause Young (Normal) (G1 Evacuation Pause)
[2023-09-02T19:47:14.138+0530][gc,task       ] GC(3) Using 1 workers of 1 for evacuation
[2023-09-02T19:47:14.172+0530][gc,mmu        ] GC(3) MMU target violated: 21.0ms (20.0ms/21.0ms)
[2023-09-02T19:47:14.172+0530][gc,phases     ] GC(3)   Pre Evacuate Collection Set: 0.0ms
[2023-09-02T19:47:14.172+0530][gc,phases     ] GC(3)   Evacuate Collection Set: 32.4ms
[2023-09-02T19:47:14.172+0530][gc,phases     ] GC(3)   Post Evacuate Collection Set: 0.6ms
[2023-09-02T19:47:14.172+0530][gc,phases     ] GC(3)   Other: 0.5ms
[2023-09-02T19:47:14.172+0530][gc,heap       ] GC(3) Eden regions: 49->0(47)
[2023-09-02T19:47:14.172+0530][gc,heap       ] GC(3) Survivor regions: 2->4(7)
[2023-09-02T19:47:14.172+0530][gc,heap       ] GC(3) Old regions: 7->7
[2023-09-02T19:47:14.172+0530][gc,heap       ] GC(3) Humongous regions: 9->9
[2023-09-02T19:47:14.172+0530][gc,metaspace  ] GC(3) Metaspace: 29223K(30464K)->29223K(30464K) NonClass: 25861K(26624K)->25861K(26624K) Class: 3361K(3840K)->3361K(3840K)
[2023-09-02T19:47:14.172+0530][gc            ] GC(3) Pause Young (Normal) (G1 Evacuation Pause) 66M->19M(1024M) 33.682ms
[2023-09-02T19:47:14.172+0530][gc,cpu        ] GC(3) User=0.03s Sys=0.00s Real=0.03s
[2023-09-02T19:47:15.818+0530][gc,start      ] GC(4) Pause Young (Concurrent Start) (Metadata GC Threshold)
[2023-09-02T19:47:15.818+0530][gc,task       ] GC(4) Using 1 workers of 1 for evacuation
[2023-09-02T19:47:15.880+0530][gc,mmu        ] GC(4) MMU target violated: 21.0ms (20.0ms/21.0ms)
[2023-09-02T19:47:15.880+0530][gc,phases     ] GC(4)   Pre Evacuate Collection Set: 0.1ms
[2023-09-02T19:47:15.880+0530][gc,phases     ] GC(4)   Evacuate Collection Set: 61.0ms
[2023-09-02T19:47:15.880+0530][gc,phases     ] GC(4)   Post Evacuate Collection Set: 0.4ms
[2023-09-02T19:47:15.880+0530][gc,phases     ] GC(4)   Other: 0.4ms
[2023-09-02T19:47:15.880+0530][gc,heap       ] GC(4) Eden regions: 38->0(44)
[2023-09-02T19:47:15.880+0530][gc,heap       ] GC(4) Survivor regions: 4->7(7)
[2023-09-02T19:47:15.880+0530][gc,heap       ] GC(4) Old regions: 7->7
[2023-09-02T19:47:15.880+0530][gc,heap       ] GC(4) Humongous regions: 9->9
[2023-09-02T19:47:15.880+0530][gc,metaspace  ] GC(4) Metaspace: 34605K(35840K)->34605K(35840K) NonClass: 30700K(31360K)->30700K(31360K) Class: 3904K(4480K)->3904K(4480K)
[2023-09-02T19:47:15.880+0530][gc            ] GC(4) Pause Young (Concurrent Start) (Metadata GC Threshold) 56M->22M(1024M) 62.051ms
[2023-09-02T19:47:15.880+0530][gc,cpu        ] GC(4) User=0.06s Sys=0.00s Real=0.06s
[2023-09-02T19:47:15.880+0530][gc            ] GC(5) Concurrent Cycle
[2023-09-02T19:47:15.880+0530][gc,marking    ] GC(5) Concurrent Clear Claimed Marks
[2023-09-02T19:47:15.880+0530][gc,marking    ] GC(5) Concurrent Clear Claimed Marks 0.131ms
[2023-09-02T19:47:15.880+0530][gc,marking    ] GC(5) Concurrent Scan Root Regions
[2023-09-02T19:47:15.915+0530][gc,marking    ] GC(5) Concurrent Scan Root Regions 34.943ms
[2023-09-02T19:47:15.915+0530][gc,marking    ] GC(5) Concurrent Mark (10.693s)
[2023-09-02T19:47:15.915+0530][gc,marking    ] GC(5) Concurrent Mark From Roots
[2023-09-02T19:47:15.915+0530][gc,task       ] GC(5) Using 1 workers of 1 for marking
[2023-09-02T19:47:16.154+0530][gc,marking    ] GC(5) Concurrent Mark From Roots 238.488ms
[2023-09-02T19:47:16.154+0530][gc,marking    ] GC(5) Concurrent Preclean
[2023-09-02T19:47:16.154+0530][gc,marking    ] GC(5) Concurrent Preclean 0.099ms
[2023-09-02T19:47:16.154+0530][gc,marking    ] GC(5) Concurrent Mark (10.693s, 10.932s) 238.689ms
[2023-09-02T19:47:16.155+0530][gc,start      ] GC(5) Pause Remark
[2023-09-02T19:47:16.171+0530][gc,stringtable] GC(5) Cleaned string and symbol table, strings: 13140 processed, 13 removed, symbols: 85948 processed, 23 removed
[2023-09-02T19:47:16.172+0530][gc            ] GC(5) Pause Remark 155M->155M(1024M) 16.852ms
[2023-09-02T19:47:16.172+0530][gc,cpu        ] GC(5) User=0.01s Sys=0.00s Real=0.01s
[2023-09-02T19:47:16.172+0530][gc,marking    ] GC(5) Concurrent Rebuild Remembered Sets
[2023-09-02T19:47:16.197+0530][gc,marking    ] GC(5) Concurrent Rebuild Remembered Sets 24.966ms
[2023-09-02T19:47:16.199+0530][gc,start      ] GC(5) Pause Cleanup
[2023-09-02T19:47:16.200+0530][gc            ] GC(5) Pause Cleanup 156M->156M(1024M) 0.341ms
[2023-09-02T19:47:16.200+0530][gc,cpu        ] GC(5) User=0.00s Sys=0.00s Real=0.00s
[2023-09-02T19:47:16.200+0530][gc,marking    ] GC(5) Concurrent Cleanup for Next Mark
[2023-09-02T19:47:16.292+0530][gc,marking    ] GC(5) Concurrent Cleanup for Next Mark 91.991ms
[2023-09-02T19:47:16.292+0530][gc            ] GC(5) Concurrent Cycle 411.774ms
[2023-09-02T19:56:38.930+0530][gc,start      ] GC(6) Pause Young (Concurrent Start) (G1 Evacuation Pause)
[2023-09-02T19:56:38.930+0530][gc,task       ] GC(6) Using 1 workers of 1 for evacuation
[2023-09-02T19:56:39.006+0530][gc,mmu        ] GC(6) MMU target violated: 21.0ms (20.0ms/21.0ms)
[2023-09-02T19:56:39.006+0530][gc,phases     ] GC(6)   Pre Evacuate Collection Set: 0.3ms
[2023-09-02T19:56:39.006+0530][gc,phases     ] GC(6)   Evacuate Collection Set: 73.7ms
[2023-09-02T19:56:39.006+0530][gc,phases     ] GC(6)   Post Evacuate Collection Set: 0.7ms
[2023-09-02T19:56:39.006+0530][gc,phases     ] GC(6)   Other: 0.6ms
[2023-09-02T19:56:39.006+0530][gc,heap       ] GC(6) Eden regions: 44->0(46)
[2023-09-02T19:56:39.006+0530][gc,heap       ] GC(6) Survivor regions: 7->5(7)
[2023-09-02T19:56:39.006+0530][gc,heap       ] GC(6) Old regions: 7->11
[2023-09-02T19:56:39.006+0530][gc,heap       ] GC(6) Humongous regions: 147->147
[2023-09-02T19:56:39.006+0530][gc,metaspace  ] GC(6) Metaspace: 38924K(41036K)->38924K(41036K) NonClass: 34412K(35584K)->34412K(35584K) Class: 4512K(5452K)->4512K(5452K)
[2023-09-02T19:56:39.006+0530][gc            ] GC(6) Pause Young (Concurrent Start) (G1 Evacuation Pause) 204M->162M(1024M) 75.435ms
[2023-09-02T19:56:39.006+0530][gc,cpu        ] GC(6) User=0.07s Sys=0.00s Real=0.08s
[2023-09-02T19:56:39.006+0530][gc            ] GC(7) Concurrent Cycle
[2023-09-02T19:56:39.006+0530][gc,marking    ] GC(7) Concurrent Clear Claimed Marks
[2023-09-02T19:56:39.006+0530][gc,marking    ] GC(7) Concurrent Clear Claimed Marks 0.226ms
[2023-09-02T19:56:39.006+0530][gc,marking    ] GC(7) Concurrent Scan Root Regions
[2023-09-02T19:56:39.016+0530][gc,marking    ] GC(7) Concurrent Scan Root Regions 9.555ms
[2023-09-02T19:56:39.016+0530][gc,marking    ] GC(7) Concurrent Mark (573.794s)
[2023-09-02T19:56:39.016+0530][gc,marking    ] GC(7) Concurrent Mark From Roots
[2023-09-02T19:56:39.016+0530][gc,task       ] GC(7) Using 1 workers of 1 for marking
[2023-09-02T19:56:39.040+0530][gc,marking    ] GC(7) Concurrent Mark From Roots 23.931ms
[2023-09-02T19:56:39.040+0530][gc,marking    ] GC(7) Concurrent Preclean
[2023-09-02T19:56:39.040+0530][gc,marking    ] GC(7) Concurrent Preclean 0.106ms
[2023-09-02T19:56:39.040+0530][gc,marking    ] GC(7) Concurrent Mark (573.794s, 573.818s) 24.125ms
[2023-09-02T19:56:39.040+0530][gc,start      ] GC(7) Pause Remark
[2023-09-02T19:56:39.054+0530][gc,stringtable] GC(7) Cleaned string and symbol table, strings: 13990 processed, 1 removed, symbols: 88884 processed, 4 removed
[2023-09-02T19:56:39.054+0530][gc            ] GC(7) Pause Remark 163M->163M(1024M) 13.970ms
[2023-09-02T19:56:39.054+0530][gc,cpu        ] GC(7) User=0.01s Sys=0.00s Real=0.02s
[2023-09-02T19:56:39.054+0530][gc,marking    ] GC(7) Concurrent Rebuild Remembered Sets
[2023-09-02T19:56:39.069+0530][gc,marking    ] GC(7) Concurrent Rebuild Remembered Sets 14.394ms
[2023-09-02T19:56:39.069+0530][gc,start      ] GC(7) Pause Cleanup
[2023-09-02T19:56:39.069+0530][gc            ] GC(7) Pause Cleanup 164M->164M(1024M) 0.260ms
[2023-09-02T19:56:39.069+0530][gc,cpu        ] GC(7) User=0.00s Sys=0.00s Real=0.00s
[2023-09-02T19:56:39.069+0530][gc,marking    ] GC(7) Concurrent Cleanup for Next Mark
[2023-09-02T19:56:39.071+0530][gc,marking    ] GC(7) Concurrent Cleanup for Next Mark 1.697ms
[2023-09-02T19:56:39.071+0530][gc            ] GC(7) Concurrent Cycle 65.070ms
[2023-09-02T20:00:21.600+0530][gc,start      ] GC(8) Pause Young (Normal) (G1 Evacuation Pause)
[2023-09-02T20:00:21.600+0530][gc,task       ] GC(8) Using 1 workers of 1 for evacuation
[2023-09-02T20:00:21.635+0530][gc,mmu        ] GC(8) MMU target violated: 21.0ms (20.0ms/21.0ms)
[2023-09-02T20:00:21.635+0530][gc,phases     ] GC(8)   Pre Evacuate Collection Set: 0.0ms
[2023-09-02T20:00:21.635+0530][gc,phases     ] GC(8)   Evacuate Collection Set: 34.4ms
[2023-09-02T20:00:21.635+0530][gc,phases     ] GC(8)   Post Evacuate Collection Set: 0.6ms
[2023-09-02T20:00:21.635+0530][gc,phases     ] GC(8)   Other: 0.3ms
[2023-09-02T20:00:21.635+0530][gc,heap       ] GC(8) Eden regions: 46->0(47)
[2023-09-02T20:00:21.635+0530][gc,heap       ] GC(8) Survivor regions: 5->4(7)
[2023-09-02T20:00:21.635+0530][gc,heap       ] GC(8) Old regions: 11->13
[2023-09-02T20:00:21.635+0530][gc,heap       ] GC(8) Humongous regions: 147->147
[2023-09-02T20:00:21.635+0530][gc,metaspace  ] GC(8) Metaspace: 41594K(43980K)->41594K(43980K) NonClass: 36612K(37888K)->36612K(37888K) Class: 4981K(6092K)->4981K(6092K)
[2023-09-02T20:00:21.635+0530][gc            ] GC(8) Pause Young (Normal) (G1 Evacuation Pause) 208M->163M(1024M) 35.443ms
[2023-09-02T20:00:21.635+0530][gc,cpu        ] GC(8) User=0.03s Sys=0.00s Real=0.04s
[2023-09-02T20:08:13.161+0530][gc,start      ] GC(9) Pause Young (Normal) (G1 Evacuation Pause)
[2023-09-02T20:08:13.161+0530][gc,task       ] GC(9) Using 1 workers of 1 for evacuation
[2023-09-02T20:08:13.189+0530][gc,mmu        ] GC(9) MMU target violated: 21.0ms (20.0ms/21.0ms)
[2023-09-02T20:08:13.189+0530][gc,phases     ] GC(9)   Pre Evacuate Collection Set: 0.0ms
[2023-09-02T20:08:13.189+0530][gc,phases     ] GC(9)   Evacuate Collection Set: 26.8ms
[2023-09-02T20:08:13.189+0530][gc,phases     ] GC(9)   Post Evacuate Collection Set: 0.7ms
[2023-09-02T20:08:13.189+0530][gc,phases     ] GC(9)   Other: 0.6ms
[2023-09-02T20:08:13.189+0530][gc,heap       ] GC(9) Eden regions: 47->0(45)
[2023-09-02T20:08:13.189+0530][gc,heap       ] GC(9) Survivor regions: 4->6(7)
[2023-09-02T20:08:13.189+0530][gc,heap       ] GC(9) Old regions: 13->13
[2023-09-02T20:08:13.189+0530][gc,heap       ] GC(9) Humongous regions: 147->147
[2023-09-02T20:08:13.189+0530][gc,metaspace  ] GC(9) Metaspace: 42465K(45004K)->42465K(45004K) NonClass: 37432K(38912K)->37432K(38912K) Class: 5033K(6092K)->5033K(6092K)
[2023-09-02T20:08:13.189+0530][gc            ] GC(9) Pause Young (Normal) (G1 Evacuation Pause) 210M->165M(1024M) 28.241ms
[2023-09-02T20:08:13.189+0530][gc,cpu        ] GC(9) User=0.03s Sys=0.00s Real=0.03s
[2023-09-02T20:16:19.934+0530][gc,start      ] GC(10) Pause Young (Normal) (G1 Evacuation Pause)
[2023-09-02T20:16:19.934+0530][gc,task       ] GC(10) Using 1 workers of 1 for evacuation
[2023-09-02T20:16:19.953+0530][gc,phases     ] GC(10)   Pre Evacuate Collection Set: 0.0ms
[2023-09-02T20:16:19.953+0530][gc,phases     ] GC(10)   Evacuate Collection Set: 18.4ms
[2023-09-02T20:16:19.953+0530][gc,phases     ] GC(10)   Post Evacuate Collection Set: 0.4ms
[2023-09-02T20:16:19.953+0530][gc,phases     ] GC(10)   Other: 0.2ms
[2023-09-02T20:16:19.953+0530][gc,heap       ] GC(10) Eden regions: 45->0(47)
[2023-09-02T20:16:19.953+0530][gc,heap       ] GC(10) Survivor regions: 6->4(7)
[2023-09-02T20:16:19.953+0530][gc,heap       ] GC(10) Old regions: 13->17
[2023-09-02T20:16:19.954+0530][gc,heap       ] GC(10) Humongous regions: 147->147
[2023-09-02T20:16:19.954+0530][gc,metaspace  ] GC(10) Metaspace: 42621K(45132K)->42621K(45132K) NonClass: 37576K(38912K)->37576K(38912K) Class: 5044K(6220K)->5044K(6220K)
[2023-09-02T20:16:19.954+0530][gc            ] GC(10) Pause Young (Normal) (G1 Evacuation Pause) 210M->166M(1024M) 19.075ms
[2023-09-02T20:16:19.954+0530][gc,cpu        ] GC(10) User=0.02s Sys=0.00s Real=0.02s
[2023-09-02T20:24:38.781+0530][gc,start      ] GC(11) Pause Young (Normal) (G1 Evacuation Pause)
[2023-09-02T20:24:38.781+0530][gc,task       ] GC(11) Using 1 workers of 1 for evacuation
[2023-09-02T20:24:38.793+0530][gc,phases     ] GC(11)   Pre Evacuate Collection Set: 0.0ms
[2023-09-02T20:24:38.793+0530][gc,phases     ] GC(11)   Evacuate Collection Set: 11.6ms
[2023-09-02T20:24:38.793+0530][gc,phases     ] GC(11)   Post Evacuate Collection Set: 0.2ms
[2023-09-02T20:24:38.793+0530][gc,phases     ] GC(11)   Other: 0.2ms
[2023-09-02T20:24:38.793+0530][gc,heap       ] GC(11) Eden regions: 47->0(47)
[2023-09-02T20:24:38.793+0530][gc,heap       ] GC(11) Survivor regions: 4->4(7)
[2023-09-02T20:24:38.793+0530][gc,heap       ] GC(11) Old regions: 17->17
[2023-09-02T20:24:38.793+0530][gc,heap       ] GC(11) Humongous regions: 147->147
[2023-09-02T20:24:38.793+0530][gc,metaspace  ] GC(11) Metaspace: 42814K(45388K)->42814K(45388K) NonClass: 37742K(39168K)->37742K(39168K) Class: 5071K(6220K)->5071K(6220K)
[2023-09-02T20:24:38.793+0530][gc            ] GC(11) Pause Young (Normal) (G1 Evacuation Pause) 213M->166M(1024M) 12.077ms
[2023-09-02T20:24:38.793+0530][gc,cpu        ] GC(11) User=0.01s Sys=0.00s Real=0.01s
[2023-09-02T20:36:01.401+0530][gc,start      ] GC(12) Pause Young (Normal) (G1 Evacuation Pause)
[2023-09-02T20:36:01.401+0530][gc,task       ] GC(12) Using 1 workers of 1 for evacuation
[2023-09-02T20:36:01.411+0530][gc,phases     ] GC(12)   Pre Evacuate Collection Set: 0.0ms
[2023-09-02T20:36:01.411+0530][gc,phases     ] GC(12)   Evacuate Collection Set: 9.1ms
[2023-09-02T20:36:01.411+0530][gc,phases     ] GC(12)   Post Evacuate Collection Set: 0.2ms
[2023-09-02T20:36:01.411+0530][gc,phases     ] GC(12)   Other: 0.1ms
[2023-09-02T20:36:01.411+0530][gc,heap       ] GC(12) Eden regions: 47->0(47)
[2023-09-02T20:36:01.411+0530][gc,heap       ] GC(12) Survivor regions: 4->4(7)
[2023-09-02T20:36:01.411+0530][gc,heap       ] GC(12) Old regions: 17->17
[2023-09-02T20:36:01.411+0530][gc,heap       ] GC(12) Humongous regions: 147->147
[2023-09-02T20:36:01.411+0530][gc,metaspace  ] GC(12) Metaspace: 42887K(45388K)->42887K(45388K) NonClass: 37812K(39168K)->37812K(39168K) Class: 5075K(6220K)->5075K(6220K)
[2023-09-02T20:36:01.411+0530][gc            ] GC(12) Pause Young (Normal) (G1 Evacuation Pause) 213M->166M(1024M) 9.556ms
[2023-09-02T20:36:01.411+0530][gc,cpu        ] GC(12) User=0.01s Sys=0.00s Real=0.00s
[2023-09-02T20:46:50.591+0530][gc,start      ] GC(13) Pause Young (Normal) (G1 Evacuation Pause)
[2023-09-02T20:46:50.591+0530][gc,task       ] GC(13) Using 1 workers of 1 for evacuation
[2023-09-02T20:46:50.603+0530][gc,phases     ] GC(13)   Pre Evacuate Collection Set: 0.0ms
[2023-09-02T20:46:50.603+0530][gc,phases     ] GC(13)   Evacuate Collection Set: 11.4ms
[2023-09-02T20:46:50.603+0530][gc,phases     ] GC(13)   Post Evacuate Collection Set: 0.2ms
[2023-09-02T20:46:50.603+0530][gc,phases     ] GC(13)   Other: 0.2ms
[2023-09-02T20:46:50.603+0530][gc,heap       ] GC(13) Eden regions: 47->0(46)
[2023-09-02T20:46:50.603+0530][gc,heap       ] GC(13) Survivor regions: 4->5(7)
[2023-09-02T20:46:50.603+0530][gc,heap       ] GC(13) Old regions: 17->17
[2023-09-02T20:46:50.603+0530][gc,heap       ] GC(13) Humongous regions: 147->147
[2023-09-02T20:46:50.603+0530][gc,metaspace  ] GC(13) Metaspace: 42995K(45644K)->42995K(45644K) NonClass: 37913K(39424K)->37913K(39424K) Class: 5082K(6220K)->5082K(6220K)
[2023-09-02T20:46:50.603+0530][gc            ] GC(13) Pause Young (Normal) (G1 Evacuation Pause) 213M->167M(1024M) 11.877ms
[2023-09-02T20:46:50.603+0530][gc,cpu        ] GC(13) User=0.01s Sys=0.00s Real=0.02s
[2023-09-02T20:47:21.149+0530][gc,start      ] GC(14) Pause Young (Normal) (G1 Evacuation Pause)
[2023-09-02T20:47:21.149+0530][gc,task       ] GC(14) Using 1 workers of 1 for evacuation
[2023-09-02T20:47:21.223+0530][gc,mmu        ] GC(14) MMU target violated: 21.0ms (20.0ms/21.0ms)
[2023-09-02T20:47:21.223+0530][gc,phases     ] GC(14)   Pre Evacuate Collection Set: 0.0ms
[2023-09-02T20:47:21.223+0530][gc,phases     ] GC(14)   Evacuate Collection Set: 72.6ms
[2023-09-02T20:47:21.223+0530][gc,phases     ] GC(14)   Post Evacuate Collection Set: 1.4ms
[2023-09-02T20:47:21.223+0530][gc,phases     ] GC(14)   Other: 0.3ms
[2023-09-02T20:47:21.223+0530][gc,heap       ] GC(14) Eden regions: 46->0(45)
[2023-09-02T20:47:21.223+0530][gc,heap       ] GC(14) Survivor regions: 5->6(7)
[2023-09-02T20:47:21.223+0530][gc,heap       ] GC(14) Old regions: 17->18
[2023-09-02T20:47:21.223+0530][gc,heap       ] GC(14) Humongous regions: 147->147
[2023-09-02T20:47:21.223+0530][gc,metaspace  ] GC(14) Metaspace: 43374K(45900K)->43374K(45900K) NonClass: 38268K(39680K)->38268K(39680K) Class: 5106K(6220K)->5106K(6220K)
[2023-09-02T20:47:21.223+0530][gc            ] GC(14) Pause Young (Normal) (G1 Evacuation Pause) 213M->170M(1024M) 74.477ms
[2023-09-02T20:47:21.223+0530][gc,cpu        ] GC(14) User=0.03s Sys=0.00s Real=0.08s
[2023-09-02T20:47:33.923+0530][gc,start      ] GC(15) Pause Young (Normal) (G1 Evacuation Pause)
[2023-09-02T20:47:33.923+0530][gc,task       ] GC(15) Using 1 workers of 1 for evacuation
[2023-09-02T20:47:33.961+0530][gc,mmu        ] GC(15) MMU target violated: 21.0ms (20.0ms/21.0ms)
[2023-09-02T20:47:33.961+0530][gc,phases     ] GC(15)   Pre Evacuate Collection Set: 0.0ms
[2023-09-02T20:47:33.961+0530][gc,phases     ] GC(15)   Evacuate Collection Set: 37.1ms
[2023-09-02T20:47:33.961+0530][gc,phases     ] GC(15)   Post Evacuate Collection Set: 0.7ms
[2023-09-02T20:47:33.961+0530][gc,phases     ] GC(15)   Other: 0.5ms
[2023-09-02T20:47:33.961+0530][gc,heap       ] GC(15) Eden regions: 45->0(49)
[2023-09-02T20:47:33.961+0530][gc,heap       ] GC(15) Survivor regions: 6->2(7)
[2023-09-02T20:47:33.961+0530][gc,heap       ] GC(15) Old regions: 18->22
[2023-09-02T20:47:33.961+0530][gc,heap       ] GC(15) Humongous regions: 147->147
[2023-09-02T20:47:33.961+0530][gc,metaspace  ] GC(15) Metaspace: 43458K(45900K)->43458K(45900K) NonClass: 38343K(39680K)->38343K(39680K) Class: 5114K(6220K)->5114K(6220K)
[2023-09-02T20:47:33.961+0530][gc            ] GC(15) Pause Young (Normal) (G1 Evacuation Pause) 215M->170M(1024M) 38.440ms
[2023-09-02T20:47:33.961+0530][gc,cpu        ] GC(15) User=0.03s Sys=0.02s Real=0.04s
[2023-09-02T20:47:48.505+0530][gc,start      ] GC(16) Pause Young (Normal) (G1 Evacuation Pause)
[2023-09-02T20:47:48.505+0530][gc,task       ] GC(16) Using 1 workers of 1 for evacuation
[2023-09-02T20:47:48.526+0530][gc,mmu        ] GC(16) MMU target violated: 21.0ms (20.0ms/21.0ms)
[2023-09-02T20:47:48.526+0530][gc,phases     ] GC(16)   Pre Evacuate Collection Set: 0.1ms
[2023-09-02T20:47:48.526+0530][gc,phases     ] GC(16)   Evacuate Collection Set: 20.8ms
[2023-09-02T20:47:48.526+0530][gc,phases     ] GC(16)   Post Evacuate Collection Set: 0.3ms
[2023-09-02T20:47:48.526+0530][gc,phases     ] GC(16)   Other: 0.4ms
[2023-09-02T20:47:48.526+0530][gc,heap       ] GC(16) Eden regions: 49->0(48)
[2023-09-02T20:47:48.526+0530][gc,heap       ] GC(16) Survivor regions: 2->3(7)
[2023-09-02T20:47:48.526+0530][gc,heap       ] GC(16) Old regions: 22->22
[2023-09-02T20:47:48.526+0530][gc,heap       ] GC(16) Humongous regions: 147->147
[2023-09-02T20:47:48.527+0530][gc,metaspace  ] GC(16) Metaspace: 43464K(45900K)->43464K(45900K) NonClass: 38349K(39680K)->38349K(39680K) Class: 5114K(6220K)->5114K(6220K)
[2023-09-02T20:47:48.527+0530][gc            ] GC(16) Pause Young (Normal) (G1 Evacuation Pause) 219M->171M(1024M) 21.599ms
[2023-09-02T20:47:48.527+0530][gc,cpu        ] GC(16) User=0.02s Sys=0.00s Real=0.02s
[2023-09-02T20:48:03.119+0530][gc,start      ] GC(17) Pause Young (Normal) (G1 Evacuation Pause)
[2023-09-02T20:48:03.119+0530][gc,task       ] GC(17) Using 1 workers of 1 for evacuation
[2023-09-02T20:48:03.190+0530][gc,mmu        ] GC(17) MMU target violated: 21.0ms (20.0ms/21.0ms)
[2023-09-02T20:48:03.191+0530][gc,phases     ] GC(17)   Pre Evacuate Collection Set: 0.0ms
[2023-09-02T20:48:03.191+0530][gc,phases     ] GC(17)   Evacuate Collection Set: 68.1ms
[2023-09-02T20:48:03.191+0530][gc,phases     ] GC(17)   Post Evacuate Collection Set: 2.6ms
[2023-09-02T20:48:03.191+0530][gc,phases     ] GC(17)   Other: 0.5ms
[2023-09-02T20:48:03.191+0530][gc,heap       ] GC(17) Eden regions: 48->0(47)
[2023-09-02T20:48:03.191+0530][gc,heap       ] GC(17) Survivor regions: 3->4(7)
[2023-09-02T20:48:03.191+0530][gc,heap       ] GC(17) Old regions: 22->22
[2023-09-02T20:48:03.191+0530][gc,heap       ] GC(17) Humongous regions: 147->147
[2023-09-02T20:48:03.191+0530][gc,metaspace  ] GC(17) Metaspace: 43465K(45900K)->43465K(45900K) NonClass: 38350K(39680K)->38350K(39680K) Class: 5114K(6220K)->5114K(6220K)
[2023-09-02T20:48:03.191+0530][gc            ] GC(17) Pause Young (Normal) (G1 Evacuation Pause) 219M->172M(1024M) 71.404ms
[2023-09-02T20:48:03.191+0530][gc,cpu        ] GC(17) User=0.02s Sys=0.00s Real=0.07s
[2023-09-02T20:48:17.775+0530][gc,start      ] GC(18) Pause Young (Normal) (G1 Evacuation Pause)
[2023-09-02T20:48:17.775+0530][gc,task       ] GC(18) Using 1 workers of 1 for evacuation
[2023-09-02T20:48:17.862+0530][gc,mmu        ] GC(18) MMU target violated: 21.0ms (20.0ms/21.0ms)
[2023-09-02T20:48:17.862+0530][gc,phases     ] GC(18)   Pre Evacuate Collection Set: 0.0ms
[2023-09-02T20:48:17.862+0530][gc,phases     ] GC(18)   Evacuate Collection Set: 86.6ms
[2023-09-02T20:48:17.862+0530][gc,phases     ] GC(18)   Post Evacuate Collection Set: 0.4ms
[2023-09-02T20:48:17.862+0530][gc,phases     ] GC(18)   Other: 0.3ms
[2023-09-02T20:48:17.862+0530][gc,heap       ] GC(18) Eden regions: 47->0(47)
[2023-09-02T20:48:17.862+0530][gc,heap       ] GC(18) Survivor regions: 4->4(7)
[2023-09-02T20:48:17.862+0530][gc,heap       ] GC(18) Old regions: 22->24
[2023-09-02T20:48:17.862+0530][gc,heap       ] GC(18) Humongous regions: 147->147
[2023-09-02T20:48:17.862+0530][gc,metaspace  ] GC(18) Metaspace: 43469K(45900K)->43469K(45900K) NonClass: 38354K(39680K)->38354K(39680K) Class: 5114K(6220K)->5114K(6220K)
[2023-09-02T20:48:17.862+0530][gc            ] GC(18) Pause Young (Normal) (G1 Evacuation Pause) 219M->174M(1024M) 87.392ms
[2023-09-02T20:48:17.862+0530][gc,cpu        ] GC(18) User=0.03s Sys=0.00s Real=0.09s
[2023-09-02T20:48:32.674+0530][gc,start      ] GC(19) Pause Young (Normal) (G1 Evacuation Pause)
[2023-09-02T20:48:32.674+0530][gc,task       ] GC(19) Using 1 workers of 1 for evacuation
[2023-09-02T20:48:32.706+0530][gc,mmu        ] GC(19) MMU target violated: 21.0ms (20.0ms/21.0ms)
[2023-09-02T20:48:32.706+0530][gc,phases     ] GC(19)   Pre Evacuate Collection Set: 0.0ms
[2023-09-02T20:48:32.706+0530][gc,phases     ] GC(19)   Evacuate Collection Set: 31.3ms
[2023-09-02T20:48:32.706+0530][gc,phases     ] GC(19)   Post Evacuate Collection Set: 0.3ms
[2023-09-02T20:48:32.706+0530][gc,phases     ] GC(19)   Other: 0.3ms
[2023-09-02T20:48:32.706+0530][gc,heap       ] GC(19) Eden regions: 47->0(48)
[2023-09-02T20:48:32.706+0530][gc,heap       ] GC(19) Survivor regions: 4->3(7)
[2023-09-02T20:48:32.706+0530][gc,heap       ] GC(19) Old regions: 24->25
[2023-09-02T20:48:32.706+0530][gc,heap       ] GC(19) Humongous regions: 147->147
[2023-09-02T20:48:32.706+0530][gc,metaspace  ] GC(19) Metaspace: 43469K(45900K)->43469K(45900K) NonClass: 38354K(39680K)->38354K(39680K) Class: 5114K(6220K)->5114K(6220K)
[2023-09-02T20:48:32.706+0530][gc            ] GC(19) Pause Young (Normal) (G1 Evacuation Pause) 221M->174M(1024M) 32.120ms
[2023-09-02T20:48:32.706+0530][gc,cpu        ] GC(19) User=0.04s Sys=0.00s Real=0.03s
[2023-09-02T20:52:40.208+0530][gc,start      ] GC(20) Pause Young (Normal) (G1 Evacuation Pause)
[2023-09-02T20:52:40.208+0530][gc,task       ] GC(20) Using 1 workers of 1 for evacuation
[2023-09-02T20:52:40.223+0530][gc,phases     ] GC(20)   Pre Evacuate Collection Set: 0.0ms
[2023-09-02T20:52:40.223+0530][gc,phases     ] GC(20)   Evacuate Collection Set: 14.6ms
[2023-09-02T20:52:40.223+0530][gc,phases     ] GC(20)   Post Evacuate Collection Set: 0.2ms
[2023-09-02T20:52:40.223+0530][gc,phases     ] GC(20)   Other: 0.2ms
[2023-09-02T20:52:40.223+0530][gc,heap       ] GC(20) Eden regions: 48->0(46)
[2023-09-02T20:52:40.223+0530][gc,heap       ] GC(20) Survivor regions: 3->5(7)
[2023-09-02T20:52:40.223+0530][gc,heap       ] GC(20) Old regions: 25->25
[2023-09-02T20:52:40.223+0530][gc,heap       ] GC(20) Humongous regions: 147->147
[2023-09-02T20:52:40.223+0530][gc,metaspace  ] GC(20) Metaspace: 43491K(46156K)->43491K(46156K) NonClass: 38376K(39936K)->38376K(39936K) Class: 5114K(6220K)->5114K(6220K)
[2023-09-02T20:52:40.223+0530][gc            ] GC(20) Pause Young (Normal) (G1 Evacuation Pause) 222M->176M(1024M) 15.141ms
[2023-09-02T20:52:40.223+0530][gc,cpu        ] GC(20) User=0.02s Sys=0.00s Real=0.02s
[2023-09-02T21:01:18.268+0530][gc,start      ] GC(21) Pause Young (Normal) (G1 Evacuation Pause)
[2023-09-02T21:01:18.268+0530][gc,task       ] GC(21) Using 1 workers of 1 for evacuation
[2023-09-02T21:01:18.289+0530][gc,mmu        ] GC(21) MMU target violated: 21.0ms (20.0ms/21.0ms)
[2023-09-02T21:01:18.289+0530][gc,phases     ] GC(21)   Pre Evacuate Collection Set: 0.0ms
[2023-09-02T21:01:18.289+0530][gc,phases     ] GC(21)   Evacuate Collection Set: 20.7ms
[2023-09-02T21:01:18.289+0530][gc,phases     ] GC(21)   Post Evacuate Collection Set: 0.3ms
[2023-09-02T21:01:18.289+0530][gc,phases     ] GC(21)   Other: 0.3ms
[2023-09-02T21:01:18.289+0530][gc,heap       ] GC(21) Eden regions: 46->0(45)
[2023-09-02T21:01:18.289+0530][gc,heap       ] GC(21) Survivor regions: 5->6(7)
[2023-09-02T21:01:18.289+0530][gc,heap       ] GC(21) Old regions: 25->26
[2023-09-02T21:01:18.289+0530][gc,heap       ] GC(21) Humongous regions: 147->147
[2023-09-02T21:01:18.289+0530][gc,metaspace  ] GC(21) Metaspace: 43644K(46156K)->43644K(46156K) NonClass: 38529K(39936K)->38529K(39936K) Class: 5114K(6220K)->5114K(6220K)
[2023-09-02T21:01:18.289+0530][gc            ] GC(21) Pause Young (Normal) (G1 Evacuation Pause) 222M->178M(1024M) 21.317ms
[2023-09-02T21:01:18.289+0530][gc,cpu        ] GC(21) User=0.02s Sys=0.00s Real=0.02s
[2023-09-02T21:09:54.058+0530][gc,start      ] GC(22) Pause Young (Normal) (G1 Evacuation Pause)
[2023-09-02T21:09:54.058+0530][gc,task       ] GC(22) Using 1 workers of 1 for evacuation
[2023-09-02T21:09:54.083+0530][gc,mmu        ] GC(22) MMU target violated: 21.0ms (20.0ms/21.0ms)
[2023-09-02T21:09:54.083+0530][gc,phases     ] GC(22)   Pre Evacuate Collection Set: 0.0ms
[2023-09-02T21:09:54.083+0530][gc,phases     ] GC(22)   Evacuate Collection Set: 24.1ms
[2023-09-02T21:09:54.083+0530][gc,phases     ] GC(22)   Post Evacuate Collection Set: 0.2ms
[2023-09-02T21:09:54.083+0530][gc,phases     ] GC(22)   Other: 0.2ms
[2023-09-02T21:09:54.083+0530][gc,heap       ] GC(22) Eden regions: 45->0(46)
[2023-09-02T21:09:54.083+0530][gc,heap       ] GC(22) Survivor regions: 6->5(7)
[2023-09-02T21:09:54.083+0530][gc,heap       ] GC(22) Old regions: 26->30
[2023-09-02T21:09:54.083+0530][gc,heap       ] GC(22) Humongous regions: 147->147
[2023-09-02T21:09:54.083+0530][gc,metaspace  ] GC(22) Metaspace: 43653K(46156K)->43653K(46156K) NonClass: 38539K(39936K)->38539K(39936K) Class: 5114K(6220K)->5114K(6220K)
[2023-09-02T21:09:54.083+0530][gc            ] GC(22) Pause Young (Normal) (G1 Evacuation Pause) 223M->181M(1024M) 24.643ms
[2023-09-02T21:09:54.083+0530][gc,cpu        ] GC(22) User=0.02s Sys=0.00s Real=0.03s
[2023-09-02T21:18:48.844+0530][gc,start      ] GC(23) Pause Young (Normal) (G1 Evacuation Pause)
[2023-09-02T21:18:48.844+0530][gc,task       ] GC(23) Using 1 workers of 1 for evacuation
[2023-09-02T21:18:48.866+0530][gc,mmu        ] GC(23) MMU target violated: 21.0ms (20.0ms/21.0ms)
[2023-09-02T21:18:48.866+0530][gc,phases     ] GC(23)   Pre Evacuate Collection Set: 0.0ms
[2023-09-02T21:18:48.866+0530][gc,phases     ] GC(23)   Evacuate Collection Set: 21.5ms
[2023-09-02T21:18:48.866+0530][gc,phases     ] GC(23)   Post Evacuate Collection Set: 0.2ms
[2023-09-02T21:18:48.866+0530][gc,phases     ] GC(23)   Other: 0.2ms
[2023-09-02T21:18:48.866+0530][gc,heap       ] GC(23) Eden regions: 46->0(45)
[2023-09-02T21:18:48.866+0530][gc,heap       ] GC(23) Survivor regions: 5->6(7)
[2023-09-02T21:18:48.866+0530][gc,heap       ] GC(23) Old regions: 30->32
[2023-09-02T21:18:48.866+0530][gc,heap       ] GC(23) Humongous regions: 147->147
[2023-09-02T21:18:48.866+0530][gc,metaspace  ] GC(23) Metaspace: 43664K(46156K)->43664K(46156K) NonClass: 38549K(39936K)->38549K(39936K) Class: 5114K(6220K)->5114K(6220K)
[2023-09-02T21:18:48.866+0530][gc            ] GC(23) Pause Young (Normal) (G1 Evacuation Pause) 227M->184M(1024M) 22.019ms
[2023-09-02T21:18:48.866+0530][gc,cpu        ] GC(23) User=0.02s Sys=0.00s Real=0.02s
[2023-09-02T21:27:31.402+0530][gc,start      ] GC(24) Pause Young (Normal) (G1 Evacuation Pause)
[2023-09-02T21:27:31.402+0530][gc,task       ] GC(24) Using 1 workers of 1 for evacuation
[2023-09-02T21:27:31.423+0530][gc,mmu        ] GC(24) MMU target violated: 21.0ms (20.0ms/21.0ms)
[2023-09-02T21:27:31.423+0530][gc,phases     ] GC(24)   Pre Evacuate Collection Set: 0.0ms
[2023-09-02T21:27:31.423+0530][gc,phases     ] GC(24)   Evacuate Collection Set: 20.8ms
[2023-09-02T21:27:31.423+0530][gc,phases     ] GC(24)   Post Evacuate Collection Set: 0.3ms
[2023-09-02T21:27:31.423+0530][gc,phases     ] GC(24)   Other: 0.2ms
[2023-09-02T21:27:31.423+0530][gc,heap       ] GC(24) Eden regions: 45->0(45)
[2023-09-02T21:27:31.423+0530][gc,heap       ] GC(24) Survivor regions: 6->6(7)
[2023-09-02T21:27:31.423+0530][gc,heap       ] GC(24) Old regions: 32->34
[2023-09-02T21:27:31.423+0530][gc,heap       ] GC(24) Humongous regions: 147->147
[2023-09-02T21:27:31.423+0530][gc,metaspace  ] GC(24) Metaspace: 43683K(46156K)->43683K(46156K) NonClass: 38568K(39936K)->38568K(39936K) Class: 5114K(6220K)->5114K(6220K)
[2023-09-02T21:27:31.423+0530][gc            ] GC(24) Pause Young (Normal) (G1 Evacuation Pause) 229M->186M(1024M) 21.346ms
[2023-09-02T21:27:31.423+0530][gc,cpu        ] GC(24) User=0.02s Sys=0.00s Real=0.02s
[2023-09-02T21:36:14.558+0530][gc,start      ] GC(25) Pause Young (Normal) (G1 Evacuation Pause)
[2023-09-02T21:36:14.558+0530][gc,task       ] GC(25) Using 1 workers of 1 for evacuation
[2023-09-02T21:36:14.579+0530][gc,mmu        ] GC(25) MMU target violated: 21.0ms (20.0ms/21.0ms)
[2023-09-02T21:36:14.579+0530][gc,phases     ] GC(25)   Pre Evacuate Collection Set: 0.0ms
[2023-09-02T21:36:14.579+0530][gc,phases     ] GC(25)   Evacuate Collection Set: 20.9ms
[2023-09-02T21:36:14.579+0530][gc,phases     ] GC(25)   Post Evacuate Collection Set: 0.2ms
[2023-09-02T21:36:14.579+0530][gc,phases     ] GC(25)   Other: 0.2ms
[2023-09-02T21:36:14.579+0530][gc,heap       ] GC(25) Eden regions: 45->0(45)
[2023-09-02T21:36:14.579+0530][gc,heap       ] GC(25) Survivor regions: 6->6(7)
[2023-09-02T21:36:14.579+0530][gc,heap       ] GC(25) Old regions: 34->37
[2023-09-02T21:36:14.579+0530][gc,heap       ] GC(25) Humongous regions: 147->147
[2023-09-02T21:36:14.579+0530][gc,metaspace  ] GC(25) Metaspace: 43686K(46412K)->43686K(46412K) NonClass: 38571K(40192K)->38571K(40192K) Class: 5114K(6220K)->5114K(6220K)
[2023-09-02T21:36:14.579+0530][gc            ] GC(25) Pause Young (Normal) (G1 Evacuation Pause) 231M->188M(1024M) 21.440ms
[2023-09-02T21:36:14.579+0530][gc,cpu        ] GC(25) User=0.02s Sys=0.00s Real=0.02s
[2023-09-02T21:44:57.282+0530][gc,start      ] GC(26) Pause Young (Normal) (G1 Evacuation Pause)
[2023-09-02T21:44:57.282+0530][gc,task       ] GC(26) Using 1 workers of 1 for evacuation
[2023-09-02T21:44:57.303+0530][gc,mmu        ] GC(26) MMU target violated: 21.0ms (20.0ms/21.0ms)
[2023-09-02T21:44:57.303+0530][gc,phases     ] GC(26)   Pre Evacuate Collection Set: 0.0ms
[2023-09-02T21:44:57.303+0530][gc,phases     ] GC(26)   Evacuate Collection Set: 20.7ms
[2023-09-02T21:44:57.303+0530][gc,phases     ] GC(26)   Post Evacuate Collection Set: 0.2ms
[2023-09-02T21:44:57.303+0530][gc,phases     ] GC(26)   Other: 0.2ms
[2023-09-02T21:44:57.303+0530][gc,heap       ] GC(26) Eden regions: 45->0(45)
[2023-09-02T21:44:57.303+0530][gc,heap       ] GC(26) Survivor regions: 6->6(7)
[2023-09-02T21:44:57.303+0530][gc,heap       ] GC(26) Old regions: 37->39
[2023-09-02T21:44:57.303+0530][gc,heap       ] GC(26) Humongous regions: 147->147
[2023-09-02T21:44:57.303+0530][gc,metaspace  ] GC(26) Metaspace: 43691K(46412K)->43691K(46412K) NonClass: 38576K(40192K)->38576K(40192K) Class: 5114K(6220K)->5114K(6220K)
[2023-09-02T21:44:57.303+0530][gc            ] GC(26) Pause Young (Normal) (G1 Evacuation Pause) 233M->191M(1024M) 21.223ms
[2023-09-02T21:44:57.303+0530][gc,cpu        ] GC(26) User=0.02s Sys=0.00s Real=0.02s
[2023-09-02T21:52:36.062+0530][gc,start      ] GC(27) Pause Young (Normal) (G1 Evacuation Pause)
[2023-09-02T21:52:36.062+0530][gc,task       ] GC(27) Using 1 workers of 1 for evacuation
[2023-09-02T21:52:36.087+0530][gc,mmu        ] GC(27) MMU target violated: 21.0ms (20.0ms/21.0ms)
[2023-09-02T21:52:36.087+0530][gc,phases     ] GC(27)   Pre Evacuate Collection Set: 0.1ms
[2023-09-02T21:52:36.087+0530][gc,phases     ] GC(27)   Evacuate Collection Set: 25.3ms
[2023-09-02T21:52:36.087+0530][gc,phases     ] GC(27)   Post Evacuate Collection Set: 0.2ms
[2023-09-02T21:52:36.087+0530][gc,phases     ] GC(27)   Other: 0.2ms
[2023-09-02T21:52:36.087+0530][gc,heap       ] GC(27) Eden regions: 45->0(44)
[2023-09-02T21:52:36.087+0530][gc,heap       ] GC(27) Survivor regions: 6->7(7)
[2023-09-02T21:52:36.087+0530][gc,heap       ] GC(27) Old regions: 39->42
[2023-09-02T21:52:36.087+0530][gc,heap       ] GC(27) Humongous regions: 147->147
[2023-09-02T21:52:36.087+0530][gc,metaspace  ] GC(27) Metaspace: 43781K(46540K)->43781K(46540K) NonClass: 38642K(40192K)->38642K(40192K) Class: 5138K(6348K)->5138K(6348K)
[2023-09-02T21:52:36.087+0530][gc            ] GC(27) Pause Young (Normal) (G1 Evacuation Pause) 236M->195M(1024M) 25.816ms
[2023-09-02T21:52:36.087+0530][gc,cpu        ] GC(27) User=0.02s Sys=0.00s Real=0.02s
[2023-09-02T22:01:11.597+0530][gc,start      ] GC(28) Pause Young (Normal) (G1 Evacuation Pause)
[2023-09-02T22:01:11.597+0530][gc,task       ] GC(28) Using 1 workers of 1 for evacuation
[2023-09-02T22:01:11.618+0530][gc,mmu        ] GC(28) MMU target violated: 21.0ms (20.0ms/21.0ms)
[2023-09-02T22:01:11.618+0530][gc,phases     ] GC(28)   Pre Evacuate Collection Set: 0.0ms
[2023-09-02T22:01:11.618+0530][gc,phases     ] GC(28)   Evacuate Collection Set: 21.2ms
[2023-09-02T22:01:11.618+0530][gc,phases     ] GC(28)   Post Evacuate Collection Set: 0.2ms
[2023-09-02T22:01:11.618+0530][gc,phases     ] GC(28)   Other: 0.2ms
[2023-09-02T22:01:11.618+0530][gc,heap       ] GC(28) Eden regions: 44->0(48)
[2023-09-02T22:01:11.618+0530][gc,heap       ] GC(28) Survivor regions: 7->3(7)
[2023-09-02T22:01:11.618+0530][gc,heap       ] GC(28) Old regions: 42->47
[2023-09-02T22:01:11.618+0530][gc,heap       ] GC(28) Humongous regions: 147->147
[2023-09-02T22:01:11.618+0530][gc,metaspace  ] GC(28) Metaspace: 43828K(46540K)->43828K(46540K) NonClass: 38689K(40192K)->38689K(40192K) Class: 5138K(6348K)->5138K(6348K)
[2023-09-02T22:01:11.618+0530][gc            ] GC(28) Pause Young (Normal) (G1 Evacuation Pause) 239M->196M(1024M) 21.653ms
[2023-09-02T22:01:11.618+0530][gc,cpu        ] GC(28) User=0.02s Sys=0.00s Real=0.02s
[2023-09-02T22:10:34.108+0530][gc,start      ] GC(29) Pause Young (Normal) (G1 Evacuation Pause)
[2023-09-02T22:10:34.108+0530][gc,task       ] GC(29) Using 1 workers of 1 for evacuation
[2023-09-02T22:10:34.122+0530][gc,phases     ] GC(29)   Pre Evacuate Collection Set: 0.0ms
[2023-09-02T22:10:34.122+0530][gc,phases     ] GC(29)   Evacuate Collection Set: 13.5ms
[2023-09-02T22:10:34.122+0530][gc,phases     ] GC(29)   Post Evacuate Collection Set: 0.2ms
[2023-09-02T22:10:34.122+0530][gc,phases     ] GC(29)   Other: 0.2ms
[2023-09-02T22:10:34.122+0530][gc,heap       ] GC(29) Eden regions: 48->0(46)
[2023-09-02T22:10:34.122+0530][gc,heap       ] GC(29) Survivor regions: 3->5(7)
[2023-09-02T22:10:34.122+0530][gc,heap       ] GC(29) Old regions: 47->47
[2023-09-02T22:10:34.122+0530][gc,heap       ] GC(29) Humongous regions: 147->147
[2023-09-02T22:10:34.122+0530][gc,metaspace  ] GC(29) Metaspace: 43832K(46540K)->43832K(46540K) NonClass: 38693K(40192K)->38693K(40192K) Class: 5138K(6348K)->5138K(6348K)
[2023-09-02T22:10:34.122+0530][gc            ] GC(29) Pause Young (Normal) (G1 Evacuation Pause) 244M->199M(1024M) 13.923ms
[2023-09-02T22:10:34.122+0530][gc,cpu        ] GC(29) User=0.01s Sys=0.00s Real=0.02s
[2023-09-02T22:19:27.751+0530][gc,start      ] GC(30) Pause Young (Normal) (G1 Evacuation Pause)
[2023-09-02T22:19:27.751+0530][gc,task       ] GC(30) Using 1 workers of 1 for evacuation
[2023-09-02T22:19:27.770+0530][gc,phases     ] GC(30)   Pre Evacuate Collection Set: 0.0ms
[2023-09-02T22:19:27.770+0530][gc,phases     ] GC(30)   Evacuate Collection Set: 18.4ms
[2023-09-02T22:19:27.770+0530][gc,phases     ] GC(30)   Post Evacuate Collection Set: 0.2ms
[2023-09-02T22:19:27.770+0530][gc,phases     ] GC(30)   Other: 0.2ms
[2023-09-02T22:19:27.770+0530][gc,heap       ] GC(30) Eden regions: 46->0(45)
[2023-09-02T22:19:27.770+0530][gc,heap       ] GC(30) Survivor regions: 5->6(7)
[2023-09-02T22:19:27.770+0530][gc,heap       ] GC(30) Old regions: 47->49
[2023-09-02T22:19:27.770+0530][gc,heap       ] GC(30) Humongous regions: 147->147
[2023-09-02T22:19:27.770+0530][gc,metaspace  ] GC(30) Metaspace: 43834K(46540K)->43834K(46540K) NonClass: 38695K(40192K)->38695K(40192K) Class: 5138K(6348K)->5138K(6348K)
[2023-09-02T22:19:27.770+0530][gc            ] GC(30) Pause Young (Normal) (G1 Evacuation Pause) 245M->201M(1024M) 18.936ms
[2023-09-02T22:19:27.770+0530][gc,cpu        ] GC(30) User=0.01s Sys=0.00s Real=0.02s
[2023-09-02T22:27:46.377+0530][gc,start      ] GC(31) Pause Young (Normal) (G1 Evacuation Pause)
[2023-09-02T22:27:46.377+0530][gc,task       ] GC(31) Using 1 workers of 1 for evacuation
[2023-09-02T22:27:46.399+0530][gc,mmu        ] GC(31) MMU target violated: 21.0ms (20.0ms/21.0ms)
[2023-09-02T22:27:46.399+0530][gc,phases     ] GC(31)   Pre Evacuate Collection Set: 0.0ms
[2023-09-02T22:27:46.399+0530][gc,phases     ] GC(31)   Evacuate Collection Set: 21.4ms
[2023-09-02T22:27:46.399+0530][gc,phases     ] GC(31)   Post Evacuate Collection Set: 0.2ms
[2023-09-02T22:27:46.399+0530][gc,phases     ] GC(31)   Other: 0.2ms
[2023-09-02T22:27:46.399+0530][gc,heap       ] GC(31) Eden regions: 45->0(45)
[2023-09-02T22:27:46.399+0530][gc,heap       ] GC(31) Survivor regions: 6->6(7)
[2023-09-02T22:27:46.399+0530][gc,heap       ] GC(31) Old regions: 49->52
[2023-09-02T22:27:46.399+0530][gc,heap       ] GC(31) Humongous regions: 147->147
[2023-09-02T22:27:46.399+0530][gc,metaspace  ] GC(31) Metaspace: 43840K(46540K)->43840K(46540K) NonClass: 38701K(40192K)->38701K(40192K) Class: 5138K(6348K)->5138K(6348K)
[2023-09-02T22:27:46.399+0530][gc            ] GC(31) Pause Young (Normal) (G1 Evacuation Pause) 246M->203M(1024M) 21.910ms
[2023-09-02T22:27:46.399+0530][gc,cpu        ] GC(31) User=0.02s Sys=0.01s Real=0.02s
[2023-09-02T22:36:05.540+0530][gc,start      ] GC(32) Pause Young (Normal) (G1 Evacuation Pause)
[2023-09-02T22:36:05.540+0530][gc,task       ] GC(32) Using 1 workers of 1 for evacuation
[2023-09-02T22:36:05.561+0530][gc,mmu        ] GC(32) MMU target violated: 21.0ms (20.0ms/21.0ms)
[2023-09-02T22:36:05.561+0530][gc,phases     ] GC(32)   Pre Evacuate Collection Set: 0.0ms
[2023-09-02T22:36:05.561+0530][gc,phases     ] GC(32)   Evacuate Collection Set: 21.1ms
[2023-09-02T22:36:05.561+0530][gc,phases     ] GC(32)   Post Evacuate Collection Set: 0.2ms
[2023-09-02T22:36:05.561+0530][gc,phases     ] GC(32)   Other: 0.2ms
[2023-09-02T22:36:05.561+0530][gc,heap       ] GC(32) Eden regions: 45->0(45)
[2023-09-02T22:36:05.561+0530][gc,heap       ] GC(32) Survivor regions: 6->6(7)
[2023-09-02T22:36:05.561+0530][gc,heap       ] GC(32) Old regions: 52->54
[2023-09-02T22:36:05.561+0530][gc,heap       ] GC(32) Humongous regions: 147->147
[2023-09-02T22:36:05.561+0530][gc,metaspace  ] GC(32) Metaspace: 43843K(46540K)->43843K(46540K) NonClass: 38704K(40192K)->38704K(40192K) Class: 5138K(6348K)->5138K(6348K)
[2023-09-02T22:36:05.561+0530][gc            ] GC(32) Pause Young (Normal) (G1 Evacuation Pause) 248M->206M(1024M) 21.705ms
[2023-09-02T22:36:05.562+0530][gc,cpu        ] GC(32) User=0.02s Sys=0.00s Real=0.03s
[2023-09-02T22:44:23.684+0530][gc,start      ] GC(33) Pause Young (Normal) (G1 Evacuation Pause)
[2023-09-02T22:44:23.684+0530][gc,task       ] GC(33) Using 1 workers of 1 for evacuation
[2023-09-02T22:44:23.704+0530][gc,mmu        ] GC(33) MMU target violated: 20.3ms (20.0ms/21.0ms)
[2023-09-02T22:44:23.704+0530][gc,phases     ] GC(33)   Pre Evacuate Collection Set: 0.0ms
[2023-09-02T22:44:23.704+0530][gc,phases     ] GC(33)   Evacuate Collection Set: 19.9ms
[2023-09-02T22:44:23.704+0530][gc,phases     ] GC(33)   Post Evacuate Collection Set: 0.2ms
[2023-09-02T22:44:23.704+0530][gc,phases     ] GC(33)   Other: 0.2ms
[2023-09-02T22:44:23.704+0530][gc,heap       ] GC(33) Eden regions: 45->0(45)
[2023-09-02T22:44:23.704+0530][gc,heap       ] GC(33) Survivor regions: 6->6(7)
[2023-09-02T22:44:23.704+0530][gc,heap       ] GC(33) Old regions: 54->57
[2023-09-02T22:44:23.704+0530][gc,heap       ] GC(33) Humongous regions: 147->147
[2023-09-02T22:44:23.704+0530][gc,metaspace  ] GC(33) Metaspace: 43850K(46540K)->43850K(46540K) NonClass: 38711K(40192K)->38711K(40192K) Class: 5138K(6348K)->5138K(6348K)
[2023-09-02T22:44:23.704+0530][gc            ] GC(33) Pause Young (Normal) (G1 Evacuation Pause) 251M->208M(1024M) 20.444ms
[2023-09-02T22:44:23.704+0530][gc,cpu        ] GC(33) User=0.02s Sys=0.00s Real=0.02s
[2023-09-02T22:51:51.401+0530][gc,start      ] GC(34) Pause Young (Normal) (G1 Evacuation Pause)
[2023-09-02T22:51:51.401+0530][gc,task       ] GC(34) Using 1 workers of 1 for evacuation
[2023-09-02T22:51:51.427+0530][gc,mmu        ] GC(34) MMU target violated: 21.0ms (20.0ms/21.0ms)
[2023-09-02T22:51:51.427+0530][gc,phases     ] GC(34)   Pre Evacuate Collection Set: 0.0ms
[2023-09-02T22:51:51.427+0530][gc,phases     ] GC(34)   Evacuate Collection Set: 25.0ms
[2023-09-02T22:51:51.427+0530][gc,phases     ] GC(34)   Post Evacuate Collection Set: 0.2ms
[2023-09-02T22:51:51.427+0530][gc,phases     ] GC(34)   Other: 0.2ms
[2023-09-02T22:51:51.427+0530][gc,heap       ] GC(34) Eden regions: 45->0(44)
[2023-09-02T22:51:51.427+0530][gc,heap       ] GC(34) Survivor regions: 6->7(7)
[2023-09-02T22:51:51.427+0530][gc,heap       ] GC(34) Old regions: 57->60
[2023-09-02T22:51:51.427+0530][gc,heap       ] GC(34) Humongous regions: 147->147
[2023-09-02T22:51:51.427+0530][gc,metaspace  ] GC(34) Metaspace: 43873K(46540K)->43873K(46540K) NonClass: 38728K(40192K)->38728K(40192K) Class: 5145K(6348K)->5145K(6348K)
[2023-09-02T22:51:51.427+0530][gc            ] GC(34) Pause Young (Normal) (G1 Evacuation Pause) 253M->213M(1024M) 25.555ms
[2023-09-02T22:51:51.427+0530][gc,cpu        ] GC(34) User=0.03s Sys=0.00s Real=0.02s
[2023-09-02T23:00:00.222+0530][gc,start      ] GC(35) Pause Young (Normal) (G1 Evacuation Pause)
[2023-09-02T23:00:00.222+0530][gc,task       ] GC(35) Using 1 workers of 1 for evacuation
[2023-09-02T23:00:00.243+0530][gc,mmu        ] GC(35) MMU target violated: 21.0ms (20.0ms/21.0ms)
[2023-09-02T23:00:00.243+0530][gc,phases     ] GC(35)   Pre Evacuate Collection Set: 0.0ms
[2023-09-02T23:00:00.243+0530][gc,phases     ] GC(35)   Evacuate Collection Set: 21.3ms
[2023-09-02T23:00:00.243+0530][gc,phases     ] GC(35)   Post Evacuate Collection Set: 0.2ms
[2023-09-02T23:00:00.243+0530][gc,phases     ] GC(35)   Other: 0.2ms
[2023-09-02T23:00:00.244+0530][gc,heap       ] GC(35) Eden regions: 44->0(48)
[2023-09-02T23:00:00.244+0530][gc,heap       ] GC(35) Survivor regions: 7->3(7)
[2023-09-02T23:00:00.244+0530][gc,heap       ] GC(35) Old regions: 60->65
[2023-09-02T23:00:00.244+0530][gc,heap       ] GC(35) Humongous regions: 147->147
[2023-09-02T23:00:00.244+0530][gc,metaspace  ] GC(35) Metaspace: 43879K(46540K)->43879K(46540K) NonClass: 38733K(40192K)->38733K(40192K) Class: 5145K(6348K)->5145K(6348K)
[2023-09-02T23:00:00.244+0530][gc            ] GC(35) Pause Young (Normal) (G1 Evacuation Pause) 257M->214M(1024M) 21.813ms
[2023-09-02T23:00:00.244+0530][gc,cpu        ] GC(35) User=0.02s Sys=0.00s Real=0.02s
[2023-09-02T23:08:55.649+0530][gc,start      ] GC(36) Pause Young (Normal) (G1 Evacuation Pause)
[2023-09-02T23:08:55.649+0530][gc,task       ] GC(36) Using 1 workers of 1 for evacuation
[2023-09-02T23:08:55.662+0530][gc,phases     ] GC(36)   Pre Evacuate Collection Set: 0.0ms
[2023-09-02T23:08:55.662+0530][gc,phases     ] GC(36)   Evacuate Collection Set: 13.2ms
[2023-09-02T23:08:55.662+0530][gc,phases     ] GC(36)   Post Evacuate Collection Set: 0.2ms
[2023-09-02T23:08:55.662+0530][gc,phases     ] GC(36)   Other: 0.2ms
[2023-09-02T23:08:55.662+0530][gc,heap       ] GC(36) Eden regions: 48->0(46)
[2023-09-02T23:08:55.662+0530][gc,heap       ] GC(36) Survivor regions: 3->5(7)
[2023-09-02T23:08:55.662+0530][gc,heap       ] GC(36) Old regions: 65->65
[2023-09-02T23:08:55.662+0530][gc,heap       ] GC(36) Humongous regions: 147->147
[2023-09-02T23:08:55.662+0530][gc,metaspace  ] GC(36) Metaspace: 43881K(46540K)->43881K(46540K) NonClass: 38736K(40192K)->38736K(40192K) Class: 5145K(6348K)->5145K(6348K)
[2023-09-02T23:08:55.662+0530][gc            ] GC(36) Pause Young (Normal) (G1 Evacuation Pause) 262M->216M(1024M) 13.719ms
[2023-09-02T23:08:55.662+0530][gc,cpu        ] GC(36) User=0.01s Sys=0.00s Real=0.02s
[2023-09-02T23:17:27.604+0530][gc,start      ] GC(37) Pause Young (Normal) (G1 Evacuation Pause)
[2023-09-02T23:17:27.604+0530][gc,task       ] GC(37) Using 1 workers of 1 for evacuation
[2023-09-02T23:17:27.622+0530][gc,phases     ] GC(37)   Pre Evacuate Collection Set: 0.0ms
[2023-09-02T23:17:27.622+0530][gc,phases     ] GC(37)   Evacuate Collection Set: 18.3ms
[2023-09-02T23:17:27.622+0530][gc,phases     ] GC(37)   Post Evacuate Collection Set: 0.2ms
[2023-09-02T23:17:27.622+0530][gc,phases     ] GC(37)   Other: 0.2ms
[2023-09-02T23:17:27.622+0530][gc,heap       ] GC(37) Eden regions: 46->0(45)
[2023-09-02T23:17:27.622+0530][gc,heap       ] GC(37) Survivor regions: 5->6(7)
[2023-09-02T23:17:27.622+0530][gc,heap       ] GC(37) Old regions: 65->67
[2023-09-02T23:17:27.622+0530][gc,heap       ] GC(37) Humongous regions: 147->147
[2023-09-02T23:17:27.622+0530][gc,metaspace  ] GC(37) Metaspace: 43888K(46540K)->43888K(46540K) NonClass: 38743K(40192K)->38743K(40192K) Class: 5145K(6348K)->5145K(6348K)
[2023-09-02T23:17:27.622+0530][gc            ] GC(37) Pause Young (Normal) (G1 Evacuation Pause) 262M->219M(1024M) 18.851ms
[2023-09-02T23:17:27.622+0530][gc,cpu        ] GC(37) User=0.02s Sys=0.00s Real=0.02s
[2023-09-02T23:25:43.689+0530][gc,start      ] GC(38) Pause Young (Normal) (G1 Evacuation Pause)
[2023-09-02T23:25:43.689+0530][gc,task       ] GC(38) Using 1 workers of 1 for evacuation
[2023-09-02T23:25:43.711+0530][gc,mmu        ] GC(38) MMU target violated: 21.0ms (20.0ms/21.0ms)
[2023-09-02T23:25:43.711+0530][gc,phases     ] GC(38)   Pre Evacuate Collection Set: 0.0ms
[2023-09-02T23:25:43.711+0530][gc,phases     ] GC(38)   Evacuate Collection Set: 20.8ms
[2023-09-02T23:25:43.711+0530][gc,phases     ] GC(38)   Post Evacuate Collection Set: 0.3ms
[2023-09-02T23:25:43.711+0530][gc,phases     ] GC(38)   Other: 0.2ms
[2023-09-02T23:25:43.711+0530][gc,heap       ] GC(38) Eden regions: 45->0(45)
[2023-09-02T23:25:43.711+0530][gc,heap       ] GC(38) Survivor regions: 6->6(7)
[2023-09-02T23:25:43.711+0530][gc,heap       ] GC(38) Old regions: 67->69
[2023-09-02T23:25:43.711+0530][gc,heap       ] GC(38) Humongous regions: 147->147
[2023-09-02T23:25:43.711+0530][gc,metaspace  ] GC(38) Metaspace: 43894K(46540K)->43894K(46540K) NonClass: 38748K(40192K)->38748K(40192K) Class: 5145K(6348K)->5145K(6348K)
[2023-09-02T23:25:43.711+0530][gc            ] GC(38) Pause Young (Normal) (G1 Evacuation Pause) 264M->221M(1024M) 21.358ms
[2023-09-02T23:25:43.711+0530][gc,cpu        ] GC(38) User=0.02s Sys=0.00s Real=0.02s
[2023-09-02T23:33:59.187+0530][gc,start      ] GC(39) Pause Young (Normal) (G1 Evacuation Pause)
[2023-09-02T23:33:59.187+0530][gc,task       ] GC(39) Using 1 workers of 1 for evacuation
[2023-09-02T23:33:59.208+0530][gc,mmu        ] GC(39) MMU target violated: 21.0ms (20.0ms/21.0ms)
[2023-09-02T23:33:59.208+0530][gc,phases     ] GC(39)   Pre Evacuate Collection Set: 0.0ms
[2023-09-02T23:33:59.208+0530][gc,phases     ] GC(39)   Evacuate Collection Set: 20.9ms
[2023-09-02T23:33:59.208+0530][gc,phases     ] GC(39)   Post Evacuate Collection Set: 0.2ms
[2023-09-02T23:33:59.208+0530][gc,phases     ] GC(39)   Other: 0.2ms
[2023-09-02T23:33:59.208+0530][gc,heap       ] GC(39) Eden regions: 45->0(45)
[2023-09-02T23:33:59.208+0530][gc,heap       ] GC(39) Survivor regions: 6->6(7)
[2023-09-02T23:33:59.208+0530][gc,heap       ] GC(39) Old regions: 69->72
[2023-09-02T23:33:59.208+0530][gc,heap       ] GC(39) Humongous regions: 147->147
[2023-09-02T23:33:59.208+0530][gc,metaspace  ] GC(39) Metaspace: 43894K(46540K)->43894K(46540K) NonClass: 38749K(40192K)->38749K(40192K) Class: 5145K(6348K)->5145K(6348K)
[2023-09-02T23:33:59.208+0530][gc            ] GC(39) Pause Young (Normal) (G1 Evacuation Pause) 266M->223M(1024M) 21.466ms
[2023-09-02T23:33:59.208+0530][gc,cpu        ] GC(39) User=0.02s Sys=0.00s Real=0.02s
[2023-09-02T23:39:59.579+0530][gc,start      ] GC(40) Pause Young (Normal) (G1 Evacuation Pause)
[2023-09-02T23:39:59.579+0530][gc,task       ] GC(40) Using 1 workers of 1 for evacuation
[2023-09-02T23:39:59.625+0530][gc,mmu        ] GC(40) MMU target violated: 21.0ms (20.0ms/21.0ms)
[2023-09-02T23:39:59.625+0530][gc,phases     ] GC(40)   Pre Evacuate Collection Set: 0.0ms
[2023-09-02T23:39:59.625+0530][gc,phases     ] GC(40)   Evacuate Collection Set: 45.5ms
[2023-09-02T23:39:59.625+0530][gc,phases     ] GC(40)   Post Evacuate Collection Set: 0.5ms
[2023-09-02T23:39:59.625+0530][gc,phases     ] GC(40)   Other: 0.3ms
[2023-09-02T23:39:59.626+0530][gc,heap       ] GC(40) Eden regions: 45->0(45)
[2023-09-02T23:39:59.626+0530][gc,heap       ] GC(40) Survivor regions: 6->6(7)
[2023-09-02T23:39:59.626+0530][gc,heap       ] GC(40) Old regions: 72->74
[2023-09-02T23:39:59.626+0530][gc,heap       ] GC(40) Humongous regions: 147->147
[2023-09-02T23:39:59.626+0530][gc,metaspace  ] GC(40) Metaspace: 44692K(47564K)->44692K(47564K) NonClass: 39327K(40960K)->39327K(40960K) Class: 5365K(6604K)->5365K(6604K)
[2023-09-02T23:39:59.626+0530][gc            ] GC(40) Pause Young (Normal) (G1 Evacuation Pause) 268M->226M(1024M) 46.411ms
[2023-09-02T23:39:59.626+0530][gc,cpu        ] GC(40) User=0.05s Sys=0.00s Real=0.05s
[2023-09-02T23:39:59.698+0530][gc,heap,exit  ] Heap
[2023-09-02T23:39:59.698+0530][gc,heap,exit  ]  garbage-first heap   total 1048576K, used 232861K [0x00000000c0000000, 0x0000000100000000)
[2023-09-02T23:39:59.698+0530][gc,heap,exit  ]   region size 1024K, 8 young (8192K), 6 survivors (6144K)
[2023-09-02T23:39:59.698+0530][gc,heap,exit  ]  Metaspace       used 44773K, capacity 47546K, committed 47692K, reserved 1089536K
[2023-09-02T23:39:59.698+0530][gc,heap,exit  ]   class space    used 5386K, capacity 6623K, committed 6732K, reserved 1048576K
