[2023-09-07T12:00:15.653+0530][gc,heap] Heap region size: 1M
[2023-09-07T12:00:15.674+0530][gc     ] Using G1
[2023-09-07T12:00:15.674+0530][gc,heap,coops] Heap address: 0x00000000c0000000, size: 1024 MB, Compressed Oops mode: 32-bit
[2023-09-07T12:00:18.865+0530][gc,start     ] GC(0) Pause Young (Normal) (G1 Evacuation Pause)
[2023-09-07T12:00:18.865+0530][gc,task      ] GC(0) Using 1 workers of 1 for evacuation
[2023-09-07T12:00:18.891+0530][gc,mmu       ] GC(0) MMU target violated: 21.0ms (20.0ms/21.0ms)
[2023-09-07T12:00:18.891+0530][gc,phases    ] GC(0)   Pre Evacuate Collection Set: 0.0ms
[2023-09-07T12:00:18.891+0530][gc,phases    ] GC(0)   Evacuate Collection Set: 25.4ms
[2023-09-07T12:00:18.891+0530][gc,phases    ] GC(0)   Post Evacuate Collection Set: 0.5ms
[2023-09-07T12:00:18.891+0530][gc,phases    ] GC(0)   Other: 0.3ms
[2023-09-07T12:00:18.891+0530][gc,heap      ] GC(0) Eden regions: 51->0(44)
[2023-09-07T12:00:18.891+0530][gc,heap      ] GC(0) Survivor regions: 0->7(7)
[2023-09-07T12:00:18.891+0530][gc,heap      ] GC(0) Old regions: 0->1
[2023-09-07T12:00:18.891+0530][gc,heap      ] GC(0) Humongous regions: 0->0
[2023-09-07T12:00:18.891+0530][gc,metaspace ] GC(0) Metaspace: 14218K(15104K)->14218K(15104K) NonClass: 12452K(13056K)->12452K(13056K) Class: 1766K(2048K)->1766K(2048K)
[2023-09-07T12:00:18.891+0530][gc           ] GC(0) Pause Young (Normal) (G1 Evacuation Pause) 51M->7M(1024M) 26.317ms
[2023-09-07T12:00:18.891+0530][gc,cpu       ] GC(0) User=0.02s Sys=0.00s Real=0.03s
[2023-09-07T12:00:21.980+0530][gc,start     ] GC(1) Pause Young (Concurrent Start) (Metadata GC Threshold)
[2023-09-07T12:00:21.980+0530][gc,task      ] GC(1) Using 1 workers of 1 for evacuation
[2023-09-07T12:00:21.996+0530][gc,phases    ] GC(1)   Pre Evacuate Collection Set: 0.0ms
[2023-09-07T12:00:21.996+0530][gc,phases    ] GC(1)   Evacuate Collection Set: 15.2ms
[2023-09-07T12:00:21.996+0530][gc,phases    ] GC(1)   Post Evacuate Collection Set: 0.2ms
[2023-09-07T12:00:21.996+0530][gc,phases    ] GC(1)   Other: 0.2ms
[2023-09-07T12:00:21.996+0530][gc,heap      ] GC(1) Eden regions: 32->0(49)
[2023-09-07T12:00:21.996+0530][gc,heap      ] GC(1) Survivor regions: 7->2(7)
[2023-09-07T12:00:21.996+0530][gc,heap      ] GC(1) Old regions: 1->8
[2023-09-07T12:00:21.996+0530][gc,heap      ] GC(1) Humongous regions: 0->0
[2023-09-07T12:00:21.996+0530][gc,metaspace ] GC(1) Metaspace: 20410K(21248K)->20410K(21248K) NonClass: 18167K(18688K)->18167K(18688K) Class: 2242K(2560K)->2242K(2560K)
[2023-09-07T12:00:21.996+0530][gc           ] GC(1) Pause Young (Concurrent Start) (Metadata GC Threshold) 39M->8M(1024M) 15.669ms
[2023-09-07T12:00:21.996+0530][gc,cpu       ] GC(1) User=0.01s Sys=0.00s Real=0.01s
[2023-09-07T12:00:21.996+0530][gc           ] GC(2) Concurrent Cycle
[2023-09-07T12:00:21.996+0530][gc,marking   ] GC(2) Concurrent Clear Claimed Marks
[2023-09-07T12:00:21.996+0530][gc,marking   ] GC(2) Concurrent Clear Claimed Marks 0.029ms
[2023-09-07T12:00:21.996+0530][gc,marking   ] GC(2) Concurrent Scan Root Regions
[2023-09-07T12:00:21.997+0530][gc,marking   ] GC(2) Concurrent Scan Root Regions 0.767ms
[2023-09-07T12:00:21.997+0530][gc,marking   ] GC(2) Concurrent Mark (6.350s)
[2023-09-07T12:00:21.997+0530][gc,marking   ] GC(2) Concurrent Mark From Roots
[2023-09-07T12:00:21.997+0530][gc,task      ] GC(2) Using 1 workers of 1 for marking
[2023-09-07T12:00:22.017+0530][gc,marking   ] GC(2) Concurrent Mark From Roots 20.027ms
[2023-09-07T12:00:22.017+0530][gc,marking   ] GC(2) Concurrent Preclean
[2023-09-07T12:00:22.017+0530][gc,marking   ] GC(2) Concurrent Preclean 0.125ms
[2023-09-07T12:00:22.017+0530][gc,marking   ] GC(2) Concurrent Mark (6.350s, 6.370s) 20.221ms
[2023-09-07T12:00:22.020+0530][gc,start     ] GC(2) Pause Remark
[2023-09-07T12:00:22.023+0530][gc,stringtable] GC(2) Cleaned string and symbol table, strings: 9553 processed, 0 removed, symbols: 46771 processed, 37 removed
[2023-09-07T12:00:22.023+0530][gc            ] GC(2) Pause Remark 9M->9M(1024M) 3.309ms
[2023-09-07T12:00:22.023+0530][gc,cpu        ] GC(2) User=0.00s Sys=0.00s Real=0.00s
[2023-09-07T12:00:22.023+0530][gc,marking    ] GC(2) Concurrent Rebuild Remembered Sets
[2023-09-07T12:00:22.033+0530][gc,marking    ] GC(2) Concurrent Rebuild Remembered Sets 9.816ms
[2023-09-07T12:00:22.035+0530][gc,start      ] GC(2) Pause Cleanup
[2023-09-07T12:00:22.035+0530][gc            ] GC(2) Pause Cleanup 9M->9M(1024M) 0.299ms
[2023-09-07T12:00:22.035+0530][gc,cpu        ] GC(2) User=0.00s Sys=0.00s Real=0.00s
[2023-09-07T12:00:22.035+0530][gc,marking    ] GC(2) Concurrent Cleanup for Next Mark
[2023-09-07T12:00:22.057+0530][gc,marking    ] GC(2) Concurrent Cleanup for Next Mark 21.304ms
[2023-09-07T12:00:22.057+0530][gc            ] GC(2) Concurrent Cycle 60.789ms
[2023-09-07T12:00:24.329+0530][gc,start      ] GC(3) Pause Young (Normal) (G1 Evacuation Pause)
[2023-09-07T12:00:24.329+0530][gc,task       ] GC(3) Using 1 workers of 1 for evacuation
[2023-09-07T12:00:24.358+0530][gc,mmu        ] GC(3) MMU target violated: 21.0ms (20.0ms/21.0ms)
[2023-09-07T12:00:24.358+0530][gc,phases     ] GC(3)   Pre Evacuate Collection Set: 0.0ms
[2023-09-07T12:00:24.358+0530][gc,phases     ] GC(3)   Evacuate Collection Set: 27.9ms
[2023-09-07T12:00:24.358+0530][gc,phases     ] GC(3)   Post Evacuate Collection Set: 0.4ms
[2023-09-07T12:00:24.358+0530][gc,phases     ] GC(3)   Other: 0.4ms
[2023-09-07T12:00:24.358+0530][gc,heap       ] GC(3) Eden regions: 49->0(47)
[2023-09-07T12:00:24.358+0530][gc,heap       ] GC(3) Survivor regions: 2->4(7)
[2023-09-07T12:00:24.358+0530][gc,heap       ] GC(3) Old regions: 8->8
[2023-09-07T12:00:24.358+0530][gc,heap       ] GC(3) Humongous regions: 9->9
[2023-09-07T12:00:24.358+0530][gc,metaspace  ] GC(3) Metaspace: 29240K(30464K)->29240K(30464K) NonClass: 25878K(26624K)->25878K(26624K) Class: 3362K(3840K)->3362K(3840K)
[2023-09-07T12:00:24.358+0530][gc            ] GC(3) Pause Young (Normal) (G1 Evacuation Pause) 66M->19M(1024M) 28.837ms
[2023-09-07T12:00:24.358+0530][gc,cpu        ] GC(3) User=0.03s Sys=0.00s Real=0.03s
[2023-09-07T12:00:26.062+0530][gc,start      ] GC(4) Pause Young (Concurrent Start) (Metadata GC Threshold)
[2023-09-07T12:00:26.062+0530][gc,task       ] GC(4) Using 1 workers of 1 for evacuation
[2023-09-07T12:00:26.091+0530][gc,mmu        ] GC(4) MMU target violated: 21.0ms (20.0ms/21.0ms)
[2023-09-07T12:00:26.092+0530][gc,phases     ] GC(4)   Pre Evacuate Collection Set: 0.1ms
[2023-09-07T12:00:26.092+0530][gc,phases     ] GC(4)   Evacuate Collection Set: 29.0ms
[2023-09-07T12:00:26.092+0530][gc,phases     ] GC(4)   Post Evacuate Collection Set: 0.4ms
[2023-09-07T12:00:26.092+0530][gc,phases     ] GC(4)   Other: 0.4ms
[2023-09-07T12:00:26.092+0530][gc,heap       ] GC(4) Eden regions: 38->0(44)
[2023-09-07T12:00:26.092+0530][gc,heap       ] GC(4) Survivor regions: 4->7(7)
[2023-09-07T12:00:26.092+0530][gc,heap       ] GC(4) Old regions: 8->8
[2023-09-07T12:00:26.092+0530][gc,heap       ] GC(4) Humongous regions: 138->138
[2023-09-07T12:00:26.092+0530][gc,metaspace  ] GC(4) Metaspace: 34600K(35840K)->34600K(35840K) NonClass: 30720K(31360K)->30720K(31360K) Class: 3879K(4480K)->3879K(4480K)
[2023-09-07T12:00:26.092+0530][gc            ] GC(4) Pause Young (Concurrent Start) (Metadata GC Threshold) 185M->152M(1024M) 30.052ms
[2023-09-07T12:00:26.092+0530][gc,cpu        ] GC(4) User=0.03s Sys=0.00s Real=0.03s
[2023-09-07T12:00:26.092+0530][gc            ] GC(5) Concurrent Cycle
[2023-09-07T12:00:26.092+0530][gc,marking    ] GC(5) Concurrent Clear Claimed Marks
[2023-09-07T12:00:26.092+0530][gc,marking    ] GC(5) Concurrent Clear Claimed Marks 0.122ms
[2023-09-07T12:00:26.092+0530][gc,marking    ] GC(5) Concurrent Scan Root Regions
[2023-09-07T12:00:26.134+0530][gc,marking    ] GC(5) Concurrent Scan Root Regions 41.857ms
[2023-09-07T12:00:26.134+0530][gc,marking    ] GC(5) Concurrent Mark (10.487s)
[2023-09-07T12:00:26.134+0530][gc,marking    ] GC(5) Concurrent Mark From Roots
[2023-09-07T12:00:26.134+0530][gc,task       ] GC(5) Using 1 workers of 1 for marking
[2023-09-07T12:00:26.241+0530][gc,marking    ] GC(5) Concurrent Mark From Roots 106.998ms
[2023-09-07T12:00:26.241+0530][gc,marking    ] GC(5) Concurrent Preclean
[2023-09-07T12:00:26.241+0530][gc,marking    ] GC(5) Concurrent Preclean 0.130ms
[2023-09-07T12:00:26.241+0530][gc,marking    ] GC(5) Concurrent Mark (10.487s, 10.594s) 107.250ms
[2023-09-07T12:00:26.245+0530][gc,start      ] GC(5) Pause Remark
[2023-09-07T12:00:26.258+0530][gc,stringtable] GC(5) Cleaned string and symbol table, strings: 13131 processed, 10 removed, symbols: 86364 processed, 23 removed
[2023-09-07T12:00:26.258+0530][gc            ] GC(5) Pause Remark 157M->157M(1024M) 13.396ms
[2023-09-07T12:00:26.258+0530][gc,cpu        ] GC(5) User=0.01s Sys=0.00s Real=0.02s
[2023-09-07T12:00:26.259+0530][gc,marking    ] GC(5) Concurrent Rebuild Remembered Sets
[2023-09-07T12:00:26.295+0530][gc,marking    ] GC(5) Concurrent Rebuild Remembered Sets 35.988ms
[2023-09-07T12:00:26.295+0530][gc,start      ] GC(5) Pause Cleanup
[2023-09-07T12:00:26.295+0530][gc            ] GC(5) Pause Cleanup 157M->157M(1024M) 0.211ms
[2023-09-07T12:00:26.295+0530][gc,cpu        ] GC(5) User=0.00s Sys=0.00s Real=0.00s
[2023-09-07T12:00:26.295+0530][gc,marking    ] GC(5) Concurrent Cleanup for Next Mark
[2023-09-07T12:00:26.392+0530][gc,marking    ] GC(5) Concurrent Cleanup for Next Mark 96.966ms
[2023-09-07T12:00:26.392+0530][gc            ] GC(5) Concurrent Cycle 300.558ms
[2023-09-07T12:07:09.758+0530][gc,start      ] GC(6) Pause Young (Concurrent Start) (G1 Evacuation Pause)
[2023-09-07T12:07:09.758+0530][gc,task       ] GC(6) Using 1 workers of 1 for evacuation
[2023-09-07T12:07:09.779+0530][gc,mmu        ] GC(6) MMU target violated: 21.0ms (20.0ms/21.0ms)
[2023-09-07T12:07:09.779+0530][gc,phases     ] GC(6)   Pre Evacuate Collection Set: 0.1ms
[2023-09-07T12:07:09.779+0530][gc,phases     ] GC(6)   Evacuate Collection Set: 21.0ms
[2023-09-07T12:07:09.779+0530][gc,phases     ] GC(6)   Post Evacuate Collection Set: 0.4ms
[2023-09-07T12:07:09.779+0530][gc,phases     ] GC(6)   Other: 0.3ms
[2023-09-07T12:07:09.779+0530][gc,heap       ] GC(6) Eden regions: 44->0(45)
[2023-09-07T12:07:09.779+0530][gc,heap       ] GC(6) Survivor regions: 7->6(7)
[2023-09-07T12:07:09.779+0530][gc,heap       ] GC(6) Old regions: 8->11
[2023-09-07T12:07:09.779+0530][gc,heap       ] GC(6) Humongous regions: 138->138
[2023-09-07T12:07:09.779+0530][gc,metaspace  ] GC(6) Metaspace: 38762K(40600K)->38762K(40600K) NonClass: 34314K(35328K)->34314K(35328K) Class: 4447K(5272K)->4447K(5272K)
[2023-09-07T12:07:09.779+0530][gc            ] GC(6) Pause Young (Concurrent Start) (G1 Evacuation Pause) 196M->153M(1024M) 21.756ms
[2023-09-07T12:07:09.779+0530][gc,cpu        ] GC(6) User=0.03s Sys=0.00s Real=0.02s
[2023-09-07T12:07:09.779+0530][gc            ] GC(7) Concurrent Cycle
[2023-09-07T12:07:09.779+0530][gc,marking    ] GC(7) Concurrent Clear Claimed Marks
[2023-09-07T12:07:09.779+0530][gc,marking    ] GC(7) Concurrent Clear Claimed Marks 0.121ms
[2023-09-07T12:07:09.779+0530][gc,marking    ] GC(7) Concurrent Scan Root Regions
[2023-09-07T12:07:09.783+0530][gc,marking    ] GC(7) Concurrent Scan Root Regions 3.492ms
[2023-09-07T12:07:09.783+0530][gc,marking    ] GC(7) Concurrent Mark (414.136s)
[2023-09-07T12:07:09.783+0530][gc,marking    ] GC(7) Concurrent Mark From Roots
[2023-09-07T12:07:09.783+0530][gc,task       ] GC(7) Using 1 workers of 1 for marking
[2023-09-07T12:07:09.802+0530][gc,marking    ] GC(7) Concurrent Mark From Roots 18.596ms
[2023-09-07T12:07:09.802+0530][gc,marking    ] GC(7) Concurrent Preclean
[2023-09-07T12:07:09.802+0530][gc,marking    ] GC(7) Concurrent Preclean 0.064ms
[2023-09-07T12:07:09.802+0530][gc,marking    ] GC(7) Concurrent Mark (414.136s, 414.155s) 18.703ms
[2023-09-07T12:07:09.802+0530][gc,start      ] GC(7) Pause Remark
[2023-09-07T12:07:09.810+0530][gc,stringtable] GC(7) Cleaned string and symbol table, strings: 14130 processed, 3 removed, symbols: 88558 processed, 4 removed
[2023-09-07T12:07:09.810+0530][gc            ] GC(7) Pause Remark 154M->154M(1024M) 8.273ms
[2023-09-07T12:07:09.810+0530][gc,cpu        ] GC(7) User=0.00s Sys=0.00s Real=0.01s
[2023-09-07T12:07:09.810+0530][gc,marking    ] GC(7) Concurrent Rebuild Remembered Sets
[2023-09-07T12:07:09.817+0530][gc,marking    ] GC(7) Concurrent Rebuild Remembered Sets 6.935ms
[2023-09-07T12:07:09.817+0530][gc,start      ] GC(7) Pause Cleanup
[2023-09-07T12:07:09.817+0530][gc            ] GC(7) Pause Cleanup 154M->154M(1024M) 0.091ms
[2023-09-07T12:07:09.817+0530][gc,cpu        ] GC(7) User=0.00s Sys=0.00s Real=0.00s
[2023-09-07T12:07:09.817+0530][gc,marking    ] GC(7) Concurrent Cleanup for Next Mark
[2023-09-07T12:07:09.818+0530][gc,marking    ] GC(7) Concurrent Cleanup for Next Mark 0.788ms
[2023-09-07T12:07:09.818+0530][gc            ] GC(7) Concurrent Cycle 38.782ms
[2023-09-07T12:09:14.497+0530][gc,start      ] GC(8) Pause Young (Normal) (G1 Evacuation Pause)
[2023-09-07T12:09:14.497+0530][gc,task       ] GC(8) Using 1 workers of 1 for evacuation
[2023-09-07T12:09:14.515+0530][gc,phases     ] GC(8)   Pre Evacuate Collection Set: 0.0ms
[2023-09-07T12:09:14.515+0530][gc,phases     ] GC(8)   Evacuate Collection Set: 17.1ms
[2023-09-07T12:09:14.515+0530][gc,phases     ] GC(8)   Post Evacuate Collection Set: 0.4ms
[2023-09-07T12:09:14.515+0530][gc,phases     ] GC(8)   Other: 0.2ms
[2023-09-07T12:09:14.515+0530][gc,heap       ] GC(8) Eden regions: 45->0(47)
[2023-09-07T12:09:14.515+0530][gc,heap       ] GC(8) Survivor regions: 6->4(7)
[2023-09-07T12:09:14.515+0530][gc,heap       ] GC(8) Old regions: 11->14
[2023-09-07T12:09:14.515+0530][gc,heap       ] GC(8) Humongous regions: 138->138
[2023-09-07T12:09:14.515+0530][gc,metaspace  ] GC(8) Metaspace: 41437K(43928K)->41437K(43928K) NonClass: 36513K(37888K)->36513K(37888K) Class: 4923K(6040K)->4923K(6040K)
[2023-09-07T12:09:14.515+0530][gc            ] GC(8) Pause Young (Normal) (G1 Evacuation Pause) 198M->154M(1024M) 17.785ms
[2023-09-07T12:09:14.515+0530][gc,cpu        ] GC(8) User=0.02s Sys=0.00s Real=0.01s
[2023-09-07T12:17:51.132+0530][gc,start      ] GC(9) Pause Young (Normal) (G1 Evacuation Pause)
[2023-09-07T12:17:51.132+0530][gc,task       ] GC(9) Using 1 workers of 1 for evacuation
[2023-09-07T12:17:51.147+0530][gc,phases     ] GC(9)   Pre Evacuate Collection Set: 0.0ms
[2023-09-07T12:17:51.147+0530][gc,phases     ] GC(9)   Evacuate Collection Set: 14.7ms
[2023-09-07T12:17:51.147+0530][gc,phases     ] GC(9)   Post Evacuate Collection Set: 0.4ms
[2023-09-07T12:17:51.147+0530][gc,phases     ] GC(9)   Other: 0.2ms
[2023-09-07T12:17:51.147+0530][gc,heap       ] GC(9) Eden regions: 47->0(45)
[2023-09-07T12:17:51.147+0530][gc,heap       ] GC(9) Survivor regions: 4->6(7)
[2023-09-07T12:17:51.147+0530][gc,heap       ] GC(9) Old regions: 14->14
[2023-09-07T12:17:51.147+0530][gc,heap       ] GC(9) Humongous regions: 138->138
[2023-09-07T12:17:51.147+0530][gc,metaspace  ] GC(9) Metaspace: 42342K(44696K)->42342K(44696K) NonClass: 37339K(38656K)->37339K(38656K) Class: 5003K(6040K)->5003K(6040K)
[2023-09-07T12:17:51.147+0530][gc            ] GC(9) Pause Young (Normal) (G1 Evacuation Pause) 201M->156M(1024M) 15.353ms
[2023-09-07T12:17:51.147+0530][gc,cpu        ] GC(9) User=0.01s Sys=0.00s Real=0.01s
[2023-09-07T12:25:57.025+0530][gc,start      ] GC(10) Pause Young (Normal) (G1 Evacuation Pause)
[2023-09-07T12:25:57.025+0530][gc,task       ] GC(10) Using 1 workers of 1 for evacuation
[2023-09-07T12:25:57.043+0530][gc,phases     ] GC(10)   Pre Evacuate Collection Set: 0.0ms
[2023-09-07T12:25:57.043+0530][gc,phases     ] GC(10)   Evacuate Collection Set: 17.9ms
[2023-09-07T12:25:57.043+0530][gc,phases     ] GC(10)   Post Evacuate Collection Set: 0.3ms
[2023-09-07T12:25:57.043+0530][gc,phases     ] GC(10)   Other: 0.2ms
[2023-09-07T12:25:57.043+0530][gc,heap       ] GC(10) Eden regions: 45->0(47)
[2023-09-07T12:25:57.043+0530][gc,heap       ] GC(10) Survivor regions: 6->4(7)
[2023-09-07T12:25:57.043+0530][gc,heap       ] GC(10) Old regions: 14->17
[2023-09-07T12:25:57.043+0530][gc,heap       ] GC(10) Humongous regions: 138->138
[2023-09-07T12:25:57.043+0530][gc,metaspace  ] GC(10) Metaspace: 42572K(45080K)->42572K(45080K) NonClass: 37551K(38912K)->37551K(38912K) Class: 5020K(6168K)->5020K(6168K)
[2023-09-07T12:25:57.043+0530][gc            ] GC(10) Pause Young (Normal) (G1 Evacuation Pause) 201M->158M(1024M) 18.415ms
[2023-09-07T12:25:57.043+0530][gc,cpu        ] GC(10) User=0.02s Sys=0.00s Real=0.02s
[2023-09-07T12:34:57.264+0530][gc,start      ] GC(11) Pause Young (Normal) (G1 Evacuation Pause)
[2023-09-07T12:34:57.264+0530][gc,task       ] GC(11) Using 1 workers of 1 for evacuation
[2023-09-07T12:34:57.288+0530][gc,mmu        ] GC(11) MMU target violated: 21.0ms (20.0ms/21.0ms)
[2023-09-07T12:34:57.288+0530][gc,phases     ] GC(11)   Pre Evacuate Collection Set: 0.0ms
[2023-09-07T12:34:57.288+0530][gc,phases     ] GC(11)   Evacuate Collection Set: 23.7ms
[2023-09-07T12:34:57.288+0530][gc,phases     ] GC(11)   Post Evacuate Collection Set: 0.4ms
[2023-09-07T12:34:57.288+0530][gc,phases     ] GC(11)   Other: 0.3ms
[2023-09-07T12:34:57.288+0530][gc,heap       ] GC(11) Eden regions: 47->0(47)
[2023-09-07T12:34:57.288+0530][gc,heap       ] GC(11) Survivor regions: 4->4(7)
[2023-09-07T12:34:57.288+0530][gc,heap       ] GC(11) Old regions: 17->17
[2023-09-07T12:34:57.289+0530][gc,heap       ] GC(11) Humongous regions: 138->138
[2023-09-07T12:34:57.289+0530][gc,metaspace  ] GC(11) Metaspace: 42616K(45080K)->42616K(45080K) NonClass: 37596K(38912K)->37596K(38912K) Class: 5020K(6168K)->5020K(6168K)
[2023-09-07T12:34:57.289+0530][gc            ] GC(11) Pause Young (Normal) (G1 Evacuation Pause) 205M->159M(1024M) 24.486ms
[2023-09-07T12:34:57.289+0530][gc,cpu        ] GC(11) User=0.03s Sys=0.00s Real=0.02s
[2023-09-07T12:44:05.289+0530][gc,start      ] GC(12) Pause Young (Normal) (G1 Evacuation Pause)
[2023-09-07T12:44:05.289+0530][gc,task       ] GC(12) Using 1 workers of 1 for evacuation
[2023-09-07T12:44:05.298+0530][gc,phases     ] GC(12)   Pre Evacuate Collection Set: 0.0ms
[2023-09-07T12:44:05.298+0530][gc,phases     ] GC(12)   Evacuate Collection Set: 8.8ms
[2023-09-07T12:44:05.298+0530][gc,phases     ] GC(12)   Post Evacuate Collection Set: 0.2ms
[2023-09-07T12:44:05.298+0530][gc,phases     ] GC(12)   Other: 0.2ms
[2023-09-07T12:44:05.298+0530][gc,heap       ] GC(12) Eden regions: 47->0(48)
[2023-09-07T12:44:05.298+0530][gc,heap       ] GC(12) Survivor regions: 4->3(7)
[2023-09-07T12:44:05.298+0530][gc,heap       ] GC(12) Old regions: 17->18
[2023-09-07T12:44:05.298+0530][gc,heap       ] GC(12) Humongous regions: 147->147
[2023-09-07T12:44:05.298+0530][gc,metaspace  ] GC(12) Metaspace: 42667K(45080K)->42667K(45080K) NonClass: 37645K(38912K)->37645K(38912K) Class: 5021K(6168K)->5021K(6168K)
[2023-09-07T12:44:05.298+0530][gc            ] GC(12) Pause Young (Normal) (G1 Evacuation Pause) 214M->167M(1024M) 9.249ms
[2023-09-07T12:44:05.298+0530][gc,cpu        ] GC(12) User=0.01s Sys=0.00s Real=0.02s
[2023-09-07T12:53:46.164+0530][gc,start      ] GC(13) Pause Young (Normal) (G1 Evacuation Pause)
[2023-09-07T12:53:46.164+0530][gc,task       ] GC(13) Using 1 workers of 1 for evacuation
[2023-09-07T12:53:46.173+0530][gc,phases     ] GC(13)   Pre Evacuate Collection Set: 0.0ms
[2023-09-07T12:53:46.173+0530][gc,phases     ] GC(13)   Evacuate Collection Set: 8.6ms
[2023-09-07T12:53:46.173+0530][gc,phases     ] GC(13)   Post Evacuate Collection Set: 0.2ms
[2023-09-07T12:53:46.173+0530][gc,phases     ] GC(13)   Other: 0.2ms
[2023-09-07T12:53:46.173+0530][gc,heap       ] GC(13) Eden regions: 48->0(47)
[2023-09-07T12:53:46.173+0530][gc,heap       ] GC(13) Survivor regions: 3->4(7)
[2023-09-07T12:53:46.173+0530][gc,heap       ] GC(13) Old regions: 18->18
[2023-09-07T12:53:46.173+0530][gc,heap       ] GC(13) Humongous regions: 147->147
[2023-09-07T12:53:46.173+0530][gc,metaspace  ] GC(13) Metaspace: 42702K(45336K)->42702K(45336K) NonClass: 37680K(39168K)->37680K(39168K) Class: 5021K(6168K)->5021K(6168K)
[2023-09-07T12:53:46.173+0530][gc            ] GC(13) Pause Young (Normal) (G1 Evacuation Pause) 215M->168M(1024M) 9.011ms
[2023-09-07T12:53:46.173+0530][gc,cpu        ] GC(13) User=0.01s Sys=0.00s Real=0.01s
[2023-09-07T13:02:18.576+0530][gc,start      ] GC(14) Pause Young (Normal) (G1 Evacuation Pause)
[2023-09-07T13:02:18.576+0530][gc,task       ] GC(14) Using 1 workers of 1 for evacuation
[2023-09-07T13:02:18.590+0530][gc,phases     ] GC(14)   Pre Evacuate Collection Set: 0.0ms
[2023-09-07T13:02:18.590+0530][gc,phases     ] GC(14)   Evacuate Collection Set: 13.5ms
[2023-09-07T13:02:18.590+0530][gc,phases     ] GC(14)   Post Evacuate Collection Set: 0.2ms
[2023-09-07T13:02:18.590+0530][gc,phases     ] GC(14)   Other: 0.2ms
[2023-09-07T13:02:18.590+0530][gc,heap       ] GC(14) Eden regions: 47->0(45)
[2023-09-07T13:02:18.590+0530][gc,heap       ] GC(14) Survivor regions: 4->6(7)
[2023-09-07T13:02:18.590+0530][gc,heap       ] GC(14) Old regions: 18->18
[2023-09-07T13:02:18.590+0530][gc,heap       ] GC(14) Humongous regions: 156->156
[2023-09-07T13:02:18.590+0530][gc,metaspace  ] GC(14) Metaspace: 42855K(45336K)->42855K(45336K) NonClass: 37798K(39168K)->37798K(39168K) Class: 5056K(6168K)->5056K(6168K)
[2023-09-07T13:02:18.590+0530][gc            ] GC(14) Pause Young (Normal) (G1 Evacuation Pause) 224M->179M(1024M) 13.952ms
[2023-09-07T13:02:18.590+0530][gc,cpu        ] GC(14) User=0.01s Sys=0.00s Real=0.02s
[2023-09-07T13:11:30.996+0530][gc,start      ] GC(15) Pause Young (Normal) (G1 Evacuation Pause)
[2023-09-07T13:11:30.996+0530][gc,task       ] GC(15) Using 1 workers of 1 for evacuation
[2023-09-07T13:11:31.012+0530][gc,phases     ] GC(15)   Pre Evacuate Collection Set: 0.0ms
[2023-09-07T13:11:31.012+0530][gc,phases     ] GC(15)   Evacuate Collection Set: 15.4ms
[2023-09-07T13:11:31.012+0530][gc,phases     ] GC(15)   Post Evacuate Collection Set: 0.2ms
[2023-09-07T13:11:31.012+0530][gc,phases     ] GC(15)   Other: 0.2ms
[2023-09-07T13:11:31.012+0530][gc,heap       ] GC(15) Eden regions: 45->0(48)
[2023-09-07T13:11:31.012+0530][gc,heap       ] GC(15) Survivor regions: 6->3(7)
[2023-09-07T13:11:31.012+0530][gc,heap       ] GC(15) Old regions: 18->22
[2023-09-07T13:11:31.012+0530][gc,heap       ] GC(15) Humongous regions: 156->156
[2023-09-07T13:11:31.012+0530][gc,metaspace  ] GC(15) Metaspace: 42887K(45336K)->42887K(45336K) NonClass: 37831K(39168K)->37831K(39168K) Class: 5056K(6168K)->5056K(6168K)
[2023-09-07T13:11:31.012+0530][gc            ] GC(15) Pause Young (Normal) (G1 Evacuation Pause) 224M->179M(1024M) 15.946ms
[2023-09-07T13:11:31.012+0530][gc,cpu        ] GC(15) User=0.02s Sys=0.00s Real=0.02s
[2023-09-07T13:21:23.692+0530][gc,start      ] GC(16) Pause Young (Normal) (G1 Evacuation Pause)
[2023-09-07T13:21:23.692+0530][gc,task       ] GC(16) Using 1 workers of 1 for evacuation
[2023-09-07T13:21:23.717+0530][gc,mmu        ] GC(16) MMU target violated: 21.0ms (20.0ms/21.0ms)
[2023-09-07T13:21:23.717+0530][gc,phases     ] GC(16)   Pre Evacuate Collection Set: 0.0ms
[2023-09-07T13:21:23.717+0530][gc,phases     ] GC(16)   Evacuate Collection Set: 24.4ms
[2023-09-07T13:21:23.717+0530][gc,phases     ] GC(16)   Post Evacuate Collection Set: 0.3ms
[2023-09-07T13:21:23.717+0530][gc,phases     ] GC(16)   Other: 0.3ms
[2023-09-07T13:21:23.717+0530][gc,heap       ] GC(16) Eden regions: 48->0(46)
[2023-09-07T13:21:23.717+0530][gc,heap       ] GC(16) Survivor regions: 3->5(7)
[2023-09-07T13:21:23.717+0530][gc,heap       ] GC(16) Old regions: 22->22
[2023-09-07T13:21:23.717+0530][gc,heap       ] GC(16) Humongous regions: 156->156
[2023-09-07T13:21:23.717+0530][gc,metaspace  ] GC(16) Metaspace: 42976K(45336K)->42976K(45336K) NonClass: 37910K(39168K)->37910K(39168K) Class: 5065K(6168K)->5065K(6168K)
[2023-09-07T13:21:23.717+0530][gc            ] GC(16) Pause Young (Normal) (G1 Evacuation Pause) 227M->182M(1024M) 25.216ms
[2023-09-07T13:21:23.717+0530][gc,cpu        ] GC(16) User=0.03s Sys=0.00s Real=0.03s
[2023-09-07T13:30:55.007+0530][gc,start      ] GC(17) Pause Young (Normal) (G1 Evacuation Pause)
[2023-09-07T13:30:55.007+0530][gc,task       ] GC(17) Using 1 workers of 1 for evacuation
[2023-09-07T13:30:55.025+0530][gc,phases     ] GC(17)   Pre Evacuate Collection Set: 0.0ms
[2023-09-07T13:30:55.025+0530][gc,phases     ] GC(17)   Evacuate Collection Set: 18.0ms
[2023-09-07T13:30:55.025+0530][gc,phases     ] GC(17)   Post Evacuate Collection Set: 0.4ms
[2023-09-07T13:30:55.025+0530][gc,phases     ] GC(17)   Other: 0.2ms
[2023-09-07T13:30:55.025+0530][gc,heap       ] GC(17) Eden regions: 46->0(45)
[2023-09-07T13:30:55.025+0530][gc,heap       ] GC(17) Survivor regions: 5->6(7)
[2023-09-07T13:30:55.025+0530][gc,heap       ] GC(17) Old regions: 22->23
[2023-09-07T13:30:55.025+0530][gc,heap       ] GC(17) Humongous regions: 156->156
[2023-09-07T13:30:55.025+0530][gc,metaspace  ] GC(17) Metaspace: 42981K(45336K)->42981K(45336K) NonClass: 37916K(39168K)->37916K(39168K) Class: 5065K(6168K)->5065K(6168K)
[2023-09-07T13:30:55.025+0530][gc            ] GC(17) Pause Young (Normal) (G1 Evacuation Pause) 228M->184M(1024M) 18.822ms
[2023-09-07T13:30:55.025+0530][gc,cpu        ] GC(17) User=0.01s Sys=0.01s Real=0.02s
[2023-09-07T13:40:11.288+0530][gc,start      ] GC(18) Pause Young (Normal) (G1 Evacuation Pause)
[2023-09-07T13:40:11.288+0530][gc,task       ] GC(18) Using 1 workers of 1 for evacuation
[2023-09-07T13:40:11.311+0530][gc,mmu        ] GC(18) MMU target violated: 21.0ms (20.0ms/21.0ms)
[2023-09-07T13:40:11.311+0530][gc,phases     ] GC(18)   Pre Evacuate Collection Set: 0.0ms
[2023-09-07T13:40:11.311+0530][gc,phases     ] GC(18)   Evacuate Collection Set: 21.9ms
[2023-09-07T13:40:11.311+0530][gc,phases     ] GC(18)   Post Evacuate Collection Set: 0.2ms
[2023-09-07T13:40:11.311+0530][gc,phases     ] GC(18)   Other: 0.2ms
[2023-09-07T13:40:11.311+0530][gc,heap       ] GC(18) Eden regions: 45->0(45)
[2023-09-07T13:40:11.311+0530][gc,heap       ] GC(18) Survivor regions: 6->6(7)
[2023-09-07T13:40:11.311+0530][gc,heap       ] GC(18) Old regions: 23->26
[2023-09-07T13:40:11.311+0530][gc,heap       ] GC(18) Humongous regions: 156->156
[2023-09-07T13:40:11.311+0530][gc,metaspace  ] GC(18) Metaspace: 43003K(45336K)->43003K(45336K) NonClass: 37938K(39168K)->37938K(39168K) Class: 5065K(6168K)->5065K(6168K)
[2023-09-07T13:40:11.311+0530][gc            ] GC(18) Pause Young (Normal) (G1 Evacuation Pause) 229M->187M(1024M) 22.421ms
[2023-09-07T13:40:11.311+0530][gc,cpu        ] GC(18) User=0.02s Sys=0.00s Real=0.03s
[2023-09-07T13:49:31.288+0530][gc,start      ] GC(19) Pause Young (Normal) (G1 Evacuation Pause)
[2023-09-07T13:49:31.288+0530][gc,task       ] GC(19) Using 1 workers of 1 for evacuation
[2023-09-07T13:49:31.309+0530][gc,mmu        ] GC(19) MMU target violated: 20.5ms (20.0ms/21.0ms)
[2023-09-07T13:49:31.309+0530][gc,phases     ] GC(19)   Pre Evacuate Collection Set: 0.0ms
[2023-09-07T13:49:31.309+0530][gc,phases     ] GC(19)   Evacuate Collection Set: 20.1ms
[2023-09-07T13:49:31.309+0530][gc,phases     ] GC(19)   Post Evacuate Collection Set: 0.2ms
[2023-09-07T13:49:31.309+0530][gc,phases     ] GC(19)   Other: 0.2ms
[2023-09-07T13:49:31.309+0530][gc,heap       ] GC(19) Eden regions: 45->0(46)
[2023-09-07T13:49:31.309+0530][gc,heap       ] GC(19) Survivor regions: 6->5(7)
[2023-09-07T13:49:31.309+0530][gc,heap       ] GC(19) Old regions: 26->28
[2023-09-07T13:49:31.309+0530][gc,heap       ] GC(19) Humongous regions: 156->156
[2023-09-07T13:49:31.309+0530][gc,metaspace  ] GC(19) Metaspace: 43023K(45592K)->43023K(45592K) NonClass: 37958K(39424K)->37958K(39424K) Class: 5065K(6168K)->5065K(6168K)
[2023-09-07T13:49:31.309+0530][gc            ] GC(19) Pause Young (Normal) (G1 Evacuation Pause) 232M->188M(1024M) 20.663ms
[2023-09-07T13:49:31.309+0530][gc,cpu        ] GC(19) User=0.02s Sys=0.00s Real=0.03s
[2023-09-07T13:59:02.583+0530][gc,start      ] GC(20) Pause Young (Normal) (G1 Evacuation Pause)
[2023-09-07T13:59:02.583+0530][gc,task       ] GC(20) Using 1 workers of 1 for evacuation
[2023-09-07T13:59:02.605+0530][gc,mmu        ] GC(20) MMU target violated: 21.0ms (20.0ms/21.0ms)
[2023-09-07T13:59:02.605+0530][gc,phases     ] GC(20)   Pre Evacuate Collection Set: 0.0ms
[2023-09-07T13:59:02.605+0530][gc,phases     ] GC(20)   Evacuate Collection Set: 21.9ms
[2023-09-07T13:59:02.605+0530][gc,phases     ] GC(20)   Post Evacuate Collection Set: 0.2ms
[2023-09-07T13:59:02.605+0530][gc,phases     ] GC(20)   Other: 0.2ms
[2023-09-07T13:59:02.605+0530][gc,heap       ] GC(20) Eden regions: 46->0(45)
[2023-09-07T13:59:02.605+0530][gc,heap       ] GC(20) Survivor regions: 5->6(7)
[2023-09-07T13:59:02.605+0530][gc,heap       ] GC(20) Old regions: 28->31
[2023-09-07T13:59:02.605+0530][gc,heap       ] GC(20) Humongous regions: 156->156
[2023-09-07T13:59:02.605+0530][gc,metaspace  ] GC(20) Metaspace: 43023K(45592K)->43023K(45592K) NonClass: 37958K(39424K)->37958K(39424K) Class: 5065K(6168K)->5065K(6168K)
[2023-09-07T13:59:02.605+0530][gc            ] GC(20) Pause Young (Normal) (G1 Evacuation Pause) 234M->192M(1024M) 22.448ms
[2023-09-07T13:59:02.605+0530][gc,cpu        ] GC(20) User=0.02s Sys=0.00s Real=0.02s
[2023-09-07T14:07:16.288+0530][gc,start      ] GC(21) Pause Young (Normal) (G1 Evacuation Pause)
[2023-09-07T14:07:16.288+0530][gc,task       ] GC(21) Using 1 workers of 1 for evacuation
[2023-09-07T14:07:16.314+0530][gc,mmu        ] GC(21) MMU target violated: 21.0ms (20.0ms/21.0ms)
[2023-09-07T14:07:16.314+0530][gc,phases     ] GC(21)   Pre Evacuate Collection Set: 0.0ms
[2023-09-07T14:07:16.314+0530][gc,phases     ] GC(21)   Evacuate Collection Set: 25.0ms
[2023-09-07T14:07:16.314+0530][gc,phases     ] GC(21)   Post Evacuate Collection Set: 0.2ms
[2023-09-07T14:07:16.314+0530][gc,phases     ] GC(21)   Other: 0.2ms
[2023-09-07T14:07:16.314+0530][gc,heap       ] GC(21) Eden regions: 45->0(46)
[2023-09-07T14:07:16.314+0530][gc,heap       ] GC(21) Survivor regions: 6->5(7)
[2023-09-07T14:07:16.314+0530][gc,heap       ] GC(21) Old regions: 31->35
[2023-09-07T14:07:16.314+0530][gc,heap       ] GC(21) Humongous regions: 156->156
[2023-09-07T14:07:16.314+0530][gc,metaspace  ] GC(21) Metaspace: 43122K(45592K)->43122K(45592K) NonClass: 38032K(39424K)->38032K(39424K) Class: 5089K(6168K)->5089K(6168K)
[2023-09-07T14:07:16.314+0530][gc            ] GC(21) Pause Young (Normal) (G1 Evacuation Pause) 237M->196M(1024M) 25.502ms
[2023-09-07T14:07:16.314+0530][gc,cpu        ] GC(21) User=0.03s Sys=0.00s Real=0.03s
[2023-09-07T14:16:45.247+0530][gc,start      ] GC(22) Pause Young (Normal) (G1 Evacuation Pause)
[2023-09-07T14:16:45.247+0530][gc,task       ] GC(22) Using 1 workers of 1 for evacuation
[2023-09-07T14:16:45.260+0530][gc,phases     ] GC(22)   Pre Evacuate Collection Set: 0.0ms
[2023-09-07T14:16:45.260+0530][gc,phases     ] GC(22)   Evacuate Collection Set: 13.3ms
[2023-09-07T14:16:45.260+0530][gc,phases     ] GC(22)   Post Evacuate Collection Set: 0.2ms
[2023-09-07T14:16:45.260+0530][gc,phases     ] GC(22)   Other: 0.2ms
[2023-09-07T14:16:45.260+0530][gc,heap       ] GC(22) Eden regions: 46->0(49)
[2023-09-07T14:16:45.260+0530][gc,heap       ] GC(22) Survivor regions: 5->2(7)
[2023-09-07T14:16:45.260+0530][gc,heap       ] GC(22) Old regions: 35->38
[2023-09-07T14:16:45.260+0530][gc,heap       ] GC(22) Humongous regions: 156->156
[2023-09-07T14:16:45.261+0530][gc,metaspace  ] GC(22) Metaspace: 43155K(45592K)->43155K(45592K) NonClass: 38066K(39424K)->38066K(39424K) Class: 5089K(6168K)->5089K(6168K)
[2023-09-07T14:16:45.261+0530][gc            ] GC(22) Pause Young (Normal) (G1 Evacuation Pause) 242M->195M(1024M) 13.827ms
[2023-09-07T14:16:45.261+0530][gc,cpu        ] GC(22) User=0.02s Sys=0.00s Real=0.02s
[2023-09-07T14:26:56.752+0530][gc,start      ] GC(23) Pause Young (Normal) (G1 Evacuation Pause)
[2023-09-07T14:26:56.752+0530][gc,task       ] GC(23) Using 1 workers of 1 for evacuation
[2023-09-07T14:26:56.765+0530][gc,phases     ] GC(23)   Pre Evacuate Collection Set: 0.0ms
[2023-09-07T14:26:56.765+0530][gc,phases     ] GC(23)   Evacuate Collection Set: 12.2ms
[2023-09-07T14:26:56.765+0530][gc,phases     ] GC(23)   Post Evacuate Collection Set: 0.2ms
[2023-09-07T14:26:56.765+0530][gc,phases     ] GC(23)   Other: 0.2ms
[2023-09-07T14:26:56.765+0530][gc,heap       ] GC(23) Eden regions: 49->0(46)
[2023-09-07T14:26:56.765+0530][gc,heap       ] GC(23) Survivor regions: 2->5(7)
[2023-09-07T14:26:56.765+0530][gc,heap       ] GC(23) Old regions: 38->38
[2023-09-07T14:26:56.765+0530][gc,heap       ] GC(23) Humongous regions: 156->156
[2023-09-07T14:26:56.765+0530][gc,metaspace  ] GC(23) Metaspace: 43162K(45592K)->43162K(45592K) NonClass: 38073K(39424K)->38073K(39424K) Class: 5089K(6168K)->5089K(6168K)
[2023-09-07T14:26:56.765+0530][gc            ] GC(23) Pause Young (Normal) (G1 Evacuation Pause) 244M->198M(1024M) 12.749ms
[2023-09-07T14:26:56.765+0530][gc,cpu        ] GC(23) User=0.01s Sys=0.00s Real=0.01s
[2023-09-07T14:36:25.245+0530][gc,start      ] GC(24) Pause Young (Normal) (G1 Evacuation Pause)
[2023-09-07T14:36:25.245+0530][gc,task       ] GC(24) Using 1 workers of 1 for evacuation
[2023-09-07T14:36:25.264+0530][gc,phases     ] GC(24)   Pre Evacuate Collection Set: 0.0ms
[2023-09-07T14:36:25.264+0530][gc,phases     ] GC(24)   Evacuate Collection Set: 18.0ms
[2023-09-07T14:36:25.264+0530][gc,phases     ] GC(24)   Post Evacuate Collection Set: 0.2ms
[2023-09-07T14:36:25.264+0530][gc,phases     ] GC(24)   Other: 0.2ms
[2023-09-07T14:36:25.264+0530][gc,heap       ] GC(24) Eden regions: 46->0(45)
[2023-09-07T14:36:25.264+0530][gc,heap       ] GC(24) Survivor regions: 5->6(7)
[2023-09-07T14:36:25.264+0530][gc,heap       ] GC(24) Old regions: 38->39
[2023-09-07T14:36:25.264+0530][gc,heap       ] GC(24) Humongous regions: 156->156
[2023-09-07T14:36:25.264+0530][gc,metaspace  ] GC(24) Metaspace: 43166K(45592K)->43166K(45592K) NonClass: 38077K(39424K)->38077K(39424K) Class: 5089K(6168K)->5089K(6168K)
[2023-09-07T14:36:25.264+0530][gc            ] GC(24) Pause Young (Normal) (G1 Evacuation Pause) 244M->201M(1024M) 18.469ms
[2023-09-07T14:36:25.264+0530][gc,cpu        ] GC(24) User=0.02s Sys=0.00s Real=0.02s
[2023-09-07T14:45:37.953+0530][gc,start      ] GC(25) Pause Young (Normal) (G1 Evacuation Pause)
[2023-09-07T14:45:37.953+0530][gc,task       ] GC(25) Using 1 workers of 1 for evacuation
[2023-09-07T14:45:37.975+0530][gc,mmu        ] GC(25) MMU target violated: 21.0ms (20.0ms/21.0ms)
[2023-09-07T14:45:37.975+0530][gc,phases     ] GC(25)   Pre Evacuate Collection Set: 0.0ms
[2023-09-07T14:45:37.976+0530][gc,phases     ] GC(25)   Evacuate Collection Set: 21.6ms
[2023-09-07T14:45:37.976+0530][gc,phases     ] GC(25)   Post Evacuate Collection Set: 0.2ms
[2023-09-07T14:45:37.976+0530][gc,phases     ] GC(25)   Other: 0.2ms
[2023-09-07T14:45:37.976+0530][gc,heap       ] GC(25) Eden regions: 45->0(45)
[2023-09-07T14:45:37.976+0530][gc,heap       ] GC(25) Survivor regions: 6->6(7)
[2023-09-07T14:45:37.976+0530][gc,heap       ] GC(25) Old regions: 39->42
[2023-09-07T14:45:37.976+0530][gc,heap       ] GC(25) Humongous regions: 156->156
[2023-09-07T14:45:37.976+0530][gc,metaspace  ] GC(25) Metaspace: 43167K(45592K)->43167K(45592K) NonClass: 38078K(39424K)->38078K(39424K) Class: 5089K(6168K)->5089K(6168K)
[2023-09-07T14:45:37.976+0530][gc            ] GC(25) Pause Young (Normal) (G1 Evacuation Pause) 246M->203M(1024M) 22.148ms
[2023-09-07T14:45:37.976+0530][gc,cpu        ] GC(25) User=0.03s Sys=0.00s Real=0.02s
[2023-09-07T14:54:56.288+0530][gc,start      ] GC(26) Pause Young (Normal) (G1 Evacuation Pause)
[2023-09-07T14:54:56.288+0530][gc,task       ] GC(26) Using 1 workers of 1 for evacuation
[2023-09-07T14:54:56.311+0530][gc,mmu        ] GC(26) MMU target violated: 21.0ms (20.0ms/21.0ms)
[2023-09-07T14:54:56.311+0530][gc,phases     ] GC(26)   Pre Evacuate Collection Set: 0.0ms
[2023-09-07T14:54:56.311+0530][gc,phases     ] GC(26)   Evacuate Collection Set: 22.3ms
[2023-09-07T14:54:56.311+0530][gc,phases     ] GC(26)   Post Evacuate Collection Set: 0.2ms
[2023-09-07T14:54:56.311+0530][gc,phases     ] GC(26)   Other: 0.2ms
[2023-09-07T14:54:56.311+0530][gc,heap       ] GC(26) Eden regions: 45->0(45)
[2023-09-07T14:54:56.311+0530][gc,heap       ] GC(26) Survivor regions: 6->6(7)
[2023-09-07T14:54:56.311+0530][gc,heap       ] GC(26) Old regions: 42->45
[2023-09-07T14:54:56.311+0530][gc,heap       ] GC(26) Humongous regions: 156->156
[2023-09-07T14:54:56.311+0530][gc,metaspace  ] GC(26) Metaspace: 43179K(45592K)->43179K(45592K) NonClass: 38090K(39424K)->38090K(39424K) Class: 5089K(6168K)->5089K(6168K)
[2023-09-07T14:54:56.311+0530][gc            ] GC(26) Pause Young (Normal) (G1 Evacuation Pause) 248M->206M(1024M) 22.790ms
[2023-09-07T14:54:56.311+0530][gc,cpu        ] GC(26) User=0.02s Sys=0.01s Real=0.03s
[2023-09-07T15:03:16.288+0530][gc,start      ] GC(27) Pause Young (Normal) (G1 Evacuation Pause)
[2023-09-07T15:03:16.288+0530][gc,task       ] GC(27) Using 1 workers of 1 for evacuation
[2023-09-07T15:03:16.316+0530][gc,mmu        ] GC(27) MMU target violated: 21.0ms (20.0ms/21.0ms)
[2023-09-07T15:03:16.316+0530][gc,phases     ] GC(27)   Pre Evacuate Collection Set: 0.0ms
[2023-09-07T15:03:16.316+0530][gc,phases     ] GC(27)   Evacuate Collection Set: 26.9ms
[2023-09-07T15:03:16.316+0530][gc,phases     ] GC(27)   Post Evacuate Collection Set: 0.2ms
[2023-09-07T15:03:16.316+0530][gc,phases     ] GC(27)   Other: 0.2ms
[2023-09-07T15:03:16.316+0530][gc,heap       ] GC(27) Eden regions: 45->0(45)
[2023-09-07T15:03:16.316+0530][gc,heap       ] GC(27) Survivor regions: 6->6(7)
[2023-09-07T15:03:16.316+0530][gc,heap       ] GC(27) Old regions: 45->50
[2023-09-07T15:03:16.316+0530][gc,heap       ] GC(27) Humongous regions: 156->156
[2023-09-07T15:03:16.316+0530][gc,metaspace  ] GC(27) Metaspace: 43194K(45592K)->43194K(45592K) NonClass: 38100K(39424K)->38100K(39424K) Class: 5094K(6168K)->5094K(6168K)
[2023-09-07T15:03:16.316+0530][gc            ] GC(27) Pause Young (Normal) (G1 Evacuation Pause) 251M->211M(1024M) 27.436ms
[2023-09-07T15:03:16.316+0530][gc,cpu        ] GC(27) User=0.03s Sys=0.00s Real=0.03s
[2023-09-07T15:12:15.521+0530][gc,start      ] GC(28) Pause Young (Normal) (G1 Evacuation Pause)
[2023-09-07T15:12:15.521+0530][gc,task       ] GC(28) Using 1 workers of 1 for evacuation
[2023-09-07T15:12:15.539+0530][gc,phases     ] GC(28)   Pre Evacuate Collection Set: 0.0ms
[2023-09-07T15:12:15.539+0530][gc,phases     ] GC(28)   Evacuate Collection Set: 17.1ms
[2023-09-07T15:12:15.539+0530][gc,phases     ] GC(28)   Post Evacuate Collection Set: 0.2ms
[2023-09-07T15:12:15.539+0530][gc,phases     ] GC(28)   Other: 0.2ms
[2023-09-07T15:12:15.539+0530][gc,heap       ] GC(28) Eden regions: 45->0(48)
[2023-09-07T15:12:15.539+0530][gc,heap       ] GC(28) Survivor regions: 6->3(7)
[2023-09-07T15:12:15.539+0530][gc,heap       ] GC(28) Old regions: 50->53
[2023-09-07T15:12:15.539+0530][gc,heap       ] GC(28) Humongous regions: 156->156
[2023-09-07T15:12:15.539+0530][gc,metaspace  ] GC(28) Metaspace: 43206K(45592K)->43206K(45592K) NonClass: 38112K(39424K)->38112K(39424K) Class: 5094K(6168K)->5094K(6168K)
[2023-09-07T15:12:15.539+0530][gc            ] GC(28) Pause Young (Normal) (G1 Evacuation Pause) 256M->212M(1024M) 17.648ms
[2023-09-07T15:12:15.539+0530][gc,cpu        ] GC(28) User=0.02s Sys=0.00s Real=0.02s
[2023-09-07T15:21:42.014+0530][gc,start      ] GC(29) Pause Young (Normal) (G1 Evacuation Pause)
[2023-09-07T15:21:42.014+0530][gc,task       ] GC(29) Using 1 workers of 1 for evacuation
[2023-09-07T15:21:42.028+0530][gc,phases     ] GC(29)   Pre Evacuate Collection Set: 0.0ms
[2023-09-07T15:21:42.028+0530][gc,phases     ] GC(29)   Evacuate Collection Set: 13.5ms
[2023-09-07T15:21:42.028+0530][gc,phases     ] GC(29)   Post Evacuate Collection Set: 0.2ms
[2023-09-07T15:21:42.028+0530][gc,phases     ] GC(29)   Other: 0.2ms
[2023-09-07T15:21:42.028+0530][gc,heap       ] GC(29) Eden regions: 48->0(45)
[2023-09-07T15:21:42.028+0530][gc,heap       ] GC(29) Survivor regions: 3->6(7)
[2023-09-07T15:21:42.028+0530][gc,heap       ] GC(29) Old regions: 53->53
[2023-09-07T15:21:42.028+0530][gc,heap       ] GC(29) Humongous regions: 156->156
[2023-09-07T15:21:42.028+0530][gc,metaspace  ] GC(29) Metaspace: 43206K(45592K)->43206K(45592K) NonClass: 38112K(39424K)->38112K(39424K) Class: 5094K(6168K)->5094K(6168K)
[2023-09-07T15:21:42.028+0530][gc            ] GC(29) Pause Young (Normal) (G1 Evacuation Pause) 260M->214M(1024M) 14.040ms
[2023-09-07T15:21:42.028+0530][gc,cpu        ] GC(29) User=0.02s Sys=0.00s Real=0.01s
[2023-09-07T15:30:32.904+0530][gc,start      ] GC(30) Pause Young (Normal) (G1 Evacuation Pause)
[2023-09-07T15:30:32.904+0530][gc,task       ] GC(30) Using 1 workers of 1 for evacuation
[2023-09-07T15:30:32.924+0530][gc,mmu        ] GC(30) MMU target violated: 20.2ms (20.0ms/21.0ms)
[2023-09-07T15:30:32.924+0530][gc,phases     ] GC(30)   Pre Evacuate Collection Set: 0.0ms
[2023-09-07T15:30:32.924+0530][gc,phases     ] GC(30)   Evacuate Collection Set: 19.8ms
[2023-09-07T15:30:32.924+0530][gc,phases     ] GC(30)   Post Evacuate Collection Set: 0.2ms
[2023-09-07T15:30:32.924+0530][gc,phases     ] GC(30)   Other: 0.3ms
[2023-09-07T15:30:32.924+0530][gc,heap       ] GC(30) Eden regions: 45->0(47)
[2023-09-07T15:30:32.924+0530][gc,heap       ] GC(30) Survivor regions: 6->4(7)
[2023-09-07T15:30:32.924+0530][gc,heap       ] GC(30) Old regions: 53->57
[2023-09-07T15:30:32.924+0530][gc,heap       ] GC(30) Humongous regions: 156->156
[2023-09-07T15:30:32.924+0530][gc,metaspace  ] GC(30) Metaspace: 43214K(45592K)->43214K(45592K) NonClass: 38120K(39424K)->38120K(39424K) Class: 5094K(6168K)->5094K(6168K)
[2023-09-07T15:30:32.924+0530][gc            ] GC(30) Pause Young (Normal) (G1 Evacuation Pause) 259M->217M(1024M) 20.395ms
[2023-09-07T15:30:32.924+0530][gc,cpu        ] GC(30) User=0.02s Sys=0.00s Real=0.02s
[2023-09-07T15:39:54.719+0530][gc,start      ] GC(31) Pause Young (Normal) (G1 Evacuation Pause)
[2023-09-07T15:39:54.719+0530][gc,task       ] GC(31) Using 1 workers of 1 for evacuation
[2023-09-07T15:39:54.736+0530][gc,phases     ] GC(31)   Pre Evacuate Collection Set: 0.0ms
[2023-09-07T15:39:54.736+0530][gc,phases     ] GC(31)   Evacuate Collection Set: 16.4ms
[2023-09-07T15:39:54.736+0530][gc,phases     ] GC(31)   Post Evacuate Collection Set: 0.2ms
[2023-09-07T15:39:54.736+0530][gc,phases     ] GC(31)   Other: 0.2ms
[2023-09-07T15:39:54.736+0530][gc,heap       ] GC(31) Eden regions: 47->0(48)
[2023-09-07T15:39:54.736+0530][gc,heap       ] GC(31) Survivor regions: 4->3(7)
[2023-09-07T15:39:54.736+0530][gc,heap       ] GC(31) Old regions: 57->60
[2023-09-07T15:39:54.736+0530][gc,heap       ] GC(31) Humongous regions: 156->156
[2023-09-07T15:39:54.736+0530][gc,metaspace  ] GC(31) Metaspace: 43218K(45592K)->43218K(45592K) NonClass: 38124K(39424K)->38124K(39424K) Class: 5094K(6168K)->5094K(6168K)
[2023-09-07T15:39:54.736+0530][gc            ] GC(31) Pause Young (Normal) (G1 Evacuation Pause) 264M->218M(1024M) 16.939ms
[2023-09-07T15:39:54.736+0530][gc,cpu        ] GC(31) User=0.01s Sys=0.00s Real=0.01s
[2023-09-07T15:49:22.353+0530][gc,start      ] GC(32) Pause Young (Normal) (G1 Evacuation Pause)
[2023-09-07T15:49:22.353+0530][gc,task       ] GC(32) Using 1 workers of 1 for evacuation
[2023-09-07T15:49:22.369+0530][gc,phases     ] GC(32)   Pre Evacuate Collection Set: 0.0ms
[2023-09-07T15:49:22.369+0530][gc,phases     ] GC(32)   Evacuate Collection Set: 15.5ms
[2023-09-07T15:49:22.369+0530][gc,phases     ] GC(32)   Post Evacuate Collection Set: 0.2ms
[2023-09-07T15:49:22.369+0530][gc,phases     ] GC(32)   Other: 0.2ms
[2023-09-07T15:49:22.369+0530][gc,heap       ] GC(32) Eden regions: 48->0(45)
[2023-09-07T15:49:22.369+0530][gc,heap       ] GC(32) Survivor regions: 3->6(7)
[2023-09-07T15:49:22.369+0530][gc,heap       ] GC(32) Old regions: 60->60
[2023-09-07T15:49:22.369+0530][gc,heap       ] GC(32) Humongous regions: 156->156
[2023-09-07T15:49:22.369+0530][gc,metaspace  ] GC(32) Metaspace: 43219K(45592K)->43219K(45592K) NonClass: 38125K(39424K)->38125K(39424K) Class: 5094K(6168K)->5094K(6168K)
[2023-09-07T15:49:22.369+0530][gc            ] GC(32) Pause Young (Normal) (G1 Evacuation Pause) 266M->221M(1024M) 16.044ms
[2023-09-07T15:49:22.369+0530][gc,cpu        ] GC(32) User=0.02s Sys=0.00s Real=0.02s
[2023-09-07T15:58:15.783+0530][gc,start      ] GC(33) Pause Young (Normal) (G1 Evacuation Pause)
[2023-09-07T15:58:15.783+0530][gc,task       ] GC(33) Using 1 workers of 1 for evacuation
[2023-09-07T15:58:15.804+0530][gc,mmu        ] GC(33) MMU target violated: 21.0ms (20.0ms/21.0ms)
[2023-09-07T15:58:15.804+0530][gc,phases     ] GC(33)   Pre Evacuate Collection Set: 0.0ms
[2023-09-07T15:58:15.804+0530][gc,phases     ] GC(33)   Evacuate Collection Set: 21.1ms
[2023-09-07T15:58:15.804+0530][gc,phases     ] GC(33)   Post Evacuate Collection Set: 0.3ms
[2023-09-07T15:58:15.804+0530][gc,phases     ] GC(33)   Other: 0.2ms
[2023-09-07T15:58:15.804+0530][gc,heap       ] GC(33) Eden regions: 45->0(45)
[2023-09-07T15:58:15.804+0530][gc,heap       ] GC(33) Survivor regions: 6->6(7)
[2023-09-07T15:58:15.804+0530][gc,heap       ] GC(33) Old regions: 60->62
[2023-09-07T15:58:15.804+0530][gc,heap       ] GC(33) Humongous regions: 156->156
[2023-09-07T15:58:15.804+0530][gc,metaspace  ] GC(33) Metaspace: 43224K(45592K)->43224K(45592K) NonClass: 38130K(39424K)->38130K(39424K) Class: 5094K(6168K)->5094K(6168K)
[2023-09-07T15:58:15.804+0530][gc            ] GC(33) Pause Young (Normal) (G1 Evacuation Pause) 265M->223M(1024M) 21.678ms
[2023-09-07T15:58:15.804+0530][gc,cpu        ] GC(33) User=0.02s Sys=0.00s Real=0.02s
[2023-09-07T16:06:14.222+0530][gc,start      ] GC(34) Pause Young (Normal) (G1 Evacuation Pause)
[2023-09-07T16:06:14.222+0530][gc,task       ] GC(34) Using 1 workers of 1 for evacuation
[2023-09-07T16:06:14.247+0530][gc,mmu        ] GC(34) MMU target violated: 21.0ms (20.0ms/21.0ms)
[2023-09-07T16:06:14.247+0530][gc,phases     ] GC(34)   Pre Evacuate Collection Set: 0.0ms
[2023-09-07T16:06:14.247+0530][gc,phases     ] GC(34)   Evacuate Collection Set: 23.8ms
[2023-09-07T16:06:14.247+0530][gc,phases     ] GC(34)   Post Evacuate Collection Set: 0.2ms
[2023-09-07T16:06:14.247+0530][gc,phases     ] GC(34)   Other: 0.2ms
[2023-09-07T16:06:14.247+0530][gc,heap       ] GC(34) Eden regions: 45->0(44)
[2023-09-07T16:06:14.247+0530][gc,heap       ] GC(34) Survivor regions: 6->7(7)
[2023-09-07T16:06:14.247+0530][gc,heap       ] GC(34) Old regions: 62->65
[2023-09-07T16:06:14.247+0530][gc,heap       ] GC(34) Humongous regions: 156->156
[2023-09-07T16:06:14.247+0530][gc,metaspace  ] GC(34) Metaspace: 43229K(45592K)->43229K(45592K) NonClass: 38132K(39424K)->38132K(39424K) Class: 5096K(6168K)->5096K(6168K)
[2023-09-07T16:06:14.247+0530][gc            ] GC(34) Pause Young (Normal) (G1 Evacuation Pause) 268M->227M(1024M) 24.286ms
[2023-09-07T16:06:14.247+0530][gc,cpu        ] GC(34) User=0.03s Sys=0.00s Real=0.02s
[2023-09-07T16:14:53.412+0530][gc,start      ] GC(35) Pause Young (Normal) (G1 Evacuation Pause)
[2023-09-07T16:14:53.412+0530][gc,task       ] GC(35) Using 1 workers of 1 for evacuation
[2023-09-07T16:14:53.432+0530][gc,phases     ] GC(35)   Pre Evacuate Collection Set: 0.0ms
[2023-09-07T16:14:53.432+0530][gc,phases     ] GC(35)   Evacuate Collection Set: 19.4ms
[2023-09-07T16:14:53.432+0530][gc,phases     ] GC(35)   Post Evacuate Collection Set: 0.2ms
[2023-09-07T16:14:53.432+0530][gc,phases     ] GC(35)   Other: 0.2ms
[2023-09-07T16:14:53.432+0530][gc,heap       ] GC(35) Eden regions: 44->0(49)
[2023-09-07T16:14:53.432+0530][gc,heap       ] GC(35) Survivor regions: 7->2(7)
[2023-09-07T16:14:53.432+0530][gc,heap       ] GC(35) Old regions: 65->70
[2023-09-07T16:14:53.432+0530][gc,heap       ] GC(35) Humongous regions: 156->156
[2023-09-07T16:14:53.432+0530][gc,metaspace  ] GC(35) Metaspace: 43260K(45848K)->43260K(45848K) NonClass: 38163K(39680K)->38163K(39680K) Class: 5096K(6168K)->5096K(6168K)
[2023-09-07T16:14:53.432+0530][gc            ] GC(35) Pause Young (Normal) (G1 Evacuation Pause) 271M->227M(1024M) 19.934ms
[2023-09-07T16:14:53.432+0530][gc,cpu        ] GC(35) User=0.01s Sys=0.00s Real=0.02s
[2023-09-07T16:24:35.306+0530][gc,start      ] GC(36) Pause Young (Normal) (G1 Evacuation Pause)
[2023-09-07T16:24:35.306+0530][gc,task       ] GC(36) Using 1 workers of 1 for evacuation
[2023-09-07T16:24:35.320+0530][gc,phases     ] GC(36)   Pre Evacuate Collection Set: 0.0ms
[2023-09-07T16:24:35.320+0530][gc,phases     ] GC(36)   Evacuate Collection Set: 13.2ms
[2023-09-07T16:24:35.320+0530][gc,phases     ] GC(36)   Post Evacuate Collection Set: 0.2ms
[2023-09-07T16:24:35.320+0530][gc,phases     ] GC(36)   Other: 0.2ms
[2023-09-07T16:24:35.320+0530][gc,heap       ] GC(36) Eden regions: 49->0(46)
[2023-09-07T16:24:35.320+0530][gc,heap       ] GC(36) Survivor regions: 2->5(7)
[2023-09-07T16:24:35.320+0530][gc,heap       ] GC(36) Old regions: 70->70
[2023-09-07T16:24:35.320+0530][gc,heap       ] GC(36) Humongous regions: 156->156
[2023-09-07T16:24:35.320+0530][gc,metaspace  ] GC(36) Metaspace: 43282K(45848K)->43282K(45848K) NonClass: 38186K(39680K)->38186K(39680K) Class: 5096K(6168K)->5096K(6168K)
[2023-09-07T16:24:35.320+0530][gc            ] GC(36) Pause Young (Normal) (G1 Evacuation Pause) 276M->230M(1024M) 13.670ms
[2023-09-07T16:24:35.320+0530][gc,cpu        ] GC(36) User=0.01s Sys=0.00s Real=0.02s
[2023-09-07T16:33:39.058+0530][gc,start      ] GC(37) Pause Young (Normal) (G1 Evacuation Pause)
[2023-09-07T16:33:39.058+0530][gc,task       ] GC(37) Using 1 workers of 1 for evacuation
[2023-09-07T16:33:39.077+0530][gc,phases     ] GC(37)   Pre Evacuate Collection Set: 0.0ms
[2023-09-07T16:33:39.077+0530][gc,phases     ] GC(37)   Evacuate Collection Set: 18.3ms
[2023-09-07T16:33:39.077+0530][gc,phases     ] GC(37)   Post Evacuate Collection Set: 0.2ms
[2023-09-07T16:33:39.077+0530][gc,phases     ] GC(37)   Other: 0.2ms
[2023-09-07T16:33:39.077+0530][gc,heap       ] GC(37) Eden regions: 46->0(45)
[2023-09-07T16:33:39.077+0530][gc,heap       ] GC(37) Survivor regions: 5->6(7)
[2023-09-07T16:33:39.077+0530][gc,heap       ] GC(37) Old regions: 70->72
[2023-09-07T16:33:39.077+0530][gc,heap       ] GC(37) Humongous regions: 156->156
[2023-09-07T16:33:39.077+0530][gc,metaspace  ] GC(37) Metaspace: 43290K(45848K)->43290K(45848K) NonClass: 38193K(39680K)->38193K(39680K) Class: 5096K(6168K)->5096K(6168K)
[2023-09-07T16:33:39.077+0530][gc            ] GC(37) Pause Young (Normal) (G1 Evacuation Pause) 276M->233M(1024M) 18.881ms
[2023-09-07T16:33:39.077+0530][gc,cpu        ] GC(37) User=0.02s Sys=0.00s Real=0.02s
[2023-09-07T16:42:29.689+0530][gc,start      ] GC(38) Pause Young (Normal) (G1 Evacuation Pause)
[2023-09-07T16:42:29.690+0530][gc,task       ] GC(38) Using 1 workers of 1 for evacuation
[2023-09-07T16:42:29.712+0530][gc,mmu        ] GC(38) MMU target violated: 21.0ms (20.0ms/21.0ms)
[2023-09-07T16:42:29.712+0530][gc,phases     ] GC(38)   Pre Evacuate Collection Set: 0.0ms
[2023-09-07T16:42:29.712+0530][gc,phases     ] GC(38)   Evacuate Collection Set: 21.9ms
[2023-09-07T16:42:29.712+0530][gc,phases     ] GC(38)   Post Evacuate Collection Set: 0.2ms
[2023-09-07T16:42:29.712+0530][gc,phases     ] GC(38)   Other: 0.2ms
[2023-09-07T16:42:29.712+0530][gc,heap       ] GC(38) Eden regions: 45->0(45)
[2023-09-07T16:42:29.712+0530][gc,heap       ] GC(38) Survivor regions: 6->6(7)
[2023-09-07T16:42:29.712+0530][gc,heap       ] GC(38) Old regions: 72->74
[2023-09-07T16:42:29.712+0530][gc,heap       ] GC(38) Humongous regions: 156->156
[2023-09-07T16:42:29.712+0530][gc,metaspace  ] GC(38) Metaspace: 43294K(45848K)->43294K(45848K) NonClass: 38197K(39680K)->38197K(39680K) Class: 5096K(6168K)->5096K(6168K)
[2023-09-07T16:42:29.712+0530][gc            ] GC(38) Pause Young (Normal) (G1 Evacuation Pause) 278M->236M(1024M) 22.409ms
[2023-09-07T16:42:29.712+0530][gc,cpu        ] GC(38) User=0.03s Sys=0.00s Real=0.02s
[2023-09-07T16:51:21.288+0530][gc,start      ] GC(39) Pause Young (Normal) (G1 Evacuation Pause)
[2023-09-07T16:51:21.288+0530][gc,task       ] GC(39) Using 1 workers of 1 for evacuation
[2023-09-07T16:51:21.310+0530][gc,mmu        ] GC(39) MMU target violated: 21.0ms (20.0ms/21.0ms)
[2023-09-07T16:51:21.310+0530][gc,phases     ] GC(39)   Pre Evacuate Collection Set: 0.0ms
[2023-09-07T16:51:21.310+0530][gc,phases     ] GC(39)   Evacuate Collection Set: 21.3ms
[2023-09-07T16:51:21.310+0530][gc,phases     ] GC(39)   Post Evacuate Collection Set: 0.2ms
[2023-09-07T16:51:21.310+0530][gc,phases     ] GC(39)   Other: 0.2ms
[2023-09-07T16:51:21.310+0530][gc,heap       ] GC(39) Eden regions: 45->0(45)
[2023-09-07T16:51:21.310+0530][gc,heap       ] GC(39) Survivor regions: 6->6(7)
[2023-09-07T16:51:21.310+0530][gc,heap       ] GC(39) Old regions: 74->77
[2023-09-07T16:51:21.310+0530][gc,heap       ] GC(39) Humongous regions: 156->156
[2023-09-07T16:51:21.310+0530][gc,metaspace  ] GC(39) Metaspace: 43295K(45848K)->43295K(45848K) NonClass: 38199K(39680K)->38199K(39680K) Class: 5096K(6168K)->5096K(6168K)
[2023-09-07T16:51:21.310+0530][gc            ] GC(39) Pause Young (Normal) (G1 Evacuation Pause) 281M->238M(1024M) 21.815ms
[2023-09-07T16:51:21.310+0530][gc,cpu        ] GC(39) User=0.03s Sys=0.00s Real=0.03s
[2023-09-07T17:00:16.610+0530][gc,start      ] GC(40) Pause Young (Normal) (G1 Evacuation Pause)
[2023-09-07T17:00:16.610+0530][gc,task       ] GC(40) Using 1 workers of 1 for evacuation
[2023-09-07T17:00:16.633+0530][gc,mmu        ] GC(40) MMU target violated: 21.0ms (20.0ms/21.0ms)
[2023-09-07T17:00:16.633+0530][gc,phases     ] GC(40)   Pre Evacuate Collection Set: 0.0ms
[2023-09-07T17:00:16.633+0530][gc,phases     ] GC(40)   Evacuate Collection Set: 21.7ms
[2023-09-07T17:00:16.633+0530][gc,phases     ] GC(40)   Post Evacuate Collection Set: 0.2ms
[2023-09-07T17:00:16.633+0530][gc,phases     ] GC(40)   Other: 0.2ms
[2023-09-07T17:00:16.633+0530][gc,heap       ] GC(40) Eden regions: 45->0(45)
[2023-09-07T17:00:16.633+0530][gc,heap       ] GC(40) Survivor regions: 6->6(7)
[2023-09-07T17:00:16.633+0530][gc,heap       ] GC(40) Old regions: 77->79
[2023-09-07T17:00:16.633+0530][gc,heap       ] GC(40) Humongous regions: 156->156
[2023-09-07T17:00:16.633+0530][gc,metaspace  ] GC(40) Metaspace: 43296K(45848K)->43296K(45848K) NonClass: 38200K(39680K)->38200K(39680K) Class: 5096K(6168K)->5096K(6168K)
[2023-09-07T17:00:16.633+0530][gc            ] GC(40) Pause Young (Normal) (G1 Evacuation Pause) 283M->240M(1024M) 22.281ms
[2023-09-07T17:00:16.633+0530][gc,cpu        ] GC(40) User=0.02s Sys=0.00s Real=0.02s
[2023-09-07T17:08:16.288+0530][gc,start      ] GC(41) Pause Young (Normal) (G1 Evacuation Pause)
[2023-09-07T17:08:16.288+0530][gc,task       ] GC(41) Using 1 workers of 1 for evacuation
[2023-09-07T17:08:16.312+0530][gc,mmu        ] GC(41) MMU target violated: 21.0ms (20.0ms/21.0ms)
[2023-09-07T17:08:16.312+0530][gc,phases     ] GC(41)   Pre Evacuate Collection Set: 0.0ms
[2023-09-07T17:08:16.312+0530][gc,phases     ] GC(41)   Evacuate Collection Set: 22.8ms
[2023-09-07T17:08:16.312+0530][gc,phases     ] GC(41)   Post Evacuate Collection Set: 0.2ms
[2023-09-07T17:08:16.312+0530][gc,phases     ] GC(41)   Other: 0.2ms
[2023-09-07T17:08:16.312+0530][gc,heap       ] GC(41) Eden regions: 45->0(44)
[2023-09-07T17:08:16.312+0530][gc,heap       ] GC(41) Survivor regions: 6->7(7)
[2023-09-07T17:08:16.312+0530][gc,heap       ] GC(41) Old regions: 79->82
[2023-09-07T17:08:16.312+0530][gc,heap       ] GC(41) Humongous regions: 156->156
[2023-09-07T17:08:16.312+0530][gc,metaspace  ] GC(41) Metaspace: 43336K(45976K)->43336K(45976K) NonClass: 38237K(39680K)->38237K(39680K) Class: 5098K(6296K)->5098K(6296K)
[2023-09-07T17:08:16.312+0530][gc            ] GC(41) Pause Young (Normal) (G1 Evacuation Pause) 285M->244M(1024M) 23.357ms
[2023-09-07T17:08:16.312+0530][gc,cpu        ] GC(41) User=0.02s Sys=0.00s Real=0.03s
[2023-09-07T17:16:54.093+0530][gc,start      ] GC(42) Pause Young (Normal) (G1 Evacuation Pause)
[2023-09-07T17:16:54.093+0530][gc,task       ] GC(42) Using 1 workers of 1 for evacuation
[2023-09-07T17:16:54.112+0530][gc,phases     ] GC(42)   Pre Evacuate Collection Set: 0.0ms
[2023-09-07T17:16:54.112+0530][gc,phases     ] GC(42)   Evacuate Collection Set: 18.9ms
[2023-09-07T17:16:54.112+0530][gc,phases     ] GC(42)   Post Evacuate Collection Set: 0.2ms
[2023-09-07T17:16:54.112+0530][gc,phases     ] GC(42)   Other: 0.2ms
[2023-09-07T17:16:54.112+0530][gc,heap       ] GC(42) Eden regions: 44->0(48)
[2023-09-07T17:16:54.112+0530][gc,heap       ] GC(42) Survivor regions: 7->3(7)
[2023-09-07T17:16:54.112+0530][gc,heap       ] GC(42) Old regions: 82->86
[2023-09-07T17:16:54.112+0530][gc,heap       ] GC(42) Humongous regions: 156->156
[2023-09-07T17:16:54.112+0530][gc,metaspace  ] GC(42) Metaspace: 43343K(45976K)->43343K(45976K) NonClass: 38244K(39680K)->38244K(39680K) Class: 5098K(6296K)->5098K(6296K)
[2023-09-07T17:16:54.112+0530][gc            ] GC(42) Pause Young (Normal) (G1 Evacuation Pause) 288M->244M(1024M) 19.399ms
[2023-09-07T17:16:54.112+0530][gc,cpu        ] GC(42) User=0.01s Sys=0.00s Real=0.02s
[2023-09-07T17:26:23.668+0530][gc,start      ] GC(43) Pause Young (Normal) (G1 Evacuation Pause)
[2023-09-07T17:26:23.669+0530][gc,task       ] GC(43) Using 1 workers of 1 for evacuation
[2023-09-07T17:26:23.680+0530][gc,phases     ] GC(43)   Pre Evacuate Collection Set: 0.0ms
[2023-09-07T17:26:23.680+0530][gc,phases     ] GC(43)   Evacuate Collection Set: 11.4ms
[2023-09-07T17:26:23.680+0530][gc,phases     ] GC(43)   Post Evacuate Collection Set: 0.3ms
[2023-09-07T17:26:23.680+0530][gc,phases     ] GC(43)   Other: 0.2ms
[2023-09-07T17:26:23.680+0530][gc,heap       ] GC(43) Eden regions: 48->0(46)
[2023-09-07T17:26:23.680+0530][gc,heap       ] GC(43) Survivor regions: 3->5(7)
[2023-09-07T17:26:23.680+0530][gc,heap       ] GC(43) Old regions: 86->86
[2023-09-07T17:26:23.680+0530][gc,heap       ] GC(43) Humongous regions: 156->156
[2023-09-07T17:26:23.680+0530][gc,metaspace  ] GC(43) Metaspace: 43347K(45976K)->43347K(45976K) NonClass: 38248K(39680K)->38248K(39680K) Class: 5098K(6296K)->5098K(6296K)
[2023-09-07T17:26:23.680+0530][gc            ] GC(43) Pause Young (Normal) (G1 Evacuation Pause) 292M->246M(1024M) 11.919ms
[2023-09-07T17:26:23.680+0530][gc,cpu        ] GC(43) User=0.01s Sys=0.00s Real=0.02s
[2023-09-07T17:35:38.893+0530][gc,start      ] GC(44) Pause Young (Normal) (G1 Evacuation Pause)
[2023-09-07T17:35:38.893+0530][gc,task       ] GC(44) Using 1 workers of 1 for evacuation
[2023-09-07T17:35:38.912+0530][gc,phases     ] GC(44)   Pre Evacuate Collection Set: 0.0ms
[2023-09-07T17:35:38.912+0530][gc,phases     ] GC(44)   Evacuate Collection Set: 18.6ms
[2023-09-07T17:35:38.912+0530][gc,phases     ] GC(44)   Post Evacuate Collection Set: 0.2ms
[2023-09-07T17:35:38.912+0530][gc,phases     ] GC(44)   Other: 0.2ms
[2023-09-07T17:35:38.912+0530][gc,heap       ] GC(44) Eden regions: 46->0(45)
[2023-09-07T17:35:38.912+0530][gc,heap       ] GC(44) Survivor regions: 5->7(7)
[2023-09-07T17:35:38.912+0530][gc,heap       ] GC(44) Old regions: 86->88
[2023-09-07T17:35:38.912+0530][gc,heap       ] GC(44) Humongous regions: 156->156
[2023-09-07T17:35:38.912+0530][gc,metaspace  ] GC(44) Metaspace: 43350K(45976K)->43350K(45976K) NonClass: 38251K(39680K)->38251K(39680K) Class: 5098K(6296K)->5098K(6296K)
[2023-09-07T17:35:38.912+0530][gc            ] GC(44) Pause Young (Normal) (G1 Evacuation Pause) 292M->249M(1024M) 19.177ms
[2023-09-07T17:35:38.912+0530][gc,cpu        ] GC(44) User=0.01s Sys=0.00s Real=0.02s
[2023-09-07T17:45:09.573+0530][gc,start      ] GC(45) Pause Young (Normal) (G1 Evacuation Pause)
[2023-09-07T17:45:09.573+0530][gc,task       ] GC(45) Using 1 workers of 1 for evacuation
[2023-09-07T17:45:09.616+0530][gc,mmu        ] GC(45) MMU target violated: 21.0ms (20.0ms/21.0ms)
[2023-09-07T17:45:09.616+0530][gc,phases     ] GC(45)   Pre Evacuate Collection Set: 0.0ms
[2023-09-07T17:45:09.616+0530][gc,phases     ] GC(45)   Evacuate Collection Set: 42.2ms
[2023-09-07T17:45:09.616+0530][gc,phases     ] GC(45)   Post Evacuate Collection Set: 0.4ms
[2023-09-07T17:45:09.616+0530][gc,phases     ] GC(45)   Other: 0.3ms
[2023-09-07T17:45:09.616+0530][gc,heap       ] GC(45) Eden regions: 44->0(48)
[2023-09-07T17:45:09.616+0530][gc,heap       ] GC(45) Survivor regions: 7->3(7)
[2023-09-07T17:45:09.616+0530][gc,heap       ] GC(45) Old regions: 88->93
[2023-09-07T17:45:09.616+0530][gc,heap       ] GC(45) Humongous regions: 156->156
[2023-09-07T17:45:09.616+0530][gc,metaspace  ] GC(45) Metaspace: 43423K(45976K)->43423K(45976K) NonClass: 38307K(39680K)->38307K(39680K) Class: 5115K(6296K)->5115K(6296K)
[2023-09-07T17:45:09.616+0530][gc            ] GC(45) Pause Young (Normal) (G1 Evacuation Pause) 293M->250M(1024M) 43.060ms
[2023-09-07T17:45:09.616+0530][gc,cpu        ] GC(45) User=0.04s Sys=0.00s Real=0.04s
[2023-09-07T17:57:51.581+0530][gc,start      ] GC(46) Pause Young (Normal) (G1 Evacuation Pause)
[2023-09-07T17:57:51.581+0530][gc,task       ] GC(46) Using 1 workers of 1 for evacuation
[2023-09-07T17:57:51.605+0530][gc,mmu        ] GC(46) MMU target violated: 21.0ms (20.0ms/21.0ms)
[2023-09-07T17:57:51.605+0530][gc,phases     ] GC(46)   Pre Evacuate Collection Set: 0.0ms
[2023-09-07T17:57:51.605+0530][gc,phases     ] GC(46)   Evacuate Collection Set: 17.0ms
[2023-09-07T17:57:51.605+0530][gc,phases     ] GC(46)   Post Evacuate Collection Set: 6.6ms
[2023-09-07T17:57:51.605+0530][gc,phases     ] GC(46)   Other: 0.2ms
[2023-09-07T17:57:51.605+0530][gc,heap       ] GC(46) Eden regions: 48->0(47)
[2023-09-07T17:57:51.605+0530][gc,heap       ] GC(46) Survivor regions: 3->4(7)
[2023-09-07T17:57:51.605+0530][gc,heap       ] GC(46) Old regions: 93->93
[2023-09-07T17:57:51.605+0530][gc,heap       ] GC(46) Humongous regions: 156->156
[2023-09-07T17:57:51.605+0530][gc,metaspace  ] GC(46) Metaspace: 44008K(46744K)->44008K(46744K) NonClass: 38739K(40192K)->38739K(40192K) Class: 5269K(6552K)->5269K(6552K)
[2023-09-07T17:57:51.605+0530][gc            ] GC(46) Pause Young (Normal) (G1 Evacuation Pause) 298M->252M(1024M) 23.940ms
[2023-09-07T17:57:51.605+0530][gc,cpu        ] GC(46) User=0.02s Sys=0.00s Real=0.02s
[2023-09-07T17:57:51.968+0530][gc,heap,exit  ] Heap
[2023-09-07T17:57:51.968+0530][gc,heap,exit  ]  garbage-first heap   total 1048576K, used 263432K [0x00000000c0000000, 0x0000000100000000)
[2023-09-07T17:57:51.968+0530][gc,heap,exit  ]   region size 1024K, 10 young (10240K), 4 survivors (4096K)
[2023-09-07T17:57:51.968+0530][gc,heap,exit  ]  Metaspace       used 44245K, capacity 46881K, committed 47128K, reserved 1089536K
[2023-09-07T17:57:51.968+0530][gc,heap,exit  ]   class space    used 5340K, capacity 6555K, committed 6680K, reserved 1048576K
