[2023-09-05T23:18:04.719+0530][gc,heap] Heap region size: 1M
[2023-09-05T23:18:04.732+0530][gc     ] Using G1
[2023-09-05T23:18:04.732+0530][gc,heap,coops] Heap address: 0x00000000c0000000, size: 1024 MB, Compressed Oops mode: 32-bit
[2023-09-05T23:18:10.312+0530][gc,start     ] GC(0) Pause Young (Normal) (G1 Evacuation Pause)
[2023-09-05T23:18:10.312+0530][gc,task      ] GC(0) Using 1 workers of 1 for evacuation
[2023-09-05T23:18:10.325+0530][gc,phases    ] GC(0)   Pre Evacuate Collection Set: 0.0ms
[2023-09-05T23:18:10.325+0530][gc,phases    ] GC(0)   Evacuate Collection Set: 12.7ms
[2023-09-05T23:18:10.325+0530][gc,phases    ] GC(0)   Post Evacuate Collection Set: 0.3ms
[2023-09-05T23:18:10.325+0530][gc,phases    ] GC(0)   Other: 0.1ms
[2023-09-05T23:18:10.325+0530][gc,heap      ] GC(0) Eden regions: 51->0(44)
[2023-09-05T23:18:10.325+0530][gc,heap      ] GC(0) Survivor regions: 0->7(7)
[2023-09-05T23:18:10.325+0530][gc,heap      ] GC(0) Old regions: 0->0
[2023-09-05T23:18:10.325+0530][gc,heap      ] GC(0) Humongous regions: 0->0
[2023-09-05T23:18:10.325+0530][gc,metaspace ] GC(0) Metaspace: 14213K(14848K)->14213K(14848K) NonClass: 12472K(12800K)->12472K(12800K) Class: 1740K(2048K)->1740K(2048K)
[2023-09-05T23:18:10.325+0530][gc           ] GC(0) Pause Young (Normal) (G1 Evacuation Pause) 51M->6M(1024M) 13.312ms
[2023-09-05T23:18:10.325+0530][gc,cpu       ] GC(0) User=0.01s Sys=0.00s Real=0.01s
[2023-09-05T23:18:30.926+0530][gc,heap,exit ] Heap
[2023-09-05T23:18:30.926+0530][gc,heap,exit ]  garbage-first heap   total 1048576K, used 12181K [0x00000000c0000000, 0x0000000100000000)
[2023-09-05T23:18:30.926+0530][gc,heap,exit ]   region size 1024K, 13 young (13312K), 7 survivors (7168K)
[2023-09-05T23:18:30.926+0530][gc,heap,exit ]  Metaspace       used 15178K, capacity 15615K, committed 15872K, reserved 1062912K
[2023-09-05T23:18:30.926+0530][gc,heap,exit ]   class space    used 1857K, capacity 2036K, committed 2048K, reserved 1048576K
