[2023-09-09T12:09:31.889+0530][gc,heap] Heap region size: 1M
[2023-09-09T12:09:31.909+0530][gc     ] Using G1
[2023-09-09T12:09:31.909+0530][gc,heap,coops] Heap address: 0x00000000c0000000, size: 1024 MB, Compressed Oops mode: 32-bit
[2023-09-09T12:09:34.819+0530][gc,start     ] GC(0) Pause Young (Normal) (G1 Evacuation Pause)
[2023-09-09T12:09:34.819+0530][gc,task      ] GC(0) Using 1 workers of 1 for evacuation
[2023-09-09T12:09:34.844+0530][gc,mmu       ] GC(0) MMU target violated: 21.0ms (20.0ms/21.0ms)
[2023-09-09T12:09:34.844+0530][gc,phases    ] GC(0)   Pre Evacuate Collection Set: 0.0ms
[2023-09-09T12:09:34.844+0530][gc,phases    ] GC(0)   Evacuate Collection Set: 24.5ms
[2023-09-09T12:09:34.844+0530][gc,phases    ] GC(0)   Post Evacuate Collection Set: 0.5ms
[2023-09-09T12:09:34.844+0530][gc,phases    ] GC(0)   Other: 0.3ms
[2023-09-09T12:09:34.844+0530][gc,heap      ] GC(0) Eden regions: 51->0(44)
[2023-09-09T12:09:34.844+0530][gc,heap      ] GC(0) Survivor regions: 0->7(7)
[2023-09-09T12:09:34.844+0530][gc,heap      ] GC(0) Old regions: 0->1
[2023-09-09T12:09:34.844+0530][gc,heap      ] GC(0) Humongous regions: 0->0
[2023-09-09T12:09:34.844+0530][gc,metaspace ] GC(0) Metaspace: 14216K(15104K)->14216K(15104K) NonClass: 12450K(13056K)->12450K(13056K) Class: 1766K(2048K)->1766K(2048K)
[2023-09-09T12:09:34.845+0530][gc           ] GC(0) Pause Young (Normal) (G1 Evacuation Pause) 51M->7M(1024M) 25.469ms
[2023-09-09T12:09:34.845+0530][gc,cpu       ] GC(0) User=0.02s Sys=0.01s Real=0.02s
[2023-09-09T12:09:35.513+0530][gc,start     ] GC(1) Pause Young (Concurrent Start) (Metadata GC Threshold)
[2023-09-09T12:09:35.513+0530][gc,task      ] GC(1) Using 1 workers of 1 for evacuation
[2023-09-09T12:09:35.565+0530][gc,mmu       ] GC(1) MMU target violated: 21.0ms (20.0ms/21.0ms)
[2023-09-09T12:09:35.565+0530][gc,phases    ] GC(1)   Pre Evacuate Collection Set: 0.1ms
[2023-09-09T12:09:35.565+0530][gc,phases    ] GC(1)   Evacuate Collection Set: 50.4ms
[2023-09-09T12:09:35.565+0530][gc,phases    ] GC(1)   Post Evacuate Collection Set: 0.4ms
[2023-09-09T12:09:35.565+0530][gc,phases    ] GC(1)   Other: 0.4ms
[2023-09-09T12:09:35.565+0530][gc,heap      ] GC(1) Eden regions: 32->0(49)
[2023-09-09T12:09:35.565+0530][gc,heap      ] GC(1) Survivor regions: 7->2(7)
[2023-09-09T12:09:35.565+0530][gc,heap      ] GC(1) Old regions: 1->8
[2023-09-09T12:09:35.565+0530][gc,heap      ] GC(1) Humongous regions: 0->0
[2023-09-09T12:09:35.565+0530][gc,metaspace ] GC(1) Metaspace: 20415K(21248K)->20415K(21248K) NonClass: 18172K(18688K)->18172K(18688K) Class: 2243K(2560K)->2243K(2560K)
[2023-09-09T12:09:35.565+0530][gc           ] GC(1) Pause Young (Concurrent Start) (Metadata GC Threshold) 39M->8M(1024M) 51.296ms
[2023-09-09T12:09:35.565+0530][gc,cpu       ] GC(1) User=0.05s Sys=0.01s Real=0.05s
[2023-09-09T12:09:35.565+0530][gc           ] GC(2) Concurrent Cycle
[2023-09-09T12:09:35.565+0530][gc,marking   ] GC(2) Concurrent Clear Claimed Marks
[2023-09-09T12:09:35.565+0530][gc,marking   ] GC(2) Concurrent Clear Claimed Marks 0.054ms
[2023-09-09T12:09:35.565+0530][gc,marking   ] GC(2) Concurrent Scan Root Regions
[2023-09-09T12:09:35.566+0530][gc,marking   ] GC(2) Concurrent Scan Root Regions 1.480ms
[2023-09-09T12:09:35.566+0530][gc,marking   ] GC(2) Concurrent Mark (3.683s)
[2023-09-09T12:09:35.566+0530][gc,marking   ] GC(2) Concurrent Mark From Roots
[2023-09-09T12:09:35.566+0530][gc,task      ] GC(2) Using 1 workers of 1 for marking
[2023-09-09T12:09:35.615+0530][gc,marking   ] GC(2) Concurrent Mark From Roots 48.493ms
[2023-09-09T12:09:35.615+0530][gc,marking   ] GC(2) Concurrent Preclean
[2023-09-09T12:09:35.615+0530][gc,marking   ] GC(2) Concurrent Preclean 0.118ms
[2023-09-09T12:09:35.615+0530][gc,marking   ] GC(2) Concurrent Mark (3.683s, 3.732s) 48.686ms
[2023-09-09T12:09:35.615+0530][gc,start     ] GC(2) Pause Remark
[2023-09-09T12:09:35.620+0530][gc,stringtable] GC(2) Cleaned string and symbol table, strings: 9561 processed, 0 removed, symbols: 47122 processed, 36 removed
[2023-09-09T12:09:35.621+0530][gc            ] GC(2) Pause Remark 9M->9M(1024M) 5.592ms
[2023-09-09T12:09:35.621+0530][gc,cpu        ] GC(2) User=0.00s Sys=0.00s Real=0.01s
[2023-09-09T12:09:35.621+0530][gc,marking    ] GC(2) Concurrent Rebuild Remembered Sets
[2023-09-09T12:09:35.639+0530][gc,marking    ] GC(2) Concurrent Rebuild Remembered Sets 18.372ms
[2023-09-09T12:09:35.639+0530][gc,start      ] GC(2) Pause Cleanup
[2023-09-09T12:09:35.640+0530][gc            ] GC(2) Pause Cleanup 10M->10M(1024M) 0.223ms
[2023-09-09T12:09:35.640+0530][gc,cpu        ] GC(2) User=0.00s Sys=0.00s Real=0.00s
[2023-09-09T12:09:35.640+0530][gc,marking    ] GC(2) Concurrent Cleanup for Next Mark
[2023-09-09T12:09:35.677+0530][gc,marking    ] GC(2) Concurrent Cleanup for Next Mark 37.118ms
[2023-09-09T12:09:35.677+0530][gc            ] GC(2) Concurrent Cycle 112.048ms
[2023-09-09T12:09:38.945+0530][gc,start      ] GC(3) Pause Young (Normal) (G1 Evacuation Pause)
[2023-09-09T12:09:38.945+0530][gc,task       ] GC(3) Using 1 workers of 1 for evacuation
[2023-09-09T12:09:38.960+0530][gc,phases     ] GC(3)   Pre Evacuate Collection Set: 0.0ms
[2023-09-09T12:09:38.960+0530][gc,phases     ] GC(3)   Evacuate Collection Set: 14.3ms
[2023-09-09T12:09:38.960+0530][gc,phases     ] GC(3)   Post Evacuate Collection Set: 0.4ms
[2023-09-09T12:09:38.960+0530][gc,phases     ] GC(3)   Other: 0.2ms
[2023-09-09T12:09:38.960+0530][gc,heap       ] GC(3) Eden regions: 49->0(48)
[2023-09-09T12:09:38.960+0530][gc,heap       ] GC(3) Survivor regions: 2->3(7)
[2023-09-09T12:09:38.960+0530][gc,heap       ] GC(3) Old regions: 8->8
[2023-09-09T12:09:38.960+0530][gc,heap       ] GC(3) Humongous regions: 0->0
[2023-09-09T12:09:38.960+0530][gc,metaspace  ] GC(3) Metaspace: 24021K(25216K)->24021K(25216K) NonClass: 21230K(22016K)->21230K(22016K) Class: 2791K(3200K)->2791K(3200K)
[2023-09-09T12:09:38.960+0530][gc            ] GC(3) Pause Young (Normal) (G1 Evacuation Pause) 57M->9M(1024M) 15.002ms
[2023-09-09T12:09:38.960+0530][gc,cpu        ] GC(3) User=0.01s Sys=0.00s Real=0.02s
[2023-09-09T12:09:41.659+0530][gc,start      ] GC(4) Pause Young (Normal) (G1 Evacuation Pause)
[2023-09-09T12:09:41.659+0530][gc,task       ] GC(4) Using 1 workers of 1 for evacuation
[2023-09-09T12:09:41.698+0530][gc,mmu        ] GC(4) MMU target violated: 21.0ms (20.0ms/21.0ms)
[2023-09-09T12:09:41.698+0530][gc,phases     ] GC(4)   Pre Evacuate Collection Set: 0.0ms
[2023-09-09T12:09:41.698+0530][gc,phases     ] GC(4)   Evacuate Collection Set: 32.9ms
[2023-09-09T12:09:41.698+0530][gc,phases     ] GC(4)   Post Evacuate Collection Set: 5.5ms
[2023-09-09T12:09:41.698+0530][gc,phases     ] GC(4)   Other: 0.3ms
[2023-09-09T12:09:41.698+0530][gc,heap       ] GC(4) Eden regions: 48->0(47)
[2023-09-09T12:09:41.698+0530][gc,heap       ] GC(4) Survivor regions: 3->4(7)
[2023-09-09T12:09:41.698+0530][gc,heap       ] GC(4) Old regions: 8->8
[2023-09-09T12:09:41.698+0530][gc,heap       ] GC(4) Humongous regions: 21->21
[2023-09-09T12:09:41.698+0530][gc,metaspace  ] GC(4) Metaspace: 30895K(32256K)->30895K(32256K) NonClass: 27380K(28160K)->27380K(28160K) Class: 3515K(4096K)->3515K(4096K)
[2023-09-09T12:09:41.698+0530][gc            ] GC(4) Pause Young (Normal) (G1 Evacuation Pause) 78M->32M(1024M) 38.819ms
[2023-09-09T12:09:41.698+0530][gc,cpu        ] GC(4) User=0.04s Sys=0.00s Real=0.04s
[2023-09-09T12:09:41.968+0530][gc,start      ] GC(5) Pause Young (Normal) (G1 Evacuation Pause)
[2023-09-09T12:09:41.968+0530][gc,task       ] GC(5) Using 1 workers of 1 for evacuation
[2023-09-09T12:09:42.002+0530][gc,mmu        ] GC(5) MMU target violated: 21.0ms (20.0ms/21.0ms)
[2023-09-09T12:09:42.002+0530][gc,phases     ] GC(5)   Pre Evacuate Collection Set: 0.0ms
[2023-09-09T12:09:42.002+0530][gc,phases     ] GC(5)   Evacuate Collection Set: 32.7ms
[2023-09-09T12:09:42.002+0530][gc,phases     ] GC(5)   Post Evacuate Collection Set: 0.3ms
[2023-09-09T12:09:42.002+0530][gc,phases     ] GC(5)   Other: 0.3ms
[2023-09-09T12:09:42.002+0530][gc,heap       ] GC(5) Eden regions: 47->0(48)
[2023-09-09T12:09:42.002+0530][gc,heap       ] GC(5) Survivor regions: 4->3(7)
[2023-09-09T12:09:42.002+0530][gc,heap       ] GC(5) Old regions: 8->9
[2023-09-09T12:09:42.002+0530][gc,heap       ] GC(5) Humongous regions: 21->21
[2023-09-09T12:09:42.002+0530][gc,metaspace  ] GC(5) Metaspace: 30911K(32256K)->30911K(32256K) NonClass: 27393K(28160K)->27393K(28160K) Class: 3517K(4096K)->3517K(4096K)
[2023-09-09T12:09:42.002+0530][gc            ] GC(5) Pause Young (Normal) (G1 Evacuation Pause) 79M->32M(1024M) 33.452ms
[2023-09-09T12:09:42.002+0530][gc,cpu        ] GC(5) User=0.03s Sys=0.00s Real=0.03s
[2023-09-09T12:09:42.273+0530][gc,start      ] GC(6) Pause Young (Normal) (G1 Evacuation Pause)
[2023-09-09T12:09:42.273+0530][gc,task       ] GC(6) Using 1 workers of 1 for evacuation
[2023-09-09T12:09:42.286+0530][gc,phases     ] GC(6)   Pre Evacuate Collection Set: 0.0ms
[2023-09-09T12:09:42.287+0530][gc,phases     ] GC(6)   Evacuate Collection Set: 12.7ms
[2023-09-09T12:09:42.287+0530][gc,phases     ] GC(6)   Post Evacuate Collection Set: 0.3ms
[2023-09-09T12:09:42.287+0530][gc,phases     ] GC(6)   Other: 0.2ms
[2023-09-09T12:09:42.287+0530][gc,heap       ] GC(6) Eden regions: 48->0(48)
[2023-09-09T12:09:42.287+0530][gc,heap       ] GC(6) Survivor regions: 3->3(7)
[2023-09-09T12:09:42.287+0530][gc,heap       ] GC(6) Old regions: 9->9
[2023-09-09T12:09:42.287+0530][gc,heap       ] GC(6) Humongous regions: 21->21
[2023-09-09T12:09:42.287+0530][gc,metaspace  ] GC(6) Metaspace: 30971K(32256K)->30971K(32256K) NonClass: 27453K(28160K)->27453K(28160K) Class: 3518K(4096K)->3518K(4096K)
[2023-09-09T12:09:42.287+0530][gc            ] GC(6) Pause Young (Normal) (G1 Evacuation Pause) 80M->32M(1024M) 13.386ms
[2023-09-09T12:09:42.287+0530][gc,cpu        ] GC(6) User=0.01s Sys=0.00s Real=0.02s
[2023-09-09T12:09:42.497+0530][gc,start      ] GC(7) Pause Young (Normal) (G1 Evacuation Pause)
[2023-09-09T12:09:42.497+0530][gc,task       ] GC(7) Using 1 workers of 1 for evacuation
[2023-09-09T12:09:42.520+0530][gc,mmu        ] GC(7) MMU target violated: 21.0ms (20.0ms/21.0ms)
[2023-09-09T12:09:42.520+0530][gc,phases     ] GC(7)   Pre Evacuate Collection Set: 0.0ms
[2023-09-09T12:09:42.520+0530][gc,phases     ] GC(7)   Evacuate Collection Set: 22.3ms
[2023-09-09T12:09:42.520+0530][gc,phases     ] GC(7)   Post Evacuate Collection Set: 0.4ms
[2023-09-09T12:09:42.520+0530][gc,phases     ] GC(7)   Other: 0.3ms
[2023-09-09T12:09:42.520+0530][gc,heap       ] GC(7) Eden regions: 48->0(48)
[2023-09-09T12:09:42.520+0530][gc,heap       ] GC(7) Survivor regions: 3->3(7)
[2023-09-09T12:09:42.520+0530][gc,heap       ] GC(7) Old regions: 9->9
[2023-09-09T12:09:42.520+0530][gc,heap       ] GC(7) Humongous regions: 21->21
[2023-09-09T12:09:42.520+0530][gc,metaspace  ] GC(7) Metaspace: 30986K(32256K)->30986K(32256K) NonClass: 27468K(28160K)->27468K(28160K) Class: 3518K(4096K)->3518K(4096K)
[2023-09-09T12:09:42.520+0530][gc            ] GC(7) Pause Young (Normal) (G1 Evacuation Pause) 80M->32M(1024M) 23.011ms
[2023-09-09T12:09:42.520+0530][gc,cpu        ] GC(7) User=0.03s Sys=0.00s Real=0.02s
[2023-09-09T12:09:43.537+0530][gc,start      ] GC(8) Pause Young (Concurrent Start) (Metadata GC Threshold)
[2023-09-09T12:09:43.537+0530][gc,task       ] GC(8) Using 1 workers of 1 for evacuation
[2023-09-09T12:09:43.561+0530][gc,mmu        ] GC(8) MMU target violated: 21.0ms (20.0ms/21.0ms)
[2023-09-09T12:09:43.561+0530][gc,phases     ] GC(8)   Pre Evacuate Collection Set: 0.1ms
[2023-09-09T12:09:43.561+0530][gc,phases     ] GC(8)   Evacuate Collection Set: 23.6ms
[2023-09-09T12:09:43.561+0530][gc,phases     ] GC(8)   Post Evacuate Collection Set: 0.4ms
[2023-09-09T12:09:43.562+0530][gc,phases     ] GC(8)   Other: 0.4ms
[2023-09-09T12:09:43.562+0530][gc,heap       ] GC(8) Eden regions: 43->0(46)
[2023-09-09T12:09:43.562+0530][gc,heap       ] GC(8) Survivor regions: 3->5(7)
[2023-09-09T12:09:43.562+0530][gc,heap       ] GC(8) Old regions: 9->9
[2023-09-09T12:09:43.562+0530][gc,heap       ] GC(8) Humongous regions: 21->9
[2023-09-09T12:09:43.562+0530][gc,metaspace  ] GC(8) Metaspace: 34544K(35840K)->34544K(35840K) NonClass: 30733K(31488K)->30733K(31488K) Class: 3811K(4352K)->3811K(4352K)
[2023-09-09T12:09:43.562+0530][gc            ] GC(8) Pause Young (Concurrent Start) (Metadata GC Threshold) 74M->22M(1024M) 24.639ms
[2023-09-09T12:09:43.562+0530][gc,cpu        ] GC(8) User=0.02s Sys=0.00s Real=0.03s
[2023-09-09T12:09:43.562+0530][gc            ] GC(9) Concurrent Cycle
[2023-09-09T12:09:43.562+0530][gc,marking    ] GC(9) Concurrent Clear Claimed Marks
[2023-09-09T12:09:43.562+0530][gc,marking    ] GC(9) Concurrent Clear Claimed Marks 0.120ms
[2023-09-09T12:09:43.562+0530][gc,marking    ] GC(9) Concurrent Scan Root Regions
[2023-09-09T12:09:43.591+0530][gc,marking    ] GC(9) Concurrent Scan Root Regions 29.059ms
[2023-09-09T12:09:43.591+0530][gc,marking    ] GC(9) Concurrent Mark (11.708s)
[2023-09-09T12:09:43.591+0530][gc,marking    ] GC(9) Concurrent Mark From Roots
[2023-09-09T12:09:43.591+0530][gc,task       ] GC(9) Using 1 workers of 1 for marking
[2023-09-09T12:09:43.679+0530][gc,marking    ] GC(9) Concurrent Mark From Roots 88.333ms
[2023-09-09T12:09:43.679+0530][gc,marking    ] GC(9) Concurrent Preclean
[2023-09-09T12:09:43.679+0530][gc,marking    ] GC(9) Concurrent Preclean 0.098ms
[2023-09-09T12:09:43.679+0530][gc,marking    ] GC(9) Concurrent Mark (11.708s, 11.797s) 88.512ms
[2023-09-09T12:09:43.682+0530][gc,start      ] GC(9) Pause Remark
[2023-09-09T12:09:43.692+0530][gc,stringtable] GC(9) Cleaned string and symbol table, strings: 13378 processed, 14 removed, symbols: 85296 processed, 25 removed
[2023-09-09T12:09:43.692+0530][gc            ] GC(9) Pause Remark 27M->27M(1024M) 10.038ms
[2023-09-09T12:09:43.692+0530][gc,cpu        ] GC(9) User=0.01s Sys=0.00s Real=0.01s
[2023-09-09T12:09:43.694+0530][gc,marking    ] GC(9) Concurrent Rebuild Remembered Sets
[2023-09-09T12:09:43.762+0530][gc,marking    ] GC(9) Concurrent Rebuild Remembered Sets 68.172ms
[2023-09-09T12:09:43.762+0530][gc,start      ] GC(9) Pause Cleanup
[2023-09-09T12:09:43.762+0530][gc            ] GC(9) Pause Cleanup 28M->28M(1024M) 0.228ms
[2023-09-09T12:09:43.762+0530][gc,cpu        ] GC(9) User=0.00s Sys=0.00s Real=0.00s
[2023-09-09T12:09:43.762+0530][gc,marking    ] GC(9) Concurrent Cleanup for Next Mark
[2023-09-09T12:09:43.845+0530][gc,marking    ] GC(9) Concurrent Cleanup for Next Mark 82.824ms
[2023-09-09T12:09:43.845+0530][gc            ] GC(9) Concurrent Cycle 283.630ms
[2023-09-09T12:10:03.434+0530][gc,start      ] GC(10) Pause Young (Concurrent Start) (G1 Evacuation Pause)
[2023-09-09T12:10:03.434+0530][gc,task       ] GC(10) Using 1 workers of 1 for evacuation
[2023-09-09T12:10:03.507+0530][gc,mmu        ] GC(10) MMU target violated: 21.0ms (20.0ms/21.0ms)
[2023-09-09T12:10:03.507+0530][gc,phases     ] GC(10)   Pre Evacuate Collection Set: 0.2ms
[2023-09-09T12:10:03.507+0530][gc,phases     ] GC(10)   Evacuate Collection Set: 70.4ms
[2023-09-09T12:10:03.507+0530][gc,phases     ] GC(10)   Post Evacuate Collection Set: 1.7ms
[2023-09-09T12:10:03.507+0530][gc,phases     ] GC(10)   Other: 0.4ms
[2023-09-09T12:10:03.507+0530][gc,heap       ] GC(10) Eden regions: 46->0(45)
[2023-09-09T12:10:03.507+0530][gc,heap       ] GC(10) Survivor regions: 5->6(7)
[2023-09-09T12:10:03.507+0530][gc,heap       ] GC(10) Old regions: 9->10
[2023-09-09T12:10:03.507+0530][gc,heap       ] GC(10) Humongous regions: 138->138
[2023-09-09T12:10:03.507+0530][gc,metaspace  ] GC(10) Metaspace: 37753K(39372K)->37753K(39372K) NonClass: 33576K(34508K)->33576K(34508K) Class: 4177K(4864K)->4177K(4864K)
[2023-09-09T12:10:03.507+0530][gc            ] GC(10) Pause Young (Concurrent Start) (G1 Evacuation Pause) 197M->153M(1024M) 72.696ms
[2023-09-09T12:10:03.507+0530][gc,cpu        ] GC(10) User=0.07s Sys=0.00s Real=0.08s
[2023-09-09T12:10:03.507+0530][gc            ] GC(11) Concurrent Cycle
[2023-09-09T12:10:03.507+0530][gc,marking    ] GC(11) Concurrent Clear Claimed Marks
[2023-09-09T12:10:03.507+0530][gc,marking    ] GC(11) Concurrent Clear Claimed Marks 0.146ms
[2023-09-09T12:10:03.507+0530][gc,marking    ] GC(11) Concurrent Scan Root Regions
[2023-09-09T12:10:03.524+0530][gc,marking    ] GC(11) Concurrent Scan Root Regions 16.742ms
[2023-09-09T12:10:03.524+0530][gc,marking    ] GC(11) Concurrent Mark (31.641s)
[2023-09-09T12:10:03.524+0530][gc,marking    ] GC(11) Concurrent Mark From Roots
[2023-09-09T12:10:03.524+0530][gc,task       ] GC(11) Using 1 workers of 1 for marking
[2023-09-09T12:10:03.614+0530][gc,marking    ] GC(11) Concurrent Mark From Roots 89.805ms
[2023-09-09T12:10:03.614+0530][gc,marking    ] GC(11) Concurrent Preclean
[2023-09-09T12:10:03.614+0530][gc,marking    ] GC(11) Concurrent Preclean 0.128ms
[2023-09-09T12:10:03.614+0530][gc,marking    ] GC(11) Concurrent Mark (31.641s, 31.731s) 90.030ms
[2023-09-09T12:10:03.624+0530][gc,start      ] GC(11) Pause Remark
[2023-09-09T12:10:03.639+0530][gc,stringtable] GC(11) Cleaned string and symbol table, strings: 14507 processed, 2 removed, symbols: 87950 processed, 3 removed
[2023-09-09T12:10:03.640+0530][gc            ] GC(11) Pause Remark 155M->155M(1024M) 15.929ms
[2023-09-09T12:10:03.640+0530][gc,cpu        ] GC(11) User=0.01s Sys=0.00s Real=0.02s
[2023-09-09T12:10:03.641+0530][gc,marking    ] GC(11) Concurrent Rebuild Remembered Sets
[2023-09-09T12:10:03.719+0530][gc,marking    ] GC(11) Concurrent Rebuild Remembered Sets 78.145ms
[2023-09-09T12:10:03.720+0530][gc,start      ] GC(11) Pause Cleanup
[2023-09-09T12:10:03.720+0530][gc            ] GC(11) Pause Cleanup 156M->156M(1024M) 0.242ms
[2023-09-09T12:10:03.720+0530][gc,cpu        ] GC(11) User=0.00s Sys=0.00s Real=0.00s
[2023-09-09T12:10:03.720+0530][gc,marking    ] GC(11) Concurrent Cleanup for Next Mark
[2023-09-09T12:10:03.729+0530][gc,marking    ] GC(11) Concurrent Cleanup for Next Mark 9.045ms
[2023-09-09T12:10:03.729+0530][gc            ] GC(11) Concurrent Cycle 222.154ms
[2023-09-09T12:19:03.781+0530][gc,start      ] GC(12) Pause Young (Normal) (G1 Evacuation Pause)
[2023-09-09T12:19:03.781+0530][gc,task       ] GC(12) Using 1 workers of 1 for evacuation
[2023-09-09T12:19:03.818+0530][gc,mmu        ] GC(12) MMU target violated: 21.0ms (20.0ms/21.0ms)
[2023-09-09T12:19:03.818+0530][gc,phases     ] GC(12)   Pre Evacuate Collection Set: 0.0ms
[2023-09-09T12:19:03.818+0530][gc,phases     ] GC(12)   Evacuate Collection Set: 36.0ms
[2023-09-09T12:19:03.818+0530][gc,phases     ] GC(12)   Post Evacuate Collection Set: 0.9ms
[2023-09-09T12:19:03.818+0530][gc,phases     ] GC(12)   Other: 0.3ms
[2023-09-09T12:19:03.818+0530][gc,heap       ] GC(12) Eden regions: 45->0(47)
[2023-09-09T12:19:03.818+0530][gc,heap       ] GC(12) Survivor regions: 6->4(7)
[2023-09-09T12:19:03.818+0530][gc,heap       ] GC(12) Old regions: 10->13
[2023-09-09T12:19:03.818+0530][gc,heap       ] GC(12) Humongous regions: 177->147
[2023-09-09T12:19:03.818+0530][gc,metaspace  ] GC(12) Metaspace: 40412K(42444K)->40412K(42444K) NonClass: 35753K(36812K)->35753K(36812K) Class: 4658K(5632K)->4658K(5632K)
[2023-09-09T12:19:03.818+0530][gc            ] GC(12) Pause Young (Normal) (G1 Evacuation Pause) 237M->163M(1024M) 37.454ms
[2023-09-09T12:19:03.818+0530][gc,cpu        ] GC(12) User=0.04s Sys=0.00s Real=0.04s
[2023-09-09T12:32:03.568+0530][gc,start      ] GC(13) Pause Young (Normal) (G1 Evacuation Pause)
[2023-09-09T12:32:03.568+0530][gc,task       ] GC(13) Using 1 workers of 1 for evacuation
[2023-09-09T12:32:03.610+0530][gc,mmu        ] GC(13) MMU target violated: 21.0ms (20.0ms/21.0ms)
[2023-09-09T12:32:03.610+0530][gc,phases     ] GC(13)   Pre Evacuate Collection Set: 0.1ms
[2023-09-09T12:32:03.610+0530][gc,phases     ] GC(13)   Evacuate Collection Set: 40.1ms
[2023-09-09T12:32:03.610+0530][gc,phases     ] GC(13)   Post Evacuate Collection Set: 1.1ms
[2023-09-09T12:32:03.610+0530][gc,phases     ] GC(13)   Other: 0.6ms
[2023-09-09T12:32:03.610+0530][gc,heap       ] GC(13) Eden regions: 47->0(47)
[2023-09-09T12:32:03.610+0530][gc,heap       ] GC(13) Survivor regions: 4->4(7)
[2023-09-09T12:32:03.610+0530][gc,heap       ] GC(13) Old regions: 13->13
[2023-09-09T12:32:03.610+0530][gc,heap       ] GC(13) Humongous regions: 147->147
[2023-09-09T12:32:03.610+0530][gc,metaspace  ] GC(13) Metaspace: 40851K(43084K)->40851K(43084K) NonClass: 36083K(37324K)->36083K(37324K) Class: 4767K(5760K)->4767K(5760K)
[2023-09-09T12:32:03.610+0530][gc            ] GC(13) Pause Young (Normal) (G1 Evacuation Pause) 210M->164M(1024M) 42.072ms
[2023-09-09T12:32:03.610+0530][gc,cpu        ] GC(13) User=0.04s Sys=0.00s Real=0.04s
[2023-09-09T12:46:26.505+0530][gc,start      ] GC(14) Pause Young (Normal) (G1 Evacuation Pause)
[2023-09-09T12:46:26.505+0530][gc,task       ] GC(14) Using 1 workers of 1 for evacuation
[2023-09-09T12:46:26.548+0530][gc,mmu        ] GC(14) MMU target violated: 21.0ms (20.0ms/21.0ms)
[2023-09-09T12:46:26.548+0530][gc,phases     ] GC(14)   Pre Evacuate Collection Set: 0.1ms
[2023-09-09T12:46:26.548+0530][gc,phases     ] GC(14)   Evacuate Collection Set: 41.3ms
[2023-09-09T12:46:26.548+0530][gc,phases     ] GC(14)   Post Evacuate Collection Set: 0.9ms
[2023-09-09T12:46:26.548+0530][gc,phases     ] GC(14)   Other: 0.6ms
[2023-09-09T12:46:26.548+0530][gc,heap       ] GC(14) Eden regions: 47->0(48)
[2023-09-09T12:46:26.548+0530][gc,heap       ] GC(14) Survivor regions: 4->3(7)
[2023-09-09T12:46:26.548+0530][gc,heap       ] GC(14) Old regions: 13->15
[2023-09-09T12:46:26.548+0530][gc,heap       ] GC(14) Humongous regions: 147->147
[2023-09-09T12:46:26.548+0530][gc,metaspace  ] GC(14) Metaspace: 40899K(43084K)->40899K(43084K) NonClass: 36131K(37324K)->36131K(37324K) Class: 4767K(5760K)->4767K(5760K)
[2023-09-09T12:46:26.548+0530][gc            ] GC(14) Pause Young (Normal) (G1 Evacuation Pause) 211M->164M(1024M) 43.114ms
[2023-09-09T12:46:26.548+0530][gc,cpu        ] GC(14) User=0.05s Sys=0.00s Real=0.05s
[2023-09-09T13:00:36.862+0530][gc,start      ] GC(15) Pause Young (Normal) (G1 Evacuation Pause)
[2023-09-09T13:00:36.862+0530][gc,task       ] GC(15) Using 1 workers of 1 for evacuation
[2023-09-09T13:00:36.881+0530][gc,phases     ] GC(15)   Pre Evacuate Collection Set: 0.0ms
[2023-09-09T13:00:36.881+0530][gc,phases     ] GC(15)   Evacuate Collection Set: 18.2ms
[2023-09-09T13:00:36.881+0530][gc,phases     ] GC(15)   Post Evacuate Collection Set: 0.4ms
[2023-09-09T13:00:36.881+0530][gc,phases     ] GC(15)   Other: 0.3ms
[2023-09-09T13:00:36.881+0530][gc,heap       ] GC(15) Eden regions: 48->0(48)
[2023-09-09T13:00:36.881+0530][gc,heap       ] GC(15) Survivor regions: 3->3(7)
[2023-09-09T13:00:36.881+0530][gc,heap       ] GC(15) Old regions: 15->15
[2023-09-09T13:00:36.881+0530][gc,heap       ] GC(15) Humongous regions: 147->147
[2023-09-09T13:00:36.881+0530][gc,metaspace  ] GC(15) Metaspace: 41359K(43468K)->41359K(43468K) NonClass: 36507K(37580K)->36507K(37580K) Class: 4852K(5888K)->4852K(5888K)
[2023-09-09T13:00:36.881+0530][gc            ] GC(15) Pause Young (Normal) (G1 Evacuation Pause) 212M->164M(1024M) 19.035ms
[2023-09-09T13:00:36.881+0530][gc,cpu        ] GC(15) User=0.02s Sys=0.00s Real=0.02s
[2023-09-09T13:15:18.781+0530][gc,start      ] GC(16) Pause Young (Normal) (G1 Evacuation Pause)
[2023-09-09T13:15:18.781+0530][gc,task       ] GC(16) Using 1 workers of 1 for evacuation
[2023-09-09T13:15:18.793+0530][gc,phases     ] GC(16)   Pre Evacuate Collection Set: 0.0ms
[2023-09-09T13:15:18.793+0530][gc,phases     ] GC(16)   Evacuate Collection Set: 11.9ms
[2023-09-09T13:15:18.793+0530][gc,phases     ] GC(16)   Post Evacuate Collection Set: 0.3ms
[2023-09-09T13:15:18.793+0530][gc,phases     ] GC(16)   Other: 0.1ms
[2023-09-09T13:15:18.793+0530][gc,heap       ] GC(16) Eden regions: 48->0(46)
[2023-09-09T13:15:18.793+0530][gc,heap       ] GC(16) Survivor regions: 3->5(7)
[2023-09-09T13:15:18.793+0530][gc,heap       ] GC(16) Old regions: 15->15
[2023-09-09T13:15:18.793+0530][gc,heap       ] GC(16) Humongous regions: 147->147
[2023-09-09T13:15:18.793+0530][gc,metaspace  ] GC(16) Metaspace: 41532K(43724K)->41532K(43724K) NonClass: 36651K(37836K)->36651K(37836K) Class: 4881K(5888K)->4881K(5888K)
[2023-09-09T13:15:18.793+0530][gc            ] GC(16) Pause Young (Normal) (G1 Evacuation Pause) 212M->166M(1024M) 12.367ms
[2023-09-09T13:15:18.793+0530][gc,cpu        ] GC(16) User=0.01s Sys=0.00s Real=0.01s
[2023-09-09T13:29:53.781+0530][gc,start      ] GC(17) Pause Young (Normal) (G1 Evacuation Pause)
[2023-09-09T13:29:53.782+0530][gc,task       ] GC(17) Using 1 workers of 1 for evacuation
[2023-09-09T13:29:53.793+0530][gc,phases     ] GC(17)   Pre Evacuate Collection Set: 0.0ms
[2023-09-09T13:29:53.793+0530][gc,phases     ] GC(17)   Evacuate Collection Set: 11.3ms
[2023-09-09T13:29:53.793+0530][gc,phases     ] GC(17)   Post Evacuate Collection Set: 0.3ms
[2023-09-09T13:29:53.793+0530][gc,phases     ] GC(17)   Other: 0.2ms
[2023-09-09T13:29:53.793+0530][gc,heap       ] GC(17) Eden regions: 46->0(47)
[2023-09-09T13:29:53.793+0530][gc,heap       ] GC(17) Survivor regions: 5->4(7)
[2023-09-09T13:29:53.793+0530][gc,heap       ] GC(17) Old regions: 15->16
[2023-09-09T13:29:53.793+0530][gc,heap       ] GC(17) Humongous regions: 147->147
[2023-09-09T13:29:53.793+0530][gc,metaspace  ] GC(17) Metaspace: 41540K(43724K)->41540K(43724K) NonClass: 36659K(37836K)->36659K(37836K) Class: 4881K(5888K)->4881K(5888K)
[2023-09-09T13:29:53.793+0530][gc            ] GC(17) Pause Young (Normal) (G1 Evacuation Pause) 212M->166M(1024M) 11.798ms
[2023-09-09T13:29:53.793+0530][gc,cpu        ] GC(17) User=0.01s Sys=0.00s Real=0.01s
[2023-09-09T13:44:43.781+0530][gc,start      ] GC(18) Pause Young (Normal) (G1 Evacuation Pause)
[2023-09-09T13:44:43.781+0530][gc,task       ] GC(18) Using 1 workers of 1 for evacuation
[2023-09-09T13:44:43.790+0530][gc,phases     ] GC(18)   Pre Evacuate Collection Set: 0.0ms
[2023-09-09T13:44:43.790+0530][gc,phases     ] GC(18)   Evacuate Collection Set: 8.8ms
[2023-09-09T13:44:43.790+0530][gc,phases     ] GC(18)   Post Evacuate Collection Set: 0.3ms
[2023-09-09T13:44:43.790+0530][gc,phases     ] GC(18)   Other: 0.2ms
[2023-09-09T13:44:43.790+0530][gc,heap       ] GC(18) Eden regions: 47->0(47)
[2023-09-09T13:44:43.790+0530][gc,heap       ] GC(18) Survivor regions: 4->4(7)
[2023-09-09T13:44:43.790+0530][gc,heap       ] GC(18) Old regions: 16->16
[2023-09-09T13:44:43.790+0530][gc,heap       ] GC(18) Humongous regions: 147->147
[2023-09-09T13:44:43.790+0530][gc,metaspace  ] GC(18) Metaspace: 41562K(43724K)->41562K(43724K) NonClass: 36681K(37836K)->36681K(37836K) Class: 4881K(5888K)->4881K(5888K)
[2023-09-09T13:44:43.791+0530][gc            ] GC(18) Pause Young (Normal) (G1 Evacuation Pause) 213M->166M(1024M) 9.349ms
[2023-09-09T13:44:43.791+0530][gc,cpu        ] GC(18) User=0.00s Sys=0.00s Real=0.01s
[2023-09-09T13:59:34.483+0530][gc,start      ] GC(19) Pause Young (Normal) (G1 Evacuation Pause)
[2023-09-09T13:59:34.483+0530][gc,task       ] GC(19) Using 1 workers of 1 for evacuation
[2023-09-09T13:59:34.492+0530][gc,phases     ] GC(19)   Pre Evacuate Collection Set: 0.0ms
[2023-09-09T13:59:34.492+0530][gc,phases     ] GC(19)   Evacuate Collection Set: 8.7ms
[2023-09-09T13:59:34.492+0530][gc,phases     ] GC(19)   Post Evacuate Collection Set: 0.2ms
[2023-09-09T13:59:34.492+0530][gc,phases     ] GC(19)   Other: 0.2ms
[2023-09-09T13:59:34.492+0530][gc,heap       ] GC(19) Eden regions: 47->0(47)
[2023-09-09T13:59:34.492+0530][gc,heap       ] GC(19) Survivor regions: 4->4(7)
[2023-09-09T13:59:34.492+0530][gc,heap       ] GC(19) Old regions: 16->16
[2023-09-09T13:59:34.492+0530][gc,heap       ] GC(19) Humongous regions: 147->147
[2023-09-09T13:59:34.492+0530][gc,metaspace  ] GC(19) Metaspace: 41583K(43724K)->41583K(43724K) NonClass: 36702K(37836K)->36702K(37836K) Class: 4881K(5888K)->4881K(5888K)
[2023-09-09T13:59:34.492+0530][gc            ] GC(19) Pause Young (Normal) (G1 Evacuation Pause) 213M->166M(1024M) 9.140ms
[2023-09-09T13:59:34.492+0530][gc,cpu        ] GC(19) User=0.01s Sys=0.00s Real=0.01s
[2023-09-09T14:14:03.130+0530][gc,start      ] GC(20) Pause Young (Normal) (G1 Evacuation Pause)
[2023-09-09T14:14:03.130+0530][gc,task       ] GC(20) Using 1 workers of 1 for evacuation
[2023-09-09T14:14:03.169+0530][gc,mmu        ] GC(20) MMU target violated: 21.0ms (20.0ms/21.0ms)
[2023-09-09T14:14:03.169+0530][gc,phases     ] GC(20)   Pre Evacuate Collection Set: 0.1ms
[2023-09-09T14:14:03.169+0530][gc,phases     ] GC(20)   Evacuate Collection Set: 37.5ms
[2023-09-09T14:14:03.169+0530][gc,phases     ] GC(20)   Post Evacuate Collection Set: 0.6ms
[2023-09-09T14:14:03.169+0530][gc,phases     ] GC(20)   Other: 0.6ms
[2023-09-09T14:14:03.169+0530][gc,heap       ] GC(20) Eden regions: 47->0(47)
[2023-09-09T14:14:03.169+0530][gc,heap       ] GC(20) Survivor regions: 4->4(7)
[2023-09-09T14:14:03.169+0530][gc,heap       ] GC(20) Old regions: 16->16
[2023-09-09T14:14:03.169+0530][gc,heap       ] GC(20) Humongous regions: 147->147
[2023-09-09T14:14:03.169+0530][gc,metaspace  ] GC(20) Metaspace: 41596K(43724K)->41596K(43724K) NonClass: 36715K(37836K)->36715K(37836K) Class: 4881K(5888K)->4881K(5888K)
[2023-09-09T14:14:03.169+0530][gc            ] GC(20) Pause Young (Normal) (G1 Evacuation Pause) 213M->166M(1024M) 39.202ms
[2023-09-09T14:14:03.170+0530][gc,cpu        ] GC(20) User=0.03s Sys=0.00s Real=0.04s
[2023-09-09T14:28:55.087+0530][gc,start      ] GC(21) Pause Young (Normal) (G1 Evacuation Pause)
[2023-09-09T14:28:55.087+0530][gc,task       ] GC(21) Using 1 workers of 1 for evacuation
[2023-09-09T14:28:55.124+0530][gc,mmu        ] GC(21) MMU target violated: 21.0ms (20.0ms/21.0ms)
[2023-09-09T14:28:55.124+0530][gc,phases     ] GC(21)   Pre Evacuate Collection Set: 0.1ms
[2023-09-09T14:28:55.124+0530][gc,phases     ] GC(21)   Evacuate Collection Set: 36.0ms
[2023-09-09T14:28:55.124+0530][gc,phases     ] GC(21)   Post Evacuate Collection Set: 0.7ms
[2023-09-09T14:28:55.124+0530][gc,phases     ] GC(21)   Other: 0.6ms
[2023-09-09T14:28:55.124+0530][gc,heap       ] GC(21) Eden regions: 47->0(47)
[2023-09-09T14:28:55.124+0530][gc,heap       ] GC(21) Survivor regions: 4->4(7)
[2023-09-09T14:28:55.124+0530][gc,heap       ] GC(21) Old regions: 16->16
[2023-09-09T14:28:55.124+0530][gc,heap       ] GC(21) Humongous regions: 147->147
[2023-09-09T14:28:55.124+0530][gc,metaspace  ] GC(21) Metaspace: 41641K(43980K)->41641K(43980K) NonClass: 36760K(38092K)->36760K(38092K) Class: 4881K(5888K)->4881K(5888K)
[2023-09-09T14:28:55.124+0530][gc            ] GC(21) Pause Young (Normal) (G1 Evacuation Pause) 213M->166M(1024M) 37.550ms
[2023-09-09T14:28:55.124+0530][gc,cpu        ] GC(21) User=0.04s Sys=0.00s Real=0.03s
[2023-09-09T14:43:58.781+0530][gc,start      ] GC(22) Pause Young (Normal) (G1 Evacuation Pause)
[2023-09-09T14:43:58.781+0530][gc,task       ] GC(22) Using 1 workers of 1 for evacuation
[2023-09-09T14:43:58.800+0530][gc,phases     ] GC(22)   Pre Evacuate Collection Set: 0.0ms
[2023-09-09T14:43:58.800+0530][gc,phases     ] GC(22)   Evacuate Collection Set: 18.3ms
[2023-09-09T14:43:58.800+0530][gc,phases     ] GC(22)   Post Evacuate Collection Set: 0.4ms
[2023-09-09T14:43:58.800+0530][gc,phases     ] GC(22)   Other: 0.2ms
[2023-09-09T14:43:58.800+0530][gc,heap       ] GC(22) Eden regions: 47->0(47)
[2023-09-09T14:43:58.800+0530][gc,heap       ] GC(22) Survivor regions: 4->4(7)
[2023-09-09T14:43:58.800+0530][gc,heap       ] GC(22) Old regions: 16->16
[2023-09-09T14:43:58.800+0530][gc,heap       ] GC(22) Humongous regions: 147->147
[2023-09-09T14:43:58.800+0530][gc,metaspace  ] GC(22) Metaspace: 41645K(43980K)->41645K(43980K) NonClass: 36764K(38092K)->36764K(38092K) Class: 4881K(5888K)->4881K(5888K)
[2023-09-09T14:43:58.800+0530][gc            ] GC(22) Pause Young (Normal) (G1 Evacuation Pause) 213M->166M(1024M) 19.095ms
[2023-09-09T14:43:58.800+0530][gc,cpu        ] GC(22) User=0.02s Sys=0.00s Real=0.02s
[2023-09-09T14:58:59.092+0530][gc,start      ] GC(23) Pause Young (Normal) (G1 Evacuation Pause)
[2023-09-09T14:58:59.092+0530][gc,task       ] GC(23) Using 1 workers of 1 for evacuation
[2023-09-09T14:58:59.101+0530][gc,phases     ] GC(23)   Pre Evacuate Collection Set: 0.0ms
[2023-09-09T14:58:59.101+0530][gc,phases     ] GC(23)   Evacuate Collection Set: 9.0ms
[2023-09-09T14:58:59.101+0530][gc,phases     ] GC(23)   Post Evacuate Collection Set: 0.4ms
[2023-09-09T14:58:59.101+0530][gc,phases     ] GC(23)   Other: 0.2ms
[2023-09-09T14:58:59.101+0530][gc,heap       ] GC(23) Eden regions: 47->0(47)
[2023-09-09T14:58:59.101+0530][gc,heap       ] GC(23) Survivor regions: 4->4(7)
[2023-09-09T14:58:59.101+0530][gc,heap       ] GC(23) Old regions: 16->16
[2023-09-09T14:58:59.101+0530][gc,heap       ] GC(23) Humongous regions: 147->147
[2023-09-09T14:58:59.101+0530][gc,metaspace  ] GC(23) Metaspace: 41648K(43980K)->41648K(43980K) NonClass: 36767K(38092K)->36767K(38092K) Class: 4881K(5888K)->4881K(5888K)
[2023-09-09T14:58:59.101+0530][gc            ] GC(23) Pause Young (Normal) (G1 Evacuation Pause) 213M->166M(1024M) 9.652ms
[2023-09-09T14:58:59.101+0530][gc,cpu        ] GC(23) User=0.01s Sys=0.00s Real=0.01s
[2023-09-09T15:13:32.759+0530][gc,start      ] GC(24) Pause Young (Normal) (G1 Evacuation Pause)
[2023-09-09T15:13:32.759+0530][gc,task       ] GC(24) Using 1 workers of 1 for evacuation
[2023-09-09T15:13:32.768+0530][gc,phases     ] GC(24)   Pre Evacuate Collection Set: 0.0ms
[2023-09-09T15:13:32.768+0530][gc,phases     ] GC(24)   Evacuate Collection Set: 8.9ms
[2023-09-09T15:13:32.768+0530][gc,phases     ] GC(24)   Post Evacuate Collection Set: 0.2ms
[2023-09-09T15:13:32.768+0530][gc,phases     ] GC(24)   Other: 0.1ms
[2023-09-09T15:13:32.768+0530][gc,heap       ] GC(24) Eden regions: 47->0(47)
[2023-09-09T15:13:32.768+0530][gc,heap       ] GC(24) Survivor regions: 4->4(7)
[2023-09-09T15:13:32.768+0530][gc,heap       ] GC(24) Old regions: 16->16
[2023-09-09T15:13:32.768+0530][gc,heap       ] GC(24) Humongous regions: 147->147
[2023-09-09T15:13:32.768+0530][gc,metaspace  ] GC(24) Metaspace: 41653K(43980K)->41653K(43980K) NonClass: 36772K(38092K)->36772K(38092K) Class: 4881K(5888K)->4881K(5888K)
[2023-09-09T15:13:32.768+0530][gc            ] GC(24) Pause Young (Normal) (G1 Evacuation Pause) 213M->166M(1024M) 9.320ms
[2023-09-09T15:13:32.768+0530][gc,cpu        ] GC(24) User=0.01s Sys=0.00s Real=0.01s
[2023-09-09T15:28:49.331+0530][gc,start      ] GC(25) Pause Young (Normal) (G1 Evacuation Pause)
[2023-09-09T15:28:49.331+0530][gc,task       ] GC(25) Using 1 workers of 1 for evacuation
[2023-09-09T15:28:49.340+0530][gc,phases     ] GC(25)   Pre Evacuate Collection Set: 0.0ms
[2023-09-09T15:28:49.340+0530][gc,phases     ] GC(25)   Evacuate Collection Set: 8.8ms
[2023-09-09T15:28:49.340+0530][gc,phases     ] GC(25)   Post Evacuate Collection Set: 0.2ms
[2023-09-09T15:28:49.340+0530][gc,phases     ] GC(25)   Other: 0.2ms
[2023-09-09T15:28:49.340+0530][gc,heap       ] GC(25) Eden regions: 47->0(48)
[2023-09-09T15:28:49.340+0530][gc,heap       ] GC(25) Survivor regions: 4->4(7)
[2023-09-09T15:28:49.340+0530][gc,heap       ] GC(25) Old regions: 16->16
[2023-09-09T15:28:49.340+0530][gc,heap       ] GC(25) Humongous regions: 147->147
[2023-09-09T15:28:49.340+0530][gc,metaspace  ] GC(25) Metaspace: 41669K(43980K)->41669K(43980K) NonClass: 36788K(38092K)->36788K(38092K) Class: 4881K(5888K)->4881K(5888K)
[2023-09-09T15:28:49.340+0530][gc            ] GC(25) Pause Young (Normal) (G1 Evacuation Pause) 213M->166M(1024M) 9.240ms
[2023-09-09T15:28:49.340+0530][gc,cpu        ] GC(25) User=0.01s Sys=0.00s Real=0.01s
[2023-09-09T15:44:33.782+0530][gc,start      ] GC(26) Pause Young (Normal) (G1 Evacuation Pause)
[2023-09-09T15:44:33.782+0530][gc,task       ] GC(26) Using 1 workers of 1 for evacuation
[2023-09-09T15:44:33.819+0530][gc,mmu        ] GC(26) MMU target violated: 21.0ms (20.0ms/21.0ms)
[2023-09-09T15:44:33.819+0530][gc,phases     ] GC(26)   Pre Evacuate Collection Set: 0.1ms
[2023-09-09T15:44:33.819+0530][gc,phases     ] GC(26)   Evacuate Collection Set: 36.1ms
[2023-09-09T15:44:33.819+0530][gc,phases     ] GC(26)   Post Evacuate Collection Set: 0.7ms
[2023-09-09T15:44:33.819+0530][gc,phases     ] GC(26)   Other: 0.6ms
[2023-09-09T15:44:33.819+0530][gc,heap       ] GC(26) Eden regions: 48->0(47)
[2023-09-09T15:44:33.819+0530][gc,heap       ] GC(26) Survivor regions: 4->4(7)
[2023-09-09T15:44:33.819+0530][gc,heap       ] GC(26) Old regions: 16->16
[2023-09-09T15:44:33.819+0530][gc,heap       ] GC(26) Humongous regions: 147->147
[2023-09-09T15:44:33.819+0530][gc,metaspace  ] GC(26) Metaspace: 41671K(43980K)->41671K(43980K) NonClass: 36789K(38092K)->36789K(38092K) Class: 4881K(5888K)->4881K(5888K)
[2023-09-09T15:44:33.819+0530][gc            ] GC(26) Pause Young (Normal) (G1 Evacuation Pause) 214M->166M(1024M) 37.610ms
[2023-09-09T15:44:33.820+0530][gc,cpu        ] GC(26) User=0.04s Sys=0.00s Real=0.04s
[2023-09-09T15:56:48.782+0530][gc,start      ] GC(27) Pause Young (Normal) (G1 Evacuation Pause)
[2023-09-09T15:56:48.782+0530][gc,task       ] GC(27) Using 1 workers of 1 for evacuation
[2023-09-09T15:56:48.833+0530][gc,mmu        ] GC(27) MMU target violated: 21.0ms (20.0ms/21.0ms)
[2023-09-09T15:56:48.833+0530][gc,phases     ] GC(27)   Pre Evacuate Collection Set: 0.1ms
[2023-09-09T15:56:48.833+0530][gc,phases     ] GC(27)   Evacuate Collection Set: 50.0ms
[2023-09-09T15:56:48.833+0530][gc,phases     ] GC(27)   Post Evacuate Collection Set: 0.9ms
[2023-09-09T15:56:48.833+0530][gc,phases     ] GC(27)   Other: 0.7ms
[2023-09-09T15:56:48.833+0530][gc,heap       ] GC(27) Eden regions: 47->0(47)
[2023-09-09T15:56:48.833+0530][gc,heap       ] GC(27) Survivor regions: 4->4(7)
[2023-09-09T15:56:48.833+0530][gc,heap       ] GC(27) Old regions: 16->16
[2023-09-09T15:56:48.833+0530][gc,heap       ] GC(27) Humongous regions: 147->147
[2023-09-09T15:56:48.833+0530][gc,metaspace  ] GC(27) Metaspace: 42881K(45516K)->42881K(45516K) NonClass: 37707K(39116K)->37707K(39116K) Class: 5173K(6400K)->5173K(6400K)
[2023-09-09T15:56:48.834+0530][gc            ] GC(27) Pause Young (Normal) (G1 Evacuation Pause) 213M->166M(1024M) 51.833ms
[2023-09-09T15:56:48.834+0530][gc,cpu        ] GC(27) User=0.05s Sys=0.00s Real=0.05s
[2023-09-09T16:09:43.130+0530][gc,start      ] GC(28) Pause Young (Normal) (G1 Evacuation Pause)
[2023-09-09T16:09:43.130+0530][gc,task       ] GC(28) Using 1 workers of 1 for evacuation
[2023-09-09T16:09:43.141+0530][gc,phases     ] GC(28)   Pre Evacuate Collection Set: 0.0ms
[2023-09-09T16:09:43.141+0530][gc,phases     ] GC(28)   Evacuate Collection Set: 11.0ms
[2023-09-09T16:09:43.141+0530][gc,phases     ] GC(28)   Post Evacuate Collection Set: 0.3ms
[2023-09-09T16:09:43.141+0530][gc,phases     ] GC(28)   Other: 0.2ms
[2023-09-09T16:09:43.141+0530][gc,heap       ] GC(28) Eden regions: 47->0(47)
[2023-09-09T16:09:43.141+0530][gc,heap       ] GC(28) Survivor regions: 4->4(7)
[2023-09-09T16:09:43.141+0530][gc,heap       ] GC(28) Old regions: 16->17
[2023-09-09T16:09:43.141+0530][gc,heap       ] GC(28) Humongous regions: 147->147
[2023-09-09T16:09:43.141+0530][gc,metaspace  ] GC(28) Metaspace: 43276K(46028K)->43276K(46028K) NonClass: 38088K(39628K)->38088K(39628K) Class: 5187K(6400K)->5187K(6400K)
[2023-09-09T16:09:43.141+0530][gc            ] GC(28) Pause Young (Normal) (G1 Evacuation Pause) 213M->167M(1024M) 11.575ms
[2023-09-09T16:09:43.141+0530][gc,cpu        ] GC(28) User=0.01s Sys=0.00s Real=0.01s
[2023-09-09T16:24:45.668+0530][gc,start      ] GC(29) Pause Young (Normal) (G1 Evacuation Pause)
[2023-09-09T16:24:45.668+0530][gc,task       ] GC(29) Using 1 workers of 1 for evacuation
[2023-09-09T16:24:45.679+0530][gc,phases     ] GC(29)   Pre Evacuate Collection Set: 0.0ms
[2023-09-09T16:24:45.679+0530][gc,phases     ] GC(29)   Evacuate Collection Set: 10.1ms
[2023-09-09T16:24:45.679+0530][gc,phases     ] GC(29)   Post Evacuate Collection Set: 0.3ms
[2023-09-09T16:24:45.679+0530][gc,phases     ] GC(29)   Other: 0.2ms
[2023-09-09T16:24:45.679+0530][gc,heap       ] GC(29) Eden regions: 47->0(47)
[2023-09-09T16:24:45.679+0530][gc,heap       ] GC(29) Survivor regions: 4->4(7)
[2023-09-09T16:24:45.679+0530][gc,heap       ] GC(29) Old regions: 17->17
[2023-09-09T16:24:45.679+0530][gc,heap       ] GC(29) Humongous regions: 147->147
[2023-09-09T16:24:45.679+0530][gc,metaspace  ] GC(29) Metaspace: 43327K(46028K)->43327K(46028K) NonClass: 38139K(39628K)->38139K(39628K) Class: 5187K(6400K)->5187K(6400K)
[2023-09-09T16:24:45.679+0530][gc            ] GC(29) Pause Young (Normal) (G1 Evacuation Pause) 214M->167M(1024M) 10.706ms
[2023-09-09T16:24:45.679+0530][gc,cpu        ] GC(29) User=0.02s Sys=0.00s Real=0.01s
[2023-09-09T16:39:58.781+0530][gc,start      ] GC(30) Pause Young (Normal) (G1 Evacuation Pause)
[2023-09-09T16:39:58.781+0530][gc,task       ] GC(30) Using 1 workers of 1 for evacuation
[2023-09-09T16:39:58.801+0530][gc,phases     ] GC(30)   Pre Evacuate Collection Set: 0.0ms
[2023-09-09T16:39:58.801+0530][gc,phases     ] GC(30)   Evacuate Collection Set: 18.8ms
[2023-09-09T16:39:58.801+0530][gc,phases     ] GC(30)   Post Evacuate Collection Set: 0.4ms
[2023-09-09T16:39:58.801+0530][gc,phases     ] GC(30)   Other: 0.3ms
[2023-09-09T16:39:58.801+0530][gc,heap       ] GC(30) Eden regions: 47->0(48)
[2023-09-09T16:39:58.801+0530][gc,heap       ] GC(30) Survivor regions: 4->3(7)
[2023-09-09T16:39:58.801+0530][gc,heap       ] GC(30) Old regions: 17->18
[2023-09-09T16:39:58.801+0530][gc,heap       ] GC(30) Humongous regions: 147->147
[2023-09-09T16:39:58.801+0530][gc,metaspace  ] GC(30) Metaspace: 43389K(46028K)->43389K(46028K) NonClass: 38200K(39628K)->38200K(39628K) Class: 5188K(6400K)->5188K(6400K)
[2023-09-09T16:39:58.801+0530][gc            ] GC(30) Pause Young (Normal) (G1 Evacuation Pause) 214M->167M(1024M) 19.738ms
[2023-09-09T16:39:58.801+0530][gc,cpu        ] GC(30) User=0.02s Sys=0.00s Real=0.02s
[2023-09-09T16:51:58.267+0530][gc,heap,exit  ] Heap
[2023-09-09T16:51:58.267+0530][gc,heap,exit  ]  garbage-first heap   total 1048576K, used 226407K [0x00000000c0000000, 0x0000000100000000)
[2023-09-09T16:51:58.267+0530][gc,heap,exit  ]   region size 1024K, 50 young (51200K), 3 survivors (3072K)
[2023-09-09T16:51:58.267+0530][gc,heap,exit  ]  Metaspace       used 44101K, capacity 46755K, committed 46796K, reserved 1089536K
[2023-09-09T16:51:58.267+0530][gc,heap,exit  ]   class space    used 5387K, capacity 6649K, committed 6656K, reserved 1048576K
